2025-06-15 00:03:58.895 +02:00 [ERR] EntityList -> Address is 0;
2025-06-15 00:05:50.007 +02:00 [ERR] Object reference not set to an instance of an object.
2025-06-15 00:07:03.382 +02:00 [ERR] Object reference not set to an instance of an object.
2025-06-15 00:07:57.591 +02:00 [ERR] EntityList -> Address is 0;
2025-06-15 00:19:20.904 +02:00 [ERR] EntityList -> Address is 0;
2025-06-15 00:24:00.853 +02:00 [ERR] Unhandled exception (TaskScheduler.UnobservedTaskException) in program: System.AggregateException: A Task's exception(s) were not observed either by Waiting on the Task or accessing its Exception property. As a result, the unobserved exception was rethrown by the finalizer thread. (The remote server returned an error: (403) Forbidden.)
 ---> System.Net.WebException: The remote server returned an error: (403) Forbidden.
   at System.Net.HttpWebRequest.GetResponse()
   at System.Net.WebClient.GetWebResponse(WebRequest request)
   at System.Net.WebClient.OpenRead(Uri address)
   at AdvancedUberLabLayout.AdvancedUberLabLayoutCore.LoadData(DateTime data) in AdvancedUberLabLayout/AdvancedUberLabLayoutCore.cs:line 192
   at AdvancedUberLabLayout.AdvancedUberLabLayoutCore.LoadImage() in AdvancedUberLabLayout/AdvancedUberLabLayoutCore.cs:line 127
   --- End of inner exception stack trace ---
2025-06-15 00:24:00.854 +02:00 [ERR] Unhandled exception (TaskScheduler.UnobservedTaskException) in program: System.AggregateException: A Task's exception(s) were not observed either by Waiting on the Task or accessing its Exception property. As a result, the unobserved exception was rethrown by the finalizer thread. (The remote server returned an error: (403) Forbidden.)
 ---> System.Net.WebException: The remote server returned an error: (403) Forbidden.
   at System.Net.HttpWebRequest.GetResponse()
   at System.Net.WebClient.GetWebResponse(WebRequest request)
   at System.Net.WebClient.OpenRead(Uri address)
   at AdvancedUberLabLayout.AdvancedUberLabLayoutCore.LoadData(DateTime data) in AdvancedUberLabLayout/AdvancedUberLabLayoutCore.cs:line 192
   at AdvancedUberLabLayout.AdvancedUberLabLayoutCore.LoadImage() in AdvancedUberLabLayout/AdvancedUberLabLayoutCore.cs:line 127
   --- End of inner exception stack trace ---
2025-06-15 00:24:00.854 +02:00 [ERR] Unhandled exception (TaskScheduler.UnobservedTaskException) in program: System.AggregateException: A Task's exception(s) were not observed either by Waiting on the Task or accessing its Exception property. As a result, the unobserved exception was rethrown by the finalizer thread. (The remote server returned an error: (403) Forbidden.)
 ---> System.Net.WebException: The remote server returned an error: (403) Forbidden.
   at System.Net.HttpWebRequest.GetResponse()
   at System.Net.WebClient.GetWebResponse(WebRequest request)
   at System.Net.WebClient.OpenRead(Uri address)
   at AdvancedUberLabLayout.AdvancedUberLabLayoutCore.LoadData(DateTime data) in AdvancedUberLabLayout/AdvancedUberLabLayoutCore.cs:line 192
   at AdvancedUberLabLayout.AdvancedUberLabLayoutCore.LoadImage() in AdvancedUberLabLayout/AdvancedUberLabLayoutCore.cs:line 127
   --- End of inner exception stack trace ---
2025-06-15 00:35:11.023 +02:00 [ERR] Unhandled exception (TaskScheduler.UnobservedTaskException) in program: System.AggregateException: A Task's exception(s) were not observed either by Waiting on the Task or accessing its Exception property. As a result, the unobserved exception was rethrown by the finalizer thread. (The remote server returned an error: (403) Forbidden.)
 ---> System.Net.WebException: The remote server returned an error: (403) Forbidden.
   at System.Net.HttpWebRequest.GetResponse()
   at System.Net.WebClient.GetWebResponse(WebRequest request)
   at System.Net.WebClient.OpenRead(Uri address)
   at AdvancedUberLabLayout.AdvancedUberLabLayoutCore.LoadData(DateTime data) in AdvancedUberLabLayout/AdvancedUberLabLayoutCore.cs:line 192
   at AdvancedUberLabLayout.AdvancedUberLabLayoutCore.LoadImage() in AdvancedUberLabLayout/AdvancedUberLabLayoutCore.cs:line 127
   --- End of inner exception stack trace ---
2025-06-15 00:40:58.932 +02:00 [ERR] Object reference not set to an instance of an object.
2025-06-15 00:56:00.615 +02:00 [ERR] Unhandled exception (TaskScheduler.UnobservedTaskException) in program: System.AggregateException: A Task's exception(s) were not observed either by Waiting on the Task or accessing its Exception property. As a result, the unobserved exception was rethrown by the finalizer thread. (The remote server returned an error: (403) Forbidden.)
 ---> System.Net.WebException: The remote server returned an error: (403) Forbidden.
   at System.Net.HttpWebRequest.GetResponse()
   at System.Net.WebClient.GetWebResponse(WebRequest request)
   at System.Net.WebClient.OpenRead(Uri address)
   at AdvancedUberLabLayout.AdvancedUberLabLayoutCore.LoadData(DateTime data) in AdvancedUberLabLayout/AdvancedUberLabLayoutCore.cs:line 192
   at AdvancedUberLabLayout.AdvancedUberLabLayoutCore.LoadImage() in AdvancedUberLabLayout/AdvancedUberLabLayoutCore.cs:line 127
   --- End of inner exception stack trace ---
2025-06-15 01:22:38.435 +02:00 [ERR] 1 ActivateBuffIfNotPresent
2025-06-15 01:22:38.435 +02:00 [ERR] 4 ActivateBuffIfNotPresent
2025-06-15 01:23:12.998 +02:00 [ERR] Unhandled exception (TaskScheduler.UnobservedTaskException) in program: System.AggregateException: A Task's exception(s) were not observed either by Waiting on the Task or accessing its Exception property. As a result, the unobserved exception was rethrown by the finalizer thread. (The remote server returned an error: (403) Forbidden.)
 ---> System.Net.WebException: The remote server returned an error: (403) Forbidden.
   at System.Net.HttpWebRequest.GetResponse()
   at System.Net.WebClient.GetWebResponse(WebRequest request)
   at System.Net.WebClient.OpenRead(Uri address)
   at AdvancedUberLabLayout.AdvancedUberLabLayoutCore.LoadData(DateTime data) in AdvancedUberLabLayout/AdvancedUberLabLayoutCore.cs:line 192
   at AdvancedUberLabLayout.AdvancedUberLabLayoutCore.LoadImage() in AdvancedUberLabLayout/AdvancedUberLabLayoutCore.cs:line 127
   --- End of inner exception stack trace ---
2025-06-15 01:23:14.821 +02:00 [ERR] 1 ActivateBuffIfNotPresent
2025-06-15 01:23:14.821 +02:00 [ERR] 4 ActivateBuffIfNotPresent
2025-06-15 01:23:38.441 +02:00 [ERR] 1 ActivateBuffIfNotPresent
2025-06-15 01:23:38.441 +02:00 [ERR] 4 ActivateBuffIfNotPresent
2025-06-15 01:23:38.563 +02:00 [ERR] Buff already active
2025-06-15 01:23:39.776 +02:00 [ERR] Skill on cooldown
2025-06-15 01:24:09.465 +02:00 [ERR] 1 ActivateBuffIfNotPresent
2025-06-15 01:24:09.465 +02:00 [ERR] 4 ActivateBuffIfNotPresent
2025-06-15 01:24:09.465 +02:00 [ERR] Buff already active
2025-06-15 01:24:09.535 +02:00 [ERR] Skill on cooldown
2025-06-15 01:24:34.041 +02:00 [ERR] Skill on cooldown
2025-06-15 01:25:11.508 +02:00 [ERR] Skill on cooldown
2025-06-15 01:25:21.417 +02:00 [ERR] Skill on cooldown
2025-06-15 01:25:56.942 +02:00 [ERR] Skill on cooldown
2025-06-15 01:26:13.648 +02:00 [ERR] Object reference not set to an instance of an object.
2025-06-15 01:27:50.802 +02:00 [ERR] 1 ActivateBuffIfNotPresent
2025-06-15 01:27:50.802 +02:00 [ERR] 4 ActivateBuffIfNotPresent
2025-06-15 01:27:50.802 +02:00 [ERR] Buff already active
2025-06-15 01:27:50.939 +02:00 [ERR] Skill on cooldown
2025-06-15 01:28:07.925 +02:00 [ERR] Skill on cooldown
2025-06-15 01:28:24.919 +02:00 [ERR] Skill on cooldown
2025-06-15 01:28:43.869 +02:00 [ERR] Skill on cooldown
2025-06-15 01:29:09.470 +02:00 [ERR] Skill on cooldown
2025-06-15 01:29:48.066 +02:00 [ERR] Skill on cooldown
2025-06-15 01:30:25.703 +02:00 [ERR] Skill on cooldown
2025-06-15 01:30:51.680 +02:00 [ERR] Object reference not set to an instance of an object.
2025-06-15 01:31:30.142 +02:00 [ERR] 1 ActivateBuffIfNotPresent
2025-06-15 01:31:30.142 +02:00 [ERR] 4 ActivateBuffIfNotPresent
2025-06-15 01:31:30.212 +02:00 [ERR] Buff already active
2025-06-15 01:31:31.516 +02:00 [ERR] Skill on cooldown
2025-06-15 01:33:08.213 +02:00 [ERR] Skill on cooldown
2025-06-15 01:36:16.283 +02:00 [ERR] 1 ActivateBuffIfNotPresent
2025-06-15 01:36:16.283 +02:00 [ERR] 4 ActivateBuffIfNotPresent
2025-06-15 01:36:16.283 +02:00 [ERR] Buff already active
2025-06-15 01:36:16.354 +02:00 [ERR] Skill on cooldown
2025-06-15 01:37:09.954 +02:00 [ERR] Skill on cooldown
2025-06-15 01:37:18.828 +02:00 [ERR] Skill on cooldown
2025-06-15 01:38:24.972 +02:00 [ERR] Skill on cooldown
2025-06-15 01:39:19.623 +02:00 [ERR] 1 ActivateBuffIfNotPresent
2025-06-15 01:39:19.623 +02:00 [ERR] 4 ActivateBuffIfNotPresent
2025-06-15 01:39:19.691 +02:00 [ERR] Buff already active
2025-06-15 01:39:20.960 +02:00 [ERR] Skill on cooldown
2025-06-15 01:39:38.523 +02:00 [ERR] Buff already active
2025-06-15 01:40:02.077 +02:00 [ERR] Object reference not set to an instance of an object.
2025-06-15 01:41:01.756 +02:00 [ERR] Skill on cooldown
2025-06-15 01:45:48.913 +02:00 [ERR] Object reference not set to an instance of an object.
2025-06-15 01:48:18.345 +02:00 [ERR] Pickit, Close -> System.NullReferenceException: Object reference not set to an instance of an object.
   at PickIt.PickIt.OnPluginDestroyForHotReload()
   at ExileCore.Shared.PluginWrapper.Close()
2025-06-15 08:26:51.825 +02:00 [ERR] Unhandled exception (TaskScheduler.UnobservedTaskException) in program: System.AggregateException: A Task's exception(s) were not observed either by Waiting on the Task or accessing its Exception property. As a result, the unobserved exception was rethrown by the finalizer thread. (The remote server returned an error: (403) Forbidden.)
 ---> System.Net.WebException: The remote server returned an error: (403) Forbidden.
   at System.Net.HttpWebRequest.GetResponse()
   at System.Net.WebClient.GetWebResponse(WebRequest request)
   at System.Net.WebClient.OpenRead(Uri address)
   at AdvancedUberLabLayout.AdvancedUberLabLayoutCore.LoadData(DateTime data) in AdvancedUberLabLayout/AdvancedUberLabLayoutCore.cs:line 192
   at AdvancedUberLabLayout.AdvancedUberLabLayoutCore.LoadImage() in AdvancedUberLabLayout/AdvancedUberLabLayoutCore.cs:line 127
   --- End of inner exception stack trace ---
2025-06-15 08:26:51.828 +02:00 [ERR] Unhandled exception (TaskScheduler.UnobservedTaskException) in program: System.AggregateException: A Task's exception(s) were not observed either by Waiting on the Task or accessing its Exception property. As a result, the unobserved exception was rethrown by the finalizer thread. (The remote server returned an error: (403) Forbidden.)
 ---> System.Net.WebException: The remote server returned an error: (403) Forbidden.
   at System.Net.HttpWebRequest.GetResponse()
   at System.Net.WebClient.GetWebResponse(WebRequest request)
   at System.Net.WebClient.OpenRead(Uri address)
   at AdvancedUberLabLayout.AdvancedUberLabLayoutCore.LoadData(DateTime data) in AdvancedUberLabLayout/AdvancedUberLabLayoutCore.cs:line 192
   at AdvancedUberLabLayout.AdvancedUberLabLayoutCore.LoadImage() in AdvancedUberLabLayout/AdvancedUberLabLayoutCore.cs:line 127
   --- End of inner exception stack trace ---
2025-06-15 08:27:07.014 +02:00 [ERR] 1 ActivateBuffIfNotPresent
2025-06-15 08:27:07.014 +02:00 [ERR] 4 ActivateBuffIfNotPresent
2025-06-15 08:27:07.084 +02:00 [ERR] Buff already active
2025-06-15 08:27:08.337 +02:00 [ERR] Skill on cooldown
2025-06-15 08:27:17.133 +02:00 [ERR] Skill on cooldown
2025-06-15 08:27:41.378 +02:00 [ERR] [Willplug] Willplug: Exception! Printscreen this and post it.
Object reference not set to an instance of an object.
   at Willplug.BotBehavior.CharAbilities.UpdateAbilityState(BuffDebuffAbility ability) in C:\gitrepos\poe_api_tehcheat\poe-plugin-willplug\CharAbilities.cs:line 1113
   at Willplug.BotBehavior.CharAbilities.<>c__DisplayClass156_0.<ActivateBuffIfNotPresent>b__0(Object <p0>) in C:\gitrepos\poe_api_tehcheat\poe-plugin-willplug\CharAbilities.cs:line 1766
   at TreeRoutine.TreeSharp.Decorator.Execute(Object context)+MoveNext() in C:\gitrepos\poe_api_tehcheat\poe-plugin-willplug\TreeRoutine\TreeSharp\Decorator.cs:line 65
   at TreeRoutine.TreeSharp.Composite.Tick(Object context) in C:\gitrepos\poe_api_tehcheat\poe-plugin-willplug\TreeRoutine\TreeSharp\Composite.cs:line 143
   at TreeRoutine.TreeSharp.Inverter.Execute(Object context)+MoveNext() in C:\gitrepos\poe_api_tehcheat\poe-plugin-willplug\TreeRoutine\TreeSharp\Inverter.cs:line 49
   at TreeRoutine.TreeSharp.Composite.Tick(Object context) in C:\gitrepos\poe_api_tehcheat\poe-plugin-willplug\TreeRoutine\TreeSharp\Composite.cs:line 143
   at TreeRoutine.TreeSharp.Sequence.Execute(Object context)+MoveNext() in C:\gitrepos\poe_api_tehcheat\poe-plugin-willplug\TreeRoutine\TreeSharp\Sequence.cs:line 56
   at TreeRoutine.TreeSharp.Composite.Tick(Object context) in C:\gitrepos\poe_api_tehcheat\poe-plugin-willplug\TreeRoutine\TreeSharp\Composite.cs:line 143
   at TreeRoutine.TreeSharp.Decorator.Execute(Object context)+MoveNext() in C:\gitrepos\poe_api_tehcheat\poe-plugin-willplug\TreeRoutine\TreeSharp\Decorator.cs:line 78
   at TreeRoutine.TreeSharp.Composite.Tick(Object context) in C:\gitrepos\poe_api_tehcheat\poe-plugin-willplug\TreeRoutine\TreeSharp\Composite.cs:line 143
   at TreeRoutine.TreeSharp.PrioritySelector.Execute(Object context)+MoveNext() in C:\gitrepos\poe_api_tehcheat\poe-plugin-willplug\TreeRoutine\TreeSharp\PrioritySelector.cs:line 60
   at TreeRoutine.TreeSharp.Composite.Tick(Object context) in C:\gitrepos\poe_api_tehcheat\poe-plugin-willplug\TreeRoutine\TreeSharp\Composite.cs:line 143
   at TreeRoutine.TreeSharp.Decorator.Execute(Object context)+MoveNext() in C:\gitrepos\poe_api_tehcheat\poe-plugin-willplug\TreeRoutine\TreeSharp\Decorator.cs:line 78
   at TreeRoutine.TreeSharp.Composite.Tick(Object context) in C:\gitrepos\poe_api_tehcheat\poe-plugin-willplug\TreeRoutine\TreeSharp\Composite.cs:line 143
   at TreeRoutine.BaseTreeRoutinePlugin`2.TickTree(Composite treeRoot) in C:\gitrepos\poe_api_tehcheat\poe-plugin-willplug\TreeRoutine\BaseTreeRoutinePlugin.cs:line 110
2025-06-15 08:27:41.378 +02:00 [ERR] EntityList -> Address is 0;
2025-06-15 10:35:54.735 +02:00 [ERR] Unhandled exception (TaskScheduler.UnobservedTaskException) in program: System.AggregateException: A Task's exception(s) were not observed either by Waiting on the Task or accessing its Exception property. As a result, the unobserved exception was rethrown by the finalizer thread. (The remote server returned an error: (403) Forbidden.)
 ---> System.Net.WebException: The remote server returned an error: (403) Forbidden.
   at System.Net.HttpWebRequest.GetResponse()
   at System.Net.WebClient.GetWebResponse(WebRequest request)
   at System.Net.WebClient.OpenRead(Uri address)
   at AdvancedUberLabLayout.AdvancedUberLabLayoutCore.LoadData(DateTime data) in AdvancedUberLabLayout/AdvancedUberLabLayoutCore.cs:line 192
   at AdvancedUberLabLayout.AdvancedUberLabLayoutCore.LoadImage() in AdvancedUberLabLayout/AdvancedUberLabLayoutCore.cs:line 127
   --- End of inner exception stack trace ---
2025-06-15 12:11:35.251 +02:00 [ERR] XPBar, PerfomanceRender -> System.NullReferenceException: Object reference not set to an instance of an object.
   at XPBar.Core.Render()
   at ExileCore.Shared.PluginWrapper.PerfomanceRender()
2025-06-15 12:40:20.437 +02:00 [ERR] XPBar, PerfomanceRender -> System.NullReferenceException: Object reference not set to an instance of an object.
   at XPBar.Core.Render()
   at ExileCore.Shared.PluginWrapper.PerfomanceRender()
2025-06-15 12:44:37.625 +02:00 [ERR] XPBar, PerfomanceRender -> System.NullReferenceException: Object reference not set to an instance of an object.
   at XPBar.Core.Render()
   at ExileCore.Shared.PluginWrapper.PerfomanceRender()
2025-06-15 14:49:00.746 +02:00 [ERR] Pickit, Close -> System.NullReferenceException: Object reference not set to an instance of an object.
   at PickIt.PickIt.OnPluginDestroyForHotReload()
   at ExileCore.Shared.PluginWrapper.Close()
2025-06-15 18:09:23.571 +02:00 [ERR] Unhandled exception (TaskScheduler.UnobservedTaskException) in program: System.AggregateException: A Task's exception(s) were not observed either by Waiting on the Task or accessing its Exception property. As a result, the unobserved exception was rethrown by the finalizer thread. (The remote server returned an error: (403) Forbidden.)
 ---> System.Net.WebException: The remote server returned an error: (403) Forbidden.
   at System.Net.HttpWebRequest.GetResponse()
   at System.Net.WebClient.GetWebResponse(WebRequest request)
   at System.Net.WebClient.OpenRead(Uri address)
   at AdvancedUberLabLayout.AdvancedUberLabLayoutCore.LoadData(DateTime data) in AdvancedUberLabLayout/AdvancedUberLabLayoutCore.cs:line 192
   at AdvancedUberLabLayout.AdvancedUberLabLayoutCore.LoadImage() in AdvancedUberLabLayout/AdvancedUberLabLayoutCore.cs:line 127
   --- End of inner exception stack trace ---
2025-06-15 18:09:48.257 +02:00 [ERR] Unhandled exception (TaskScheduler.UnobservedTaskException) in program: System.AggregateException: A Task's exception(s) were not observed either by Waiting on the Task or accessing its Exception property. As a result, the unobserved exception was rethrown by the finalizer thread. (The remote server returned an error: (403) Forbidden.)
 ---> System.Net.WebException: The remote server returned an error: (403) Forbidden.
   at System.Net.HttpWebRequest.GetResponse()
   at System.Net.WebClient.GetWebResponse(WebRequest request)
   at System.Net.WebClient.OpenRead(Uri address)
   at AdvancedUberLabLayout.AdvancedUberLabLayoutCore.LoadData(DateTime data) in AdvancedUberLabLayout/AdvancedUberLabLayoutCore.cs:line 192
   at AdvancedUberLabLayout.AdvancedUberLabLayoutCore.LoadImage() in AdvancedUberLabLayout/AdvancedUberLabLayoutCore.cs:line 127
   --- End of inner exception stack trace ---
2025-06-15 20:27:09.303 +02:00 [ERR] XPBar, PerfomanceRender -> System.NullReferenceException: Object reference not set to an instance of an object.
   at XPBar.Core.Render()
   at ExileCore.Shared.PluginWrapper.PerfomanceRender()
2025-06-15 20:27:59.267 +02:00 [ERR] XPBar, PerfomanceRender -> System.NullReferenceException: Object reference not set to an instance of an object.
   at XPBar.Core.Render()
   at ExileCore.Shared.PluginWrapper.PerfomanceRender()
2025-06-15 20:28:19.599 +02:00 [ERR] Object reference not set to an instance of an object.
2025-06-15 20:28:54.010 +02:00 [ERR] XPBar, PerfomanceRender -> System.NullReferenceException: Object reference not set to an instance of an object.
   at XPBar.Core.Render()
   at ExileCore.Shared.PluginWrapper.PerfomanceRender()
2025-06-15 20:29:15.394 +02:00 [ERR] XPBar, PerfomanceRender -> System.NullReferenceException: Object reference not set to an instance of an object.
   at XPBar.Core.Render()
   at ExileCore.Shared.PluginWrapper.PerfomanceRender()
2025-06-15 20:29:38.980 +02:00 [ERR] XPBar, PerfomanceRender -> System.NullReferenceException: Object reference not set to an instance of an object.
   at XPBar.Core.Render()
   at ExileCore.Shared.PluginWrapper.PerfomanceRender()
2025-06-15 20:29:57.564 +02:00 [ERR] Object reference not set to an instance of an object.
2025-06-15 20:39:41.625 +02:00 [ERR] Object reference not set to an instance of an object.
2025-06-15 20:53:37.238 +02:00 [ERR] Object reference not set to an instance of an object.
2025-06-15 21:02:47.457 +02:00 [ERR] Object reference not set to an instance of an object.
2025-06-15 21:05:22.492 +02:00 [ERR] Object reference not set to an instance of an object.
2025-06-15 21:10:15.470 +02:00 [ERR] Something wrong we parse 188 when expect 76
2025-06-15 21:41:46.222 +02:00 [ERR] Object reference not set to an instance of an object.
2025-06-15 21:47:53.226 +02:00 [ERR] Object reference not set to an instance of an object.
2025-06-15 21:51:30.659 +02:00 [ERR] Unhandled exception (TaskScheduler.UnobservedTaskException) in program: System.AggregateException: A Task's exception(s) were not observed either by Waiting on the Task or accessing its Exception property. As a result, the unobserved exception was rethrown by the finalizer thread. (The remote server returned an error: (403) Forbidden.)
 ---> System.Net.WebException: The remote server returned an error: (403) Forbidden.
   at System.Net.HttpWebRequest.GetResponse()
   at System.Net.WebClient.GetWebResponse(WebRequest request)
   at System.Net.WebClient.OpenRead(Uri address)
   at AdvancedUberLabLayout.AdvancedUberLabLayoutCore.LoadData(DateTime data) in AdvancedUberLabLayout/AdvancedUberLabLayoutCore.cs:line 192
   at AdvancedUberLabLayout.AdvancedUberLabLayoutCore.LoadImage() in AdvancedUberLabLayout/AdvancedUberLabLayoutCore.cs:line 127
   --- End of inner exception stack trace ---
2025-06-15 21:51:30.857 +02:00 [ERR] 1 ActivateBuffIfNotPresent
2025-06-15 21:56:15.004 +02:00 [ERR] 1 ActivateBuffIfNotPresent
2025-06-15 21:57:20.399 +02:00 [ERR] 4 ActivateBuffIfNotPresent
2025-06-15 22:10:50.555 +02:00 [ERR] Object reference not set to an instance of an object.
2025-06-15 22:10:50.555 +02:00 [ERR] XPBar, PerfomanceRender -> System.NullReferenceException: Object reference not set to an instance of an object.
   at XPBar.Core.Render()
   at ExileCore.Shared.PluginWrapper.PerfomanceRender()
2025-06-15 22:12:57.444 +02:00 [ERR] Object reference not set to an instance of an object.
2025-06-15 22:14:27.419 +02:00 [ERR] 1 ActivateBuffIfNotPresent
2025-06-15 22:14:28.911 +02:00 [ERR] Object reference not set to an instance of an object.
2025-06-15 22:14:45.646 +02:00 [ERR] 1 ActivateBuffIfNotPresent
2025-06-15 22:17:19.822 +02:00 [ERR] 1 ActivateBuffIfNotPresent
2025-06-15 22:20:50.048 +02:00 [ERR] 1 ActivateBuffIfNotPresent
2025-06-15 22:22:44.545 +02:00 [ERR] Object reference not set to an instance of an object.
2025-06-15 22:25:45.853 +02:00 [ERR] 1 ActivateBuffIfNotPresent
2025-06-15 22:26:18.167 +02:00 [ERR] Object reference not set to an instance of an object.
2025-06-15 22:29:34.945 +02:00 [ERR] 4 ActivateBuffIfNotPresent
2025-06-15 22:31:18.740 +02:00 [ERR] 1 ActivateBuffIfNotPresent
2025-06-15 22:31:36.373 +02:00 [ERR] Something wrong we parse 2629 when expect 433
2025-06-15 22:38:20.967 +02:00 [ERR] Object reference not set to an instance of an object.
2025-06-15 22:50:03.565 +02:00 [ERR] Object reference not set to an instance of an object.
2025-06-15 22:53:10.662 +02:00 [ERR] 1 ActivateBuffIfNotPresent
2025-06-15 22:53:12.155 +02:00 [ERR] Object reference not set to an instance of an object.
2025-06-15 22:58:38.307 +02:00 [ERR] 1 ActivateBuffIfNotPresent
2025-06-15 23:02:16.659 +02:00 [ERR] Object reference not set to an instance of an object.
2025-06-15 23:10:01.775 +02:00 [ERR] Object reference not set to an instance of an object.
2025-06-15 23:10:12.783 +02:00 [ERR] Unhandled exception (TaskScheduler.UnobservedTaskException) in program: System.AggregateException: A Task's exception(s) were not observed either by Waiting on the Task or accessing its Exception property. As a result, the unobserved exception was rethrown by the finalizer thread. (The remote server returned an error: (403) Forbidden.)
 ---> System.Net.WebException: The remote server returned an error: (403) Forbidden.
   at System.Net.HttpWebRequest.GetResponse()
   at System.Net.WebClient.GetWebResponse(WebRequest request)
   at System.Net.WebClient.OpenRead(Uri address)
   at AdvancedUberLabLayout.AdvancedUberLabLayoutCore.LoadData(DateTime data) in AdvancedUberLabLayout/AdvancedUberLabLayoutCore.cs:line 192
   at AdvancedUberLabLayout.AdvancedUberLabLayoutCore.LoadImage() in AdvancedUberLabLayout/AdvancedUberLabLayoutCore.cs:line 127
   --- End of inner exception stack trace ---
2025-06-15 23:10:15.625 +02:00 [ERR] 1 ActivateBuffIfNotPresent
2025-06-15 23:10:32.002 +02:00 [ERR] Unhandled exception (TaskScheduler.UnobservedTaskException) in program: System.AggregateException: A Task's exception(s) were not observed either by Waiting on the Task or accessing its Exception property. As a result, the unobserved exception was rethrown by the finalizer thread. (The remote server returned an error: (403) Forbidden.)
 ---> System.Net.WebException: The remote server returned an error: (403) Forbidden.
   at System.Net.HttpWebRequest.GetResponse()
   at System.Net.WebClient.GetWebResponse(WebRequest request)
   at System.Net.WebClient.OpenRead(Uri address)
   at AdvancedUberLabLayout.AdvancedUberLabLayoutCore.LoadData(DateTime data) in AdvancedUberLabLayout/AdvancedUberLabLayoutCore.cs:line 192
   at AdvancedUberLabLayout.AdvancedUberLabLayoutCore.LoadImage() in AdvancedUberLabLayout/AdvancedUberLabLayoutCore.cs:line 127
   --- End of inner exception stack trace ---
2025-06-15 23:17:45.742 +02:00 [ERR] 4 ActivateBuffIfNotPresent
2025-06-15 23:17:45.812 +02:00 [ERR] Skill on cooldown
2025-06-15 23:21:21.531 +02:00 [ERR] [Willplug] Willplug: Exception! Printscreen this and post it.
Object reference not set to an instance of an object.
   at Willplug.BotBehavior.CharAbilities.<>c__DisplayClass153_0.<CreateUseGuardSkillComposite>b__0(Object <p0>) in C:\gitrepos\poe_api_tehcheat\poe-plugin-willplug\CharAbilities.cs:line 1684
   at TreeRoutine.TreeSharp.Decorator.Execute(Object context)+MoveNext() in C:\gitrepos\poe_api_tehcheat\poe-plugin-willplug\TreeRoutine\TreeSharp\Decorator.cs:line 65
   at TreeRoutine.TreeSharp.Composite.Tick(Object context) in C:\gitrepos\poe_api_tehcheat\poe-plugin-willplug\TreeRoutine\TreeSharp\Composite.cs:line 143
   at TreeRoutine.TreeSharp.PrioritySelector.Execute(Object context)+MoveNext() in C:\gitrepos\poe_api_tehcheat\poe-plugin-willplug\TreeRoutine\TreeSharp\PrioritySelector.cs:line 60
   at TreeRoutine.TreeSharp.Composite.Tick(Object context) in C:\gitrepos\poe_api_tehcheat\poe-plugin-willplug\TreeRoutine\TreeSharp\Composite.cs:line 143
   at TreeRoutine.TreeSharp.Decorator.Execute(Object context)+MoveNext() in C:\gitrepos\poe_api_tehcheat\poe-plugin-willplug\TreeRoutine\TreeSharp\Decorator.cs:line 78
   at TreeRoutine.TreeSharp.Composite.Tick(Object context) in C:\gitrepos\poe_api_tehcheat\poe-plugin-willplug\TreeRoutine\TreeSharp\Composite.cs:line 143
   at TreeRoutine.BaseTreeRoutinePlugin`2.TickTree(Composite treeRoot) in C:\gitrepos\poe_api_tehcheat\poe-plugin-willplug\TreeRoutine\BaseTreeRoutinePlugin.cs:line 110
2025-06-15 23:28:18.160 +02:00 [ERR] 1 ActivateBuffIfNotPresent
2025-06-15 23:31:06.432 +02:00 [ERR] 4 ActivateBuffIfNotPresent
2025-06-15 23:31:06.483 +02:00 [ERR] Skill on cooldown
2025-06-15 23:32:12.627 +02:00 [ERR] 4 ActivateBuffIfNotPresent
2025-06-15 23:39:41.397 +02:00 [ERR] Object reference not set to an instance of an object.
2025-06-15 23:44:31.887 +02:00 [ERR] Unhandled exception (TaskScheduler.UnobservedTaskException) in program: System.AggregateException: A Task's exception(s) were not observed either by Waiting on the Task or accessing its Exception property. As a result, the unobserved exception was rethrown by the finalizer thread. (The remote server returned an error: (403) Forbidden.)
 ---> System.Net.WebException: The remote server returned an error: (403) Forbidden.
   at System.Net.HttpWebRequest.GetResponse()
   at System.Net.WebClient.GetWebResponse(WebRequest request)
   at System.Net.WebClient.OpenRead(Uri address)
   at AdvancedUberLabLayout.AdvancedUberLabLayoutCore.LoadData(DateTime data) in AdvancedUberLabLayout/AdvancedUberLabLayoutCore.cs:line 192
   at AdvancedUberLabLayout.AdvancedUberLabLayoutCore.LoadImage() in AdvancedUberLabLayout/AdvancedUberLabLayoutCore.cs:line 127
   --- End of inner exception stack trace ---
2025-06-15 23:44:34.010 +02:00 [ERR] 1 ActivateBuffIfNotPresent
