2025-10-31 16:57:56.954 +01:00 [INF] =============== Start hud at 10/31/2025 4:57:56 PM ===============
2025-10-31 16:57:57.093 +01:00 [INF] PerfTimer =-> Create new offsets (87.9854 ms) Thread #[1]
2025-10-31 16:57:57.949 +01:00 [INF] PerfTimer =-> Load manual fonts (0.4041 ms) Thread #[1]
2025-10-31 16:57:57.949 +01:00 [INF] PerfTimer =-> DX11 Load (1.1301 ms) Thread #[1]
2025-10-31 16:57:58.492 +01:00 [INF] Can't find theme file Default, loading default.
2025-10-31 16:57:58.493 +01:00 [INF] Can't find default theme file Default, Generating default and saving...
2025-10-31 16:57:58.493 +01:00 [INF] Game not found
2025-10-31 16:57:58.493 +01:00 [INF] HUD loaded in 16507.9065 ms.
2025-10-31 16:58:00.401 +01:00 [INF] Game not found
2025-10-31 16:58:02.429 +01:00 [INF] Game not found
2025-10-31 16:58:04.451 +01:00 [INF] Game not found
2025-10-31 16:58:06.484 +01:00 [INF] Game not found
2025-10-31 16:58:07.831 +01:00 [INF] =============== Close hud at 10/31/2025 4:58:07 PM ===============
2025-10-31 17:02:42.999 +01:00 [INF] =============== Start hud at 10/31/2025 5:02:42 PM ===============
2025-10-31 17:02:43.035 +01:00 [INF] PerfTimer =-> Create new offsets (3.1772 ms) Thread #[1]
2025-10-31 17:02:43.327 +01:00 [INF] PerfTimer =-> Load manual fonts (0.4077 ms) Thread #[1]
2025-10-31 17:02:43.327 +01:00 [INF] PerfTimer =-> DX11 Load (1.1019 ms) Thread #[1]
2025-10-31 17:02:43.553 +01:00 [INF] Game not found
2025-10-31 17:02:43.553 +01:00 [INF] HUD loaded in 636.4274 ms.
2025-10-31 17:02:45.502 +01:00 [INF] Game not found
2025-10-31 17:02:47.524 +01:00 [INF] Game not found
2025-10-31 17:02:49.552 +01:00 [INF] Game not found
2025-10-31 17:02:51.574 +01:00 [INF] Game not found
2025-10-31 17:02:54.596 +01:00 [INF] =============== Start hud at 10/31/2025 5:02:54 PM ===============
2025-10-31 17:02:54.619 +01:00 [INF] PerfTimer =-> Create new offsets (0.8965 ms) Thread #[1]
2025-10-31 17:02:54.872 +01:00 [INF] PerfTimer =-> Load manual fonts (0.4105 ms) Thread #[1]
2025-10-31 17:02:54.872 +01:00 [INF] PerfTimer =-> DX11 Load (1.0718 ms) Thread #[1]
2025-10-31 17:02:55.068 +01:00 [INF] Game not found
2025-10-31 17:02:55.069 +01:00 [INF] HUD loaded in 522.6668 ms.
2025-10-31 17:02:57.031 +01:00 [INF] Game not found
2025-10-31 17:02:59.051 +01:00 [INF] Game not found
2025-10-31 17:03:01.059 +01:00 [INF] Game not found
2025-10-31 17:03:03.091 +01:00 [INF] Game not found
2025-10-31 17:03:05.118 +01:00 [INF] Game not found
2025-10-31 17:03:07.882 +01:00 [INF] =============== Start hud at 10/31/2025 5:03:07 PM ===============
2025-10-31 17:03:07.905 +01:00 [INF] PerfTimer =-> Create new offsets (0.9491 ms) Thread #[1]
2025-10-31 17:03:08.164 +01:00 [INF] PerfTimer =-> Load manual fonts (0.4294 ms) Thread #[1]
2025-10-31 17:03:08.164 +01:00 [INF] PerfTimer =-> DX11 Load (1.1268 ms) Thread #[1]
2025-10-31 17:03:08.365 +01:00 [INF] Game not found
2025-10-31 17:03:08.366 +01:00 [INF] HUD loaded in 530.2266 ms.
2025-10-31 17:03:10.326 +01:00 [INF] Game not found
2025-10-31 17:03:12.341 +01:00 [INF] Game not found
2025-10-31 17:03:14.367 +01:00 [INF] Game not found
2025-10-31 17:03:16.395 +01:00 [INF] Game not found
2025-10-31 17:03:18.421 +01:00 [INF] Game not found
2025-10-31 17:03:20.457 +01:00 [INF] Game not found
2025-10-31 17:03:22.477 +01:00 [INF] Game not found
2025-10-31 17:03:24.505 +01:00 [INF] Game not found
2025-10-31 17:03:26.534 +01:00 [INF] Game not found
2025-10-31 17:03:30.114 +01:00 [INF] =============== Start hud at 10/31/2025 5:03:30 PM ===============
2025-10-31 17:03:30.137 +01:00 [INF] PerfTimer =-> Create new offsets (0.9011 ms) Thread #[1]
2025-10-31 17:03:30.397 +01:00 [INF] PerfTimer =-> Load manual fonts (0.4197 ms) Thread #[1]
2025-10-31 17:03:30.397 +01:00 [INF] PerfTimer =-> DX11 Load (1.0947 ms) Thread #[1]
2025-10-31 17:03:30.599 +01:00 [INF] Game not found
2025-10-31 17:03:30.600 +01:00 [INF] HUD loaded in 536.1936 ms.
2025-10-31 17:03:32.546 +01:00 [INF] Game not found
2025-10-31 17:03:34.577 +01:00 [INF] Game not found
2025-10-31 17:03:36.589 +01:00 [INF] Game not found
2025-10-31 17:03:38.611 +01:00 [INF] Game not found
2025-10-31 17:03:40.628 +01:00 [INF] Game not found
2025-10-31 17:03:42.677 +01:00 [INF] Game not found
2025-10-31 17:03:44.702 +01:00 [INF] Game not found
2025-10-31 17:03:46.716 +01:00 [INF] Game not found
2025-10-31 17:03:48.731 +01:00 [INF] Game not found
2025-10-31 17:03:50.750 +01:00 [INF] Game not found
2025-10-31 17:03:52.774 +01:00 [INF] Game not found
2025-10-31 17:03:54.795 +01:00 [INF] Game not found
2025-10-31 17:03:56.817 +01:00 [INF] Game not found
2025-10-31 17:03:58.850 +01:00 [INF] Game not found
2025-10-31 17:04:00.887 +01:00 [INF] Game not found
2025-10-31 17:04:02.895 +01:00 [INF] Game not found
2025-10-31 17:04:04.932 +01:00 [INF] Game not found
2025-10-31 17:04:06.952 +01:00 [INF] Game not found
2025-10-31 17:04:08.995 +01:00 [INF] Game not found
2025-10-31 17:04:11.009 +01:00 [INF] Game not found
2025-10-31 17:04:13.033 +01:00 [INF] Game not found
2025-10-31 17:04:15.045 +01:00 [INF] Game not found
2025-10-31 17:04:17.073 +01:00 [INF] Game not found
2025-10-31 17:04:19.105 +01:00 [INF] Game not found
2025-10-31 17:04:21.122 +01:00 [INF] Game not found
2025-10-31 17:04:23.157 +01:00 [INF] Game not found
2025-10-31 17:04:25.184 +01:00 [INF] Game not found
2025-10-31 17:04:27.210 +01:00 [INF] Game not found
2025-10-31 17:04:29.236 +01:00 [INF] Game not found
2025-10-31 17:04:31.244 +01:00 [INF] Game not found
2025-10-31 17:04:33.272 +01:00 [INF] Game not found
2025-10-31 17:04:35.301 +01:00 [INF] Game not found
2025-10-31 17:04:37.321 +01:00 [INF] Game not found
2025-10-31 17:04:39.358 +01:00 [INF] Game not found
2025-10-31 17:04:41.367 +01:00 [INF] Game not found
2025-10-31 17:04:43.396 +01:00 [INF] Game not found
2025-10-31 17:04:45.423 +01:00 [INF] Game not found
2025-10-31 17:04:47.439 +01:00 [INF] Game not found
2025-10-31 17:04:49.461 +01:00 [INF] Game not found
2025-10-31 17:04:51.493 +01:00 [INF] Game not found
2025-10-31 17:04:53.517 +01:00 [INF] Game not found
2025-10-31 17:04:55.539 +01:00 [INF] Game not found
2025-10-31 17:04:57.553 +01:00 [INF] Game not found
2025-10-31 17:04:59.593 +01:00 [INF] Game not found
2025-10-31 17:05:01.620 +01:00 [INF] Game not found
2025-10-31 17:05:03.638 +01:00 [INF] Game not found
2025-10-31 17:05:05.662 +01:00 [INF] Game not found
2025-10-31 17:05:07.675 +01:00 [INF] Game not found
2025-10-31 17:05:09.701 +01:00 [INF] Game not found
2025-10-31 17:05:11.725 +01:00 [INF] Game not found
2025-10-31 17:05:13.746 +01:00 [INF] Game not found
2025-10-31 17:05:15.770 +01:00 [INF] Game not found
2025-10-31 17:05:17.807 +01:00 [INF] Game not found
2025-10-31 17:05:19.817 +01:00 [INF] Game not found
2025-10-31 17:05:21.850 +01:00 [INF] Game not found
2025-10-31 17:05:23.882 +01:00 [INF] Game not found
2025-10-31 17:05:25.892 +01:00 [INF] Game not found
2025-10-31 17:05:27.920 +01:00 [INF] Game not found
2025-10-31 17:05:29.955 +01:00 [INF] Game not found
2025-10-31 17:05:31.977 +01:00 [INF] Game not found
2025-10-31 17:05:34.016 +01:00 [INF] Game not found
2025-10-31 17:05:36.034 +01:00 [INF] Game not found
2025-10-31 17:05:38.070 +01:00 [INF] Game not found
2025-10-31 17:05:40.083 +01:00 [INF] Game not found
2025-10-31 17:05:42.113 +01:00 [INF] Game not found
2025-10-31 17:05:44.150 +01:00 [INF] Game not found
2025-10-31 17:05:46.157 +01:00 [INF] Game not found
2025-10-31 17:05:48.188 +01:00 [INF] Game not found
2025-10-31 17:05:50.228 +01:00 [INF] Game not found
2025-10-31 17:05:52.249 +01:00 [INF] Game not found
2025-10-31 17:05:54.268 +01:00 [INF] Game not found
2025-10-31 17:05:56.298 +01:00 [INF] Game not found
2025-10-31 17:05:58.331 +01:00 [INF] Game not found
2025-10-31 17:06:00.344 +01:00 [INF] Game not found
2025-10-31 17:06:02.374 +01:00 [INF] Game not found
2025-10-31 17:06:04.403 +01:00 [INF] Game not found
