2025-06-16 00:00:30.992 +02:00 [INF] Area refresh triggered
2025-06-16 00:02:29.848 +02:00 [INF] Area refresh triggered
2025-06-16 00:03:15.129 +02:00 [INF] Area refresh triggered
2025-06-16 00:05:20.205 +02:00 [INF] Area refresh triggered
2025-06-16 00:06:08.342 +02:00 [INF] Area refresh triggered
2025-06-16 00:06:12.538 +02:00 [INF] Area refresh triggered
2025-06-16 00:06:24.781 +02:00 [INF] Area refresh triggered
2025-06-16 00:09:51.443 +02:00 [INF] Area refresh triggered
2025-06-16 00:10:14.154 +02:00 [INF] Area refresh triggered
2025-06-16 00:10:39.730 +02:00 [INF] Area refresh triggered
2025-06-16 00:18:02.315 +02:00 [INF] Area refresh triggered
2025-06-16 00:19:54.629 +02:00 [INF] Area refresh triggered
2025-06-16 00:20:36.525 +02:00 [INF] Area refresh triggered
2025-06-16 00:21:53.975 +02:00 [INF] Area refresh triggered
2025-06-16 00:22:22.564 +02:00 [INF] Area refresh triggered
2025-06-16 00:22:24.686 +02:00 [INF] Area refresh triggered
2025-06-16 00:27:37.243 +02:00 [INF] Area refresh triggered
2025-06-16 00:31:45.256 +02:00 [INF] Area refresh triggered
2025-06-16 00:33:07.703 +02:00 [INF] Area refresh triggered
2025-06-16 00:35:51.605 +02:00 [INF] Area refresh triggered
2025-06-16 00:36:15.782 +02:00 [INF] Area refresh triggered
2025-06-16 00:37:52.234 +02:00 [INF] Area refresh triggered
2025-06-16 00:38:04.877 +02:00 [INF] Area refresh triggered
2025-06-16 00:38:04.877 +02:00 [INF] [AdvancedUberLabLayout] Loading new lab layout image from site
2025-06-16 00:41:06.089 +02:00 [INF] Area refresh triggered
2025-06-16 00:43:38.146 +02:00 [INF] Area refresh triggered
2025-06-16 00:45:09.535 +02:00 [INF] Area refresh triggered
2025-06-16 00:45:21.957 +02:00 [INF] Area refresh triggered
2025-06-16 00:47:15.639 +02:00 [INF] Area refresh triggered
2025-06-16 00:47:56.125 +02:00 [INF] Area refresh triggered
2025-06-16 00:52:19.763 +02:00 [INF] Area refresh triggered
2025-06-16 00:52:42.488 +02:00 [INF] Running the inventory dump procedure...
2025-06-16 00:58:00.028 +02:00 [INF] Game not found
2025-06-16 00:58:01.916 +02:00 [INF] =============== Close hud at 6/16/2025 12:58:01 AM ===============
