2025-06-16 00:00:30.992 +02:00 [INF] Area refresh triggered
2025-06-16 00:00:31.702 +02:00 [ERR] 1 ActivateBuffIfNotPresent
2025-06-16 00:02:06.113 +02:00 [ERR] 4 ActivateBuffIfNotPresent
2025-06-16 00:02:29.848 +02:00 [INF] Area refresh triggered
2025-06-16 00:03:15.129 +02:00 [INF] Area refresh triggered
2025-06-16 00:03:15.673 +02:00 [ERR] 1 ActivateBuffIfNotPresent
2025-06-16 00:05:20.205 +02:00 [INF] Area refresh triggered
2025-06-16 00:06:08.342 +02:00 [INF] Area refresh triggered
2025-06-16 00:06:09.087 +02:00 [ERR] 1 ActivateBuffIfNotPresent
2025-06-16 00:06:12.538 +02:00 [INF] Area refresh triggered
2025-06-16 00:06:12.598 +02:00 [ERR] Object reference not set to an instance of an object.
2025-06-16 00:06:24.781 +02:00 [INF] Area refresh triggered
2025-06-16 00:06:25.249 +02:00 [ERR] 1 ActivateBuffIfNotPresent
2025-06-16 00:09:51.443 +02:00 [INF] Area refresh triggered
2025-06-16 00:10:14.154 +02:00 [INF] Area refresh triggered
2025-06-16 00:10:14.670 +02:00 [ERR] 1 ActivateBuffIfNotPresent
2025-06-16 00:10:39.730 +02:00 [INF] Area refresh triggered
2025-06-16 00:10:39.768 +02:00 [ERR] Object reference not set to an instance of an object.
2025-06-16 00:18:02.315 +02:00 [INF] Area refresh triggered
2025-06-16 00:18:02.865 +02:00 [ERR] 1 ActivateBuffIfNotPresent
2025-06-16 00:18:42.891 +02:00 [ERR] Object reference not set to an instance of an object.
2025-06-16 00:18:48.145 +02:00 [ERR] Object reference not set to an instance of an object.
2025-06-16 00:19:54.629 +02:00 [INF] Area refresh triggered
2025-06-16 00:20:36.525 +02:00 [INF] Area refresh triggered
2025-06-16 00:20:37.014 +02:00 [ERR] 1 ActivateBuffIfNotPresent
2025-06-16 00:21:53.975 +02:00 [INF] Area refresh triggered
2025-06-16 00:22:22.564 +02:00 [INF] Area refresh triggered
2025-06-16 00:22:23.076 +02:00 [ERR] 1 ActivateBuffIfNotPresent
2025-06-16 00:22:24.686 +02:00 [INF] Area refresh triggered
2025-06-16 00:22:24.718 +02:00 [ERR] Object reference not set to an instance of an object.
2025-06-16 00:27:37.243 +02:00 [INF] Area refresh triggered
2025-06-16 00:27:37.869 +02:00 [ERR] 1 ActivateBuffIfNotPresent
2025-06-16 00:28:59.092 +02:00 [ERR] Object reference not set to an instance of an object.
2025-06-16 00:31:45.256 +02:00 [INF] Area refresh triggered
2025-06-16 00:33:07.703 +02:00 [INF] Area refresh triggered
2025-06-16 00:33:08.400 +02:00 [ERR] 1 ActivateBuffIfNotPresent
2025-06-16 00:33:42.127 +02:00 [ERR] 4 ActivateBuffIfNotPresent
2025-06-16 00:34:32.702 +02:00 [ERR] [MinimapIcons] Failed to build an icon for <Monster> (White) Metadata/Monsters/Seawitch/SeaWitch2: (26C2E4C5210): System.NullReferenceException: Object reference not set to an instance of an object.
   at MinimapIcons.IconsBuilder.Icons.MonsterIcon.Update(Entity entity, IconsBuilderSettings settings, Dictionary`2 modIcons)
   at MinimapIcons.IconsBuilder.IconsBuilder.GenerateIcon(Entity entity)
   at MinimapIcons.IconsBuilder.IconsBuilder.AddIcons()
2025-06-16 00:35:30.379 +02:00 [ERR] 4 ActivateBuffIfNotPresent
2025-06-16 00:35:51.605 +02:00 [INF] Area refresh triggered
2025-06-16 00:36:15.782 +02:00 [INF] Area refresh triggered
2025-06-16 00:36:16.309 +02:00 [ERR] 1 ActivateBuffIfNotPresent
2025-06-16 00:37:09.201 +02:00 [ERR] 4 ActivateBuffIfNotPresent
2025-06-16 00:37:31.152 +02:00 [ERR] Object reference not set to an instance of an object.
2025-06-16 00:37:52.234 +02:00 [INF] Area refresh triggered
2025-06-16 00:38:04.877 +02:00 [INF] Area refresh triggered
2025-06-16 00:38:04.877 +02:00 [INF] [AdvancedUberLabLayout] Loading new lab layout image from site
2025-06-16 00:38:05.059 +02:00 [ERR] Unhandled exception (TaskScheduler.UnobservedTaskException) in program: System.AggregateException: A Task's exception(s) were not observed either by Waiting on the Task or accessing its Exception property. As a result, the unobserved exception was rethrown by the finalizer thread. (The remote server returned an error: (403) Forbidden.)
 ---> System.Net.WebException: The remote server returned an error: (403) Forbidden.
   at System.Net.HttpWebRequest.GetResponse()
   at System.Net.WebClient.GetWebResponse(WebRequest request)
   at System.Net.WebClient.OpenRead(Uri address)
   at AdvancedUberLabLayout.AdvancedUberLabLayoutCore.LoadData(DateTime data) in AdvancedUberLabLayout/AdvancedUberLabLayoutCore.cs:line 192
   at AdvancedUberLabLayout.AdvancedUberLabLayoutCore.LoadImage() in AdvancedUberLabLayout/AdvancedUberLabLayoutCore.cs:line 127
   --- End of inner exception stack trace ---
2025-06-16 00:38:05.281 +02:00 [ERR] 1 ActivateBuffIfNotPresent
2025-06-16 00:41:06.089 +02:00 [INF] Area refresh triggered
2025-06-16 00:43:38.146 +02:00 [INF] Area refresh triggered
2025-06-16 00:43:38.866 +02:00 [ERR] 1 ActivateBuffIfNotPresent
2025-06-16 00:43:43.097 +02:00 [ERR] 4 ActivateBuffIfNotPresent
2025-06-16 00:43:56.482 +02:00 [ERR] Object reference not set to an instance of an object.
2025-06-16 00:45:09.535 +02:00 [INF] Area refresh triggered
2025-06-16 00:45:21.957 +02:00 [INF] Area refresh triggered
2025-06-16 00:45:22.476 +02:00 [ERR] 1 ActivateBuffIfNotPresent
2025-06-16 00:45:54.216 +02:00 [ERR] Object reference not set to an instance of an object.
2025-06-16 00:47:06.009 +02:00 [ERR] Object reference not set to an instance of an object.
2025-06-16 00:47:15.639 +02:00 [INF] Area refresh triggered
2025-06-16 00:47:56.125 +02:00 [INF] Area refresh triggered
2025-06-16 00:47:56.641 +02:00 [ERR] 1 ActivateBuffIfNotPresent
2025-06-16 00:51:48.577 +02:00 [ERR] Object reference not set to an instance of an object.
2025-06-16 00:51:59.370 +02:00 [ERR] Object reference not set to an instance of an object.
2025-06-16 00:52:19.763 +02:00 [INF] Area refresh triggered
2025-06-16 00:52:42.488 +02:00 [INF] Running the inventory dump procedure...
2025-06-16 00:57:59.511 +02:00 [ERR] Pickit, Close -> System.NullReferenceException: Object reference not set to an instance of an object.
   at PickIt.PickIt.OnPluginDestroyForHotReload()
   at ExileCore.Shared.PluginWrapper.Close()
2025-06-16 00:58:00.028 +02:00 [INF] Game not found
2025-06-16 00:58:01.916 +02:00 [INF] =============== Close hud at 6/16/2025 12:58:01 AM ===============
