2025-06-15 00:02:16.531 +02:00 [INF] Area refresh triggered
2025-06-15 00:02:33.804 +02:00 [INF] Area refresh triggered
2025-06-15 00:03:58.895 +02:00 [ERR] EntityList -> Address is 0;
2025-06-15 00:04:06.587 +02:00 [INF] PerfTimer =-> Load files from memory (27.0764 ms) Thread #[8]
2025-06-15 00:04:07.075 +02:00 [INF] PerfTimer =-> Preload stats and mods (487.5547 ms) Thread #[14]
2025-06-15 00:04:10.175 +02:00 [INF] Force area refresh triggered
2025-06-15 00:04:26.793 +02:00 [INF] Area refresh triggered
2025-06-15 00:04:47.185 +02:00 [INF] Area refresh triggered
2025-06-15 00:05:50.007 +02:00 [ERR] Object reference not set to an instance of an object.
2025-06-15 00:07:03.382 +02:00 [ERR] Object reference not set to an instance of an object.
2025-06-15 00:07:57.591 +02:00 [ERR] EntityList -> Address is 0;
2025-06-15 00:08:04.030 +02:00 [INF] PerfTimer =-> Load files from memory (42.5202 ms) Thread #[8]
2025-06-15 00:08:04.035 +02:00 [INF] Force area refresh triggered
2025-06-15 00:08:04.527 +02:00 [INF] PerfTimer =-> Preload stats and mods (496.92 ms) Thread #[40]
2025-06-15 00:08:18.125 +02:00 [INF] Area refresh triggered
2025-06-15 00:08:35.590 +02:00 [INF] Area refresh triggered
2025-06-15 00:08:41.073 +02:00 [INF] Area refresh triggered
2025-06-15 00:11:14.609 +02:00 [INF] Area refresh triggered
2025-06-15 00:12:39.849 +02:00 [INF] Area refresh triggered
2025-06-15 00:15:31.537 +02:00 [INF] Area refresh triggered
2025-06-15 00:15:56.443 +02:00 [INF] Area refresh triggered
2025-06-15 00:16:02.880 +02:00 [INF] Area refresh triggered
2025-06-15 00:17:00.984 +02:00 [INF] Area refresh triggered
2025-06-15 00:19:20.904 +02:00 [ERR] EntityList -> Address is 0;
2025-06-15 00:19:26.762 +02:00 [INF] PerfTimer =-> Load files from memory (27.1136 ms) Thread #[8]
2025-06-15 00:19:26.768 +02:00 [INF] Force area refresh triggered
2025-06-15 00:19:27.270 +02:00 [INF] PerfTimer =-> Preload stats and mods (507.4508 ms) Thread #[31]
2025-06-15 00:19:43.511 +02:00 [INF] Area refresh triggered
2025-06-15 00:20:39.374 +02:00 [INF] Area refresh triggered
2025-06-15 00:20:44.191 +02:00 [INF] Area refresh triggered
2025-06-15 00:20:54.818 +02:00 [INF] Area refresh triggered
2025-06-15 00:21:09.066 +02:00 [INF] Area refresh triggered
2025-06-15 00:21:15.887 +02:00 [INF] Area refresh triggered
2025-06-15 00:22:42.460 +02:00 [INF] Area refresh triggered
2025-06-15 00:23:21.346 +02:00 [INF] Area refresh triggered
2025-06-15 00:24:00.680 +02:00 [INF] [AdvancedUberLabLayout] Loading new lab layout image from site
2025-06-15 00:24:00.680 +02:00 [INF] AdvancedUberLabLayout -> Initialise time: 241.9771 ms.
2025-06-15 00:24:00.853 +02:00 [ERR] Unhandled exception (TaskScheduler.UnobservedTaskException) in program: System.AggregateException: A Task's exception(s) were not observed either by Waiting on the Task or accessing its Exception property. As a result, the unobserved exception was rethrown by the finalizer thread. (The remote server returned an error: (403) Forbidden.)
 ---> System.Net.WebException: The remote server returned an error: (403) Forbidden.
   at System.Net.HttpWebRequest.GetResponse()
   at System.Net.WebClient.GetWebResponse(WebRequest request)
   at System.Net.WebClient.OpenRead(Uri address)
   at AdvancedUberLabLayout.AdvancedUberLabLayoutCore.LoadData(DateTime data) in AdvancedUberLabLayout/AdvancedUberLabLayoutCore.cs:line 192
   at AdvancedUberLabLayout.AdvancedUberLabLayoutCore.LoadImage() in AdvancedUberLabLayout/AdvancedUberLabLayoutCore.cs:line 127
   --- End of inner exception stack trace ---
2025-06-15 00:24:00.854 +02:00 [ERR] Unhandled exception (TaskScheduler.UnobservedTaskException) in program: System.AggregateException: A Task's exception(s) were not observed either by Waiting on the Task or accessing its Exception property. As a result, the unobserved exception was rethrown by the finalizer thread. (The remote server returned an error: (403) Forbidden.)
 ---> System.Net.WebException: The remote server returned an error: (403) Forbidden.
   at System.Net.HttpWebRequest.GetResponse()
   at System.Net.WebClient.GetWebResponse(WebRequest request)
   at System.Net.WebClient.OpenRead(Uri address)
   at AdvancedUberLabLayout.AdvancedUberLabLayoutCore.LoadData(DateTime data) in AdvancedUberLabLayout/AdvancedUberLabLayoutCore.cs:line 192
   at AdvancedUberLabLayout.AdvancedUberLabLayoutCore.LoadImage() in AdvancedUberLabLayout/AdvancedUberLabLayoutCore.cs:line 127
   --- End of inner exception stack trace ---
2025-06-15 00:24:00.854 +02:00 [ERR] Unhandled exception (TaskScheduler.UnobservedTaskException) in program: System.AggregateException: A Task's exception(s) were not observed either by Waiting on the Task or accessing its Exception property. As a result, the unobserved exception was rethrown by the finalizer thread. (The remote server returned an error: (403) Forbidden.)
 ---> System.Net.WebException: The remote server returned an error: (403) Forbidden.
   at System.Net.HttpWebRequest.GetResponse()
   at System.Net.WebClient.GetWebResponse(WebRequest request)
   at System.Net.WebClient.OpenRead(Uri address)
   at AdvancedUberLabLayout.AdvancedUberLabLayoutCore.LoadData(DateTime data) in AdvancedUberLabLayout/AdvancedUberLabLayoutCore.cs:line 192
   at AdvancedUberLabLayout.AdvancedUberLabLayoutCore.LoadImage() in AdvancedUberLabLayout/AdvancedUberLabLayoutCore.cs:line 127
   --- End of inner exception stack trace ---
2025-06-15 00:25:33.304 +02:00 [INF] Area refresh triggered
2025-06-15 00:26:11.617 +02:00 [INF] Area refresh triggered
2025-06-15 00:26:45.960 +02:00 [INF] Area refresh triggered
2025-06-15 00:27:48.092 +02:00 [INF] Area refresh triggered
2025-06-15 00:28:48.953 +02:00 [INF] Area refresh triggered
2025-06-15 00:29:26.650 +02:00 [INF] Area refresh triggered
2025-06-15 00:30:46.086 +02:00 [INF] Area refresh triggered
2025-06-15 00:31:39.971 +02:00 [INF] Area refresh triggered
2025-06-15 00:35:10.777 +02:00 [INF] Area refresh triggered
2025-06-15 00:35:10.777 +02:00 [INF] [AdvancedUberLabLayout] Loading new lab layout image from site
2025-06-15 00:35:11.023 +02:00 [ERR] Unhandled exception (TaskScheduler.UnobservedTaskException) in program: System.AggregateException: A Task's exception(s) were not observed either by Waiting on the Task or accessing its Exception property. As a result, the unobserved exception was rethrown by the finalizer thread. (The remote server returned an error: (403) Forbidden.)
 ---> System.Net.WebException: The remote server returned an error: (403) Forbidden.
   at System.Net.HttpWebRequest.GetResponse()
   at System.Net.WebClient.GetWebResponse(WebRequest request)
   at System.Net.WebClient.OpenRead(Uri address)
   at AdvancedUberLabLayout.AdvancedUberLabLayoutCore.LoadData(DateTime data) in AdvancedUberLabLayout/AdvancedUberLabLayoutCore.cs:line 192
   at AdvancedUberLabLayout.AdvancedUberLabLayoutCore.LoadImage() in AdvancedUberLabLayout/AdvancedUberLabLayoutCore.cs:line 127
   --- End of inner exception stack trace ---
2025-06-15 00:38:44.732 +02:00 [INF] Area refresh triggered
2025-06-15 00:39:51.487 +02:00 [INF] Area refresh triggered
2025-06-15 00:40:58.932 +02:00 [ERR] Object reference not set to an instance of an object.
2025-06-15 00:41:56.894 +02:00 [INF] Area refresh triggered
2025-06-15 00:42:12.344 +02:00 [INF] Area refresh triggered
2025-06-15 00:42:44.577 +02:00 [INF] Area refresh triggered
2025-06-15 00:42:51.421 +02:00 [INF] Area refresh triggered
2025-06-15 00:42:59.729 +02:00 [INF] Area refresh triggered
2025-06-15 00:45:34.441 +02:00 [INF] Area refresh triggered
2025-06-15 00:46:56.560 +02:00 [INF] Area refresh triggered
2025-06-15 00:47:31.476 +02:00 [INF] Area refresh triggered
2025-06-15 00:48:10.261 +02:00 [INF] Area refresh triggered
2025-06-15 00:48:17.248 +02:00 [INF] Area refresh triggered
2025-06-15 00:50:43.719 +02:00 [INF] Area refresh triggered
2025-06-15 00:54:24.789 +02:00 [INF] Area refresh triggered
2025-06-15 00:54:48.102 +02:00 [INF] Area refresh triggered
2025-06-15 00:56:00.586 +02:00 [INF] Area refresh triggered
2025-06-15 00:56:00.586 +02:00 [INF] [AdvancedUberLabLayout] Loading new lab layout image from site
2025-06-15 00:56:00.615 +02:00 [ERR] Unhandled exception (TaskScheduler.UnobservedTaskException) in program: System.AggregateException: A Task's exception(s) were not observed either by Waiting on the Task or accessing its Exception property. As a result, the unobserved exception was rethrown by the finalizer thread. (The remote server returned an error: (403) Forbidden.)
 ---> System.Net.WebException: The remote server returned an error: (403) Forbidden.
   at System.Net.HttpWebRequest.GetResponse()
   at System.Net.WebClient.GetWebResponse(WebRequest request)
   at System.Net.WebClient.OpenRead(Uri address)
   at AdvancedUberLabLayout.AdvancedUberLabLayoutCore.LoadData(DateTime data) in AdvancedUberLabLayout/AdvancedUberLabLayoutCore.cs:line 192
   at AdvancedUberLabLayout.AdvancedUberLabLayoutCore.LoadImage() in AdvancedUberLabLayout/AdvancedUberLabLayoutCore.cs:line 127
   --- End of inner exception stack trace ---
2025-06-15 00:57:15.780 +02:00 [INF] Area refresh triggered
2025-06-15 00:58:09.744 +02:00 [INF] Area refresh triggered
2025-06-15 01:00:31.965 +02:00 [INF] Area refresh triggered
2025-06-15 01:01:11.894 +02:00 [INF] Area refresh triggered
2025-06-15 01:22:28.971 +02:00 [INF] Area refresh triggered
2025-06-15 01:22:38.435 +02:00 [ERR] 1 ActivateBuffIfNotPresent
2025-06-15 01:22:38.435 +02:00 [ERR] 4 ActivateBuffIfNotPresent
2025-06-15 01:23:06.126 +02:00 [INF] =============== Close hud at 6/15/2025 1:23:06 AM ===============
2025-06-15 01:23:11.618 +02:00 [INF] =============== Start hud at 6/15/2025 1:23:11 AM ===============
2025-06-15 01:23:11.644 +02:00 [INF] PerfTimer =-> Create new offsets (0.9772 ms) Thread #[1]
2025-06-15 01:23:11.939 +02:00 [INF] PerfTimer =-> Load manual fonts (0.4105 ms) Thread #[1]
2025-06-15 01:23:11.939 +02:00 [INF] PerfTimer =-> DX11 Load (1.1184 ms) Thread #[1]
2025-06-15 01:23:12.124 +02:00 [VRB] FileRoot: 7ff61a04db08
2025-06-15 01:23:12.124 +02:00 [VRB] AreaChangeCount: 7ff6191ebee0
2025-06-15 01:23:12.124 +02:00 [VRB] GameStateOffset: 7ff619ed8c88
2025-06-15 01:23:12.124 +02:00 [VRB] DiagnosticInfoTypeOffset: 7ff616d1ff0f
2025-06-15 01:23:12.177 +02:00 [INF] PerfTimer =-> Load files from memory (29.3033 ms) Thread #[1]
2025-06-15 01:23:12.221 +02:00 [WRN] TreeRoutine.Routine.BuildYourOwnRoutine.BuildYourOwnRoutineSettings:TreeRoutine.Routine.BuildYourOwnRoutine.Flask.FlaskSetting[]:FlaskSettings TreeRoutine.Routine.BuildYourOwnRoutine.Flask.FlaskSetting[] is not a supported settings element. This is probably a bug in the plugin.
2025-06-15 01:23:12.224 +02:00 [WRN] TreeRoutine.Routine.BuildYourOwnRoutine.BuildYourOwnRoutineSettings:System.Numerics.Vector2:LastSettingPos <0, 0> is not a supported settings element. This is probably a bug in the plugin.
2025-06-15 01:23:12.224 +02:00 [WRN] TreeRoutine.Routine.BuildYourOwnRoutine.BuildYourOwnRoutineSettings:System.Numerics.Vector2:LastSettingSize <0, 0> is not a supported settings element. This is probably a bug in the plugin.
2025-06-15 01:23:12.244 +02:00 [WRN] TreeRoutine.Routine.BasicFlaskRoutine.BasicFlaskRoutineSettings:TreeRoutine.Routine.BasicFlaskRoutine.Flask.FlaskSetting[]:FlaskSettings TreeRoutine.Routine.BasicFlaskRoutine.Flask.FlaskSetting[] is not a supported settings element. This is probably a bug in the plugin.
2025-06-15 01:23:12.284 +02:00 [WRN] FullRareSetManager.FullRareSetManagerSettings:System.Int32:SetsAmountStatistics 0 is not a supported settings element. This is probably a bug in the plugin.
2025-06-15 01:23:12.336 +02:00 [WRN] MinimapIcons.MapIconsSettings:System.Single:SizeDefaultIcon 16 is not a supported settings element. This is probably a bug in the plugin.
2025-06-15 01:23:12.739 +02:00 [WRN] PickIt.PickItSettings:System.String:NormalRuleFile  is not a supported settings element. This is probably a bug in the plugin.
2025-06-15 01:23:12.739 +02:00 [WRN] PickIt.PickItSettings:System.String:MagicRuleFile  is not a supported settings element. This is probably a bug in the plugin.
2025-06-15 01:23:12.739 +02:00 [WRN] PickIt.PickItSettings:System.String:RareRuleFile  is not a supported settings element. This is probably a bug in the plugin.
2025-06-15 01:23:12.739 +02:00 [WRN] PickIt.PickItSettings:System.String:UniqueRuleFile  is not a supported settings element. This is probably a bug in the plugin.
2025-06-15 01:23:12.739 +02:00 [WRN] PickIt.PickItSettings:System.String:WeightRuleFile  is not a supported settings element. This is probably a bug in the plugin.
2025-06-15 01:23:12.739 +02:00 [WRN] PickIt.PickItSettings:System.String:IgnoreRuleFile  is not a supported settings element. This is probably a bug in the plugin.
2025-06-15 01:23:12.739 +02:00 [WRN] PickIt.PickItSettings:System.Numerics.Vector2:InventorySlotsVector2 <0, 0> is not a supported settings element. This is probably a bug in the plugin.
2025-06-15 01:23:12.740 +02:00 [WRN] PickIt.PickItSettings:PickIt.PickItSettings+FRSMOverrides:FullRareSetManagerPickupOverrides PickIt.PickItSettings+FRSMOverrides is not a supported settings element. This is probably a bug in the plugin.
2025-06-15 01:23:12.813 +02:00 [WRN] Stashie.StashieSettings:System.Int32[,]:IgnoredCells System.Int32[,] is not a supported settings element. This is probably a bug in the plugin.
2025-06-15 01:23:12.885 +02:00 [INF] PerfTimer =-> Preload stats and mods (707.8644 ms) Thread #[21]
2025-06-15 01:23:12.998 +02:00 [ERR] Unhandled exception (TaskScheduler.UnobservedTaskException) in program: System.AggregateException: A Task's exception(s) were not observed either by Waiting on the Task or accessing its Exception property. As a result, the unobserved exception was rethrown by the finalizer thread. (The remote server returned an error: (403) Forbidden.)
 ---> System.Net.WebException: The remote server returned an error: (403) Forbidden.
   at System.Net.HttpWebRequest.GetResponse()
   at System.Net.WebClient.GetWebResponse(WebRequest request)
   at System.Net.WebClient.OpenRead(Uri address)
   at AdvancedUberLabLayout.AdvancedUberLabLayoutCore.LoadData(DateTime data) in AdvancedUberLabLayout/AdvancedUberLabLayoutCore.cs:line 192
   at AdvancedUberLabLayout.AdvancedUberLabLayoutCore.LoadImage() in AdvancedUberLabLayout/AdvancedUberLabLayoutCore.cs:line 127
   --- End of inner exception stack trace ---
2025-06-15 01:23:13.018 +02:00 [INF] PerfTimer =-> Plugin loader (825.9395 ms) Thread #[1]
2025-06-15 01:23:13.050 +02:00 [INF] Pattern: Game State -> : Time: 3.6926 ms. Offset:[853726] Started searching offset with:0
2025-06-15 01:23:13.050 +02:00 [INF] Pattern: BlackBarSize -> : Time: 2.8535 ms. Offset:[4566359] Started searching offset with:0
2025-06-15 01:23:13.050 +02:00 [INF] Pattern: DiagnosticInfoType -> : Time: 13.5922 ms. Offset:[0] Started searching offset with:0
2025-06-15 01:23:13.050 +02:00 [INF] Pattern: Area change -> : Time: 18.4074 ms. Offset:[12637764] Started searching offset with:0
2025-06-15 01:23:13.050 +02:00 [INF] Pattern: Terrain Rotation Selector -> : Time: 38.664 ms. Offset:[28184863] Started searching offset with:0
2025-06-15 01:23:13.050 +02:00 [INF] Pattern: File Root -> : Time: 43.8162 ms. Offset:[32293715] Started searching offset with:0
2025-06-15 01:23:13.050 +02:00 [INF] Pattern: Terrain Rotator Helper -> : Time: 46.9147 ms. Offset:[28184863] Started searching offset with:0
2025-06-15 01:23:13.050 +02:00 [INF] Pattern scan done: 00:00:00.0495322
2025-06-15 01:23:13.050 +02:00 [INF] Area refresh triggered
2025-06-15 01:23:13.050 +02:00 [INF] Plugins from directory AdvancedTooltip loaded in 10 ms.
2025-06-15 01:23:13.050 +02:00 [INF] Plugins from directory AdvancedUberLabLayout loaded in 4 ms.
2025-06-15 01:23:13.050 +02:00 [INF] Plugins from directory AutoOpen loaded in 3 ms.
2025-06-15 01:23:13.050 +02:00 [INF] Plugins from directory AutoQuit loaded in 2 ms.
2025-06-15 01:23:13.050 +02:00 [INF] Plugins from directory BasicFlaskRoutine loaded in 29 ms.
2025-06-15 01:23:13.050 +02:00 [INF] Plugins from directory BuffUtil loaded in 10 ms.
2025-06-15 01:23:13.051 +02:00 [INF] Plugins from directory DevTree loaded in 9 ms.
2025-06-15 01:23:13.051 +02:00 [INF] Plugins from directory DPSMeter loaded in 4 ms.
2025-06-15 01:23:13.051 +02:00 [INF] Plugins from directory EliteBar loaded in 9 ms.
2025-06-15 01:23:13.051 +02:00 [INF] Plugins from directory FullRareSetManager loaded in 7 ms.
2025-06-15 01:23:13.051 +02:00 [INF] Plugins from directory HealthBars loaded in 30 ms.
2025-06-15 01:23:13.051 +02:00 [INF] Plugins from directory HeistIcons loaded in 3 ms.
2025-06-15 01:23:13.051 +02:00 [INF] Plugins from directory HighlightedItems loaded in 7 ms.
2025-06-15 01:23:13.051 +02:00 [INF] Plugins from directory MinimapIcons loaded in 9 ms.
2025-06-15 01:23:13.051 +02:00 [INF] Plugins from directory MiscInformation loaded in 7 ms.
2025-06-15 01:23:13.051 +02:00 [INF] Plugins from directory PassiveSkillTreePlanter loaded in 352 ms.
2025-06-15 01:23:13.051 +02:00 [INF] Plugins from directory PickIt loaded in 44 ms.
2025-06-15 01:23:13.051 +02:00 [INF] Plugins from directory PluginUpdater loaded in 4 ms.
2025-06-15 01:23:13.051 +02:00 [INF] Plugins from directory poe-plugin-willplug loaded in 5 ms.
2025-06-15 01:23:13.051 +02:00 [INF] Plugins from directory PreloadAlert loaded in 53 ms.
2025-06-15 01:23:13.051 +02:00 [INF] Plugins from directory Skill DPS loaded in 3 ms.
2025-06-15 01:23:13.051 +02:00 [INF] Plugins from directory Stashie loaded in 6 ms.
2025-06-15 01:23:13.051 +02:00 [INF] Plugins from directory XPBar loaded in 2 ms.
2025-06-15 01:23:13.051 +02:00 [INF] MiscInformation -> Initialise time: 1.6562 ms.
2025-06-15 01:23:13.051 +02:00 [INF] PreloadAlert -> Initialise time: 0.6414 ms.
2025-06-15 01:23:13.051 +02:00 [INF] [AdvancedUberLabLayout] Loading new lab layout image from site
2025-06-15 01:23:13.051 +02:00 [INF] AdvancedUberLabLayout -> Initialise time: 104.8456 ms.
2025-06-15 01:23:13.051 +02:00 [INF] HealthBars -> Initialise time: 4.5822 ms.
2025-06-15 01:23:13.051 +02:00 [INF] HighlightedItems -> Initialise time: 2.1245 ms.
2025-06-15 01:23:13.051 +02:00 [INF] MinimapIcons -> Initialise time: 12.6001 ms.
2025-06-15 01:23:13.051 +02:00 [INF] PluginUpdater -> Initialise time: 0.1386 ms.
2025-06-15 01:23:13.051 +02:00 [INF] Skill_DPS.Core -> Initialise time: 0.0038 ms.
2025-06-15 01:23:13.051 +02:00 [INF] BasicFlaskRoutine -> Initialise time: 14.7535 ms.
2025-06-15 01:23:13.051 +02:00 [INF] Willplug -> Initialise time: 39.6777 ms.
2025-06-15 01:23:13.051 +02:00 [INF] XPBar -> Initialise time: 0.0373 ms.
2025-06-15 01:23:13.051 +02:00 [INF] HUD loaded in 1484.1426 ms.
2025-06-15 01:23:13.051 +02:00 [INF] Resize from: {X=0,Y=0,Width=3840,Height=2160} to {X=0,Y=730,Width=3840,Height=1430}
2025-06-15 01:23:14.821 +02:00 [ERR] 1 ActivateBuffIfNotPresent
2025-06-15 01:23:14.821 +02:00 [ERR] 4 ActivateBuffIfNotPresent
2025-06-15 01:23:38.441 +02:00 [ERR] 1 ActivateBuffIfNotPresent
2025-06-15 01:23:38.441 +02:00 [ERR] 4 ActivateBuffIfNotPresent
2025-06-15 01:23:38.563 +02:00 [ERR] Buff already active
2025-06-15 01:23:39.776 +02:00 [ERR] Skill on cooldown
2025-06-15 01:23:57.357 +02:00 [INF] Area refresh triggered
2025-06-15 01:24:09.177 +02:00 [INF] Area refresh triggered
2025-06-15 01:24:09.465 +02:00 [ERR] 1 ActivateBuffIfNotPresent
2025-06-15 01:24:09.465 +02:00 [ERR] 4 ActivateBuffIfNotPresent
2025-06-15 01:24:09.465 +02:00 [ERR] Buff already active
2025-06-15 01:24:09.535 +02:00 [ERR] Skill on cooldown
2025-06-15 01:24:34.041 +02:00 [ERR] Skill on cooldown
2025-06-15 01:25:11.508 +02:00 [ERR] Skill on cooldown
2025-06-15 01:25:21.417 +02:00 [ERR] Skill on cooldown
2025-06-15 01:25:56.942 +02:00 [ERR] Skill on cooldown
2025-06-15 01:26:13.648 +02:00 [ERR] Object reference not set to an instance of an object.
2025-06-15 01:26:50.779 +02:00 [INF] Area refresh triggered
2025-06-15 01:27:18.981 +02:00 [INF] Area refresh triggered
2025-06-15 01:27:50.404 +02:00 [INF] Area refresh triggered
2025-06-15 01:27:50.802 +02:00 [ERR] 1 ActivateBuffIfNotPresent
2025-06-15 01:27:50.802 +02:00 [ERR] 4 ActivateBuffIfNotPresent
2025-06-15 01:27:50.802 +02:00 [ERR] Buff already active
2025-06-15 01:27:50.939 +02:00 [ERR] Skill on cooldown
2025-06-15 01:28:07.925 +02:00 [ERR] Skill on cooldown
2025-06-15 01:28:24.919 +02:00 [ERR] Skill on cooldown
2025-06-15 01:28:43.869 +02:00 [ERR] Skill on cooldown
2025-06-15 01:29:09.470 +02:00 [ERR] Skill on cooldown
2025-06-15 01:29:48.066 +02:00 [ERR] Skill on cooldown
2025-06-15 01:30:25.703 +02:00 [ERR] Skill on cooldown
2025-06-15 01:30:33.034 +02:00 [INF] Area refresh triggered
2025-06-15 01:30:51.607 +02:00 [INF] Area refresh triggered
2025-06-15 01:30:51.680 +02:00 [ERR] Object reference not set to an instance of an object.
2025-06-15 01:31:30.142 +02:00 [ERR] 1 ActivateBuffIfNotPresent
2025-06-15 01:31:30.142 +02:00 [ERR] 4 ActivateBuffIfNotPresent
2025-06-15 01:31:30.212 +02:00 [ERR] Buff already active
2025-06-15 01:31:31.516 +02:00 [ERR] Skill on cooldown
2025-06-15 01:33:08.213 +02:00 [ERR] Skill on cooldown
2025-06-15 01:34:42.626 +02:00 [INF] Area refresh triggered
2025-06-15 01:36:15.671 +02:00 [INF] Area refresh triggered
2025-06-15 01:36:16.283 +02:00 [ERR] 1 ActivateBuffIfNotPresent
2025-06-15 01:36:16.283 +02:00 [ERR] 4 ActivateBuffIfNotPresent
2025-06-15 01:36:16.283 +02:00 [ERR] Buff already active
2025-06-15 01:36:16.354 +02:00 [ERR] Skill on cooldown
2025-06-15 01:37:09.954 +02:00 [ERR] Skill on cooldown
2025-06-15 01:37:18.828 +02:00 [ERR] Skill on cooldown
2025-06-15 01:38:24.972 +02:00 [ERR] Skill on cooldown
2025-06-15 01:39:16.536 +02:00 [INF] Area refresh triggered
2025-06-15 01:39:19.197 +02:00 [INF] Area refresh triggered
2025-06-15 01:39:19.623 +02:00 [ERR] 1 ActivateBuffIfNotPresent
2025-06-15 01:39:19.623 +02:00 [ERR] 4 ActivateBuffIfNotPresent
2025-06-15 01:39:19.691 +02:00 [ERR] Buff already active
2025-06-15 01:39:20.960 +02:00 [ERR] Skill on cooldown
2025-06-15 01:39:38.523 +02:00 [ERR] Buff already active
2025-06-15 01:40:02.077 +02:00 [ERR] Object reference not set to an instance of an object.
2025-06-15 01:41:01.756 +02:00 [ERR] Skill on cooldown
2025-06-15 01:41:46.166 +02:00 [INF] Area refresh triggered
2025-06-15 01:45:28.435 +02:00 [INF] Area refresh triggered
2025-06-15 01:45:48.842 +02:00 [INF] Area refresh triggered
2025-06-15 01:45:48.913 +02:00 [ERR] Object reference not set to an instance of an object.
2025-06-15 01:48:18.345 +02:00 [ERR] Pickit, Close -> System.NullReferenceException: Object reference not set to an instance of an object.
   at PickIt.PickIt.OnPluginDestroyForHotReload()
   at ExileCore.Shared.PluginWrapper.Close()
2025-06-15 01:48:18.752 +02:00 [INF] Game not found
2025-06-15 01:48:20.778 +02:00 [INF] Game not found
2025-06-15 01:48:20.954 +02:00 [INF] =============== Close hud at 6/15/2025 1:48:20 AM ===============
2025-06-15 08:26:49.936 +02:00 [INF] =============== Start hud at 6/15/2025 8:26:49 AM ===============
2025-06-15 08:26:49.964 +02:00 [INF] PerfTimer =-> Create new offsets (1.0944 ms) Thread #[1]
2025-06-15 08:26:50.238 +02:00 [INF] PerfTimer =-> Load manual fonts (0.634 ms) Thread #[1]
2025-06-15 08:26:50.238 +02:00 [INF] PerfTimer =-> DX11 Load (1.5216 ms) Thread #[1]
2025-06-15 08:26:50.513 +02:00 [VRB] FileRoot: 7ff61a04db08
2025-06-15 08:26:50.513 +02:00 [VRB] AreaChangeCount: 7ff6191ebee0
2025-06-15 08:26:50.513 +02:00 [VRB] GameStateOffset: 7ff619ed8c88
2025-06-15 08:26:50.513 +02:00 [VRB] DiagnosticInfoTypeOffset: 7ff616d1ff0f
2025-06-15 08:26:50.599 +02:00 [INF] PerfTimer =-> Load files from memory (38.4569 ms) Thread #[1]
2025-06-15 08:26:50.661 +02:00 [WRN] TreeRoutine.Routine.BuildYourOwnRoutine.BuildYourOwnRoutineSettings:TreeRoutine.Routine.BuildYourOwnRoutine.Flask.FlaskSetting[]:FlaskSettings TreeRoutine.Routine.BuildYourOwnRoutine.Flask.FlaskSetting[] is not a supported settings element. This is probably a bug in the plugin.
2025-06-15 08:26:50.665 +02:00 [WRN] TreeRoutine.Routine.BuildYourOwnRoutine.BuildYourOwnRoutineSettings:System.Numerics.Vector2:LastSettingPos <0, 0> is not a supported settings element. This is probably a bug in the plugin.
2025-06-15 08:26:50.665 +02:00 [WRN] TreeRoutine.Routine.BuildYourOwnRoutine.BuildYourOwnRoutineSettings:System.Numerics.Vector2:LastSettingSize <0, 0> is not a supported settings element. This is probably a bug in the plugin.
2025-06-15 08:26:50.676 +02:00 [WRN] TreeRoutine.Routine.BasicFlaskRoutine.BasicFlaskRoutineSettings:TreeRoutine.Routine.BasicFlaskRoutine.Flask.FlaskSetting[]:FlaskSettings TreeRoutine.Routine.BasicFlaskRoutine.Flask.FlaskSetting[] is not a supported settings element. This is probably a bug in the plugin.
2025-06-15 08:26:50.722 +02:00 [WRN] FullRareSetManager.FullRareSetManagerSettings:System.Int32:SetsAmountStatistics 0 is not a supported settings element. This is probably a bug in the plugin.
2025-06-15 08:26:50.805 +02:00 [WRN] MinimapIcons.MapIconsSettings:System.Single:SizeDefaultIcon 16 is not a supported settings element. This is probably a bug in the plugin.
2025-06-15 08:26:51.261 +02:00 [WRN] PickIt.PickItSettings:System.String:NormalRuleFile  is not a supported settings element. This is probably a bug in the plugin.
2025-06-15 08:26:51.261 +02:00 [WRN] PickIt.PickItSettings:System.String:MagicRuleFile  is not a supported settings element. This is probably a bug in the plugin.
2025-06-15 08:26:51.261 +02:00 [WRN] PickIt.PickItSettings:System.String:RareRuleFile  is not a supported settings element. This is probably a bug in the plugin.
2025-06-15 08:26:51.261 +02:00 [WRN] PickIt.PickItSettings:System.String:UniqueRuleFile  is not a supported settings element. This is probably a bug in the plugin.
2025-06-15 08:26:51.261 +02:00 [WRN] PickIt.PickItSettings:System.String:WeightRuleFile  is not a supported settings element. This is probably a bug in the plugin.
2025-06-15 08:26:51.261 +02:00 [WRN] PickIt.PickItSettings:System.String:IgnoreRuleFile  is not a supported settings element. This is probably a bug in the plugin.
2025-06-15 08:26:51.261 +02:00 [WRN] PickIt.PickItSettings:System.Numerics.Vector2:InventorySlotsVector2 <0, 0> is not a supported settings element. This is probably a bug in the plugin.
2025-06-15 08:26:51.261 +02:00 [WRN] PickIt.PickItSettings:PickIt.PickItSettings+FRSMOverrides:FullRareSetManagerPickupOverrides PickIt.PickItSettings+FRSMOverrides is not a supported settings element. This is probably a bug in the plugin.
2025-06-15 08:26:51.323 +02:00 [WRN] Stashie.StashieSettings:System.Int32[,]:IgnoredCells System.Int32[,] is not a supported settings element. This is probably a bug in the plugin.
2025-06-15 08:26:51.348 +02:00 [INF] PerfTimer =-> Preload stats and mods (748.6046 ms) Thread #[19]
2025-06-15 08:26:51.572 +02:00 [INF] PerfTimer =-> Plugin loader (952.3323 ms) Thread #[1]
2025-06-15 08:26:51.608 +02:00 [INF] Pattern: BlackBarSize -> : Time: 3.5867 ms. Offset:[4566359] Started searching offset with:0
2025-06-15 08:26:51.608 +02:00 [INF] Pattern: DiagnosticInfoType -> : Time: 15.072 ms. Offset:[0] Started searching offset with:0
2025-06-15 08:26:51.608 +02:00 [INF] Pattern: Game State -> : Time: 4.9687 ms. Offset:[853726] Started searching offset with:0
2025-06-15 08:26:51.608 +02:00 [INF] Pattern: Area change -> : Time: 18.8346 ms. Offset:[12637764] Started searching offset with:0
2025-06-15 08:26:51.608 +02:00 [INF] Pattern: Terrain Rotator Helper -> : Time: 40.6807 ms. Offset:[28184863] Started searching offset with:0
2025-06-15 08:26:51.608 +02:00 [INF] Pattern: Terrain Rotation Selector -> : Time: 41.0683 ms. Offset:[28184863] Started searching offset with:0
2025-06-15 08:26:51.608 +02:00 [INF] Pattern: File Root -> : Time: 42.4734 ms. Offset:[32293715] Started searching offset with:0
2025-06-15 08:26:51.608 +02:00 [INF] Pattern scan done: 00:00:00.0466789
2025-06-15 08:26:51.608 +02:00 [INF] Area refresh triggered
2025-06-15 08:26:51.609 +02:00 [INF] Plugins from directory AdvancedTooltip loaded in 15 ms.
2025-06-15 08:26:51.609 +02:00 [INF] Plugins from directory AdvancedUberLabLayout loaded in 5 ms.
2025-06-15 08:26:51.609 +02:00 [INF] Plugins from directory AutoOpen loaded in 4 ms.
2025-06-15 08:26:51.609 +02:00 [INF] Plugins from directory AutoQuit loaded in 2 ms.
2025-06-15 08:26:51.609 +02:00 [INF] Plugins from directory BasicFlaskRoutine loaded in 24 ms.
2025-06-15 08:26:51.609 +02:00 [INF] Plugins from directory BuffUtil loaded in 11 ms.
2025-06-15 08:26:51.609 +02:00 [INF] Plugins from directory DevTree loaded in 10 ms.
2025-06-15 08:26:51.609 +02:00 [INF] Plugins from directory DPSMeter loaded in 4 ms.
2025-06-15 08:26:51.609 +02:00 [INF] Plugins from directory EliteBar loaded in 11 ms.
2025-06-15 08:26:51.609 +02:00 [INF] Plugins from directory FullRareSetManager loaded in 8 ms.
2025-06-15 08:26:51.609 +02:00 [INF] Plugins from directory HealthBars loaded in 31 ms.
2025-06-15 08:26:51.609 +02:00 [INF] Plugins from directory HeistIcons loaded in 4 ms.
2025-06-15 08:26:51.609 +02:00 [INF] Plugins from directory HighlightedItems loaded in 9 ms.
2025-06-15 08:26:51.609 +02:00 [INF] Plugins from directory MinimapIcons loaded in 37 ms.
2025-06-15 08:26:51.609 +02:00 [INF] Plugins from directory MiscInformation loaded in 9 ms.
2025-06-15 08:26:51.609 +02:00 [INF] Plugins from directory PassiveSkillTreePlanter loaded in 429 ms.
2025-06-15 08:26:51.609 +02:00 [INF] Plugins from directory PickIt loaded in 17 ms.
2025-06-15 08:26:51.609 +02:00 [INF] Plugins from directory PluginUpdater loaded in 5 ms.
2025-06-15 08:26:51.609 +02:00 [INF] Plugins from directory poe-plugin-willplug loaded in 5 ms.
2025-06-15 08:26:51.609 +02:00 [INF] Plugins from directory PreloadAlert loaded in 39 ms.
2025-06-15 08:26:51.609 +02:00 [INF] Plugins from directory Skill DPS loaded in 4 ms.
2025-06-15 08:26:51.609 +02:00 [INF] Plugins from directory Stashie loaded in 7 ms.
2025-06-15 08:26:51.609 +02:00 [INF] Plugins from directory XPBar loaded in 3 ms.
2025-06-15 08:26:51.609 +02:00 [INF] MiscInformation -> Initialise time: 3.1162 ms.
2025-06-15 08:26:51.609 +02:00 [INF] PreloadAlert -> Initialise time: 0.7807 ms.
2025-06-15 08:26:51.609 +02:00 [INF] [AdvancedUberLabLayout] Loading new lab layout image from site
2025-06-15 08:26:51.609 +02:00 [INF] AdvancedUberLabLayout -> Initialise time: 177.1377 ms.
2025-06-15 08:26:51.609 +02:00 [INF] HealthBars -> Initialise time: 7.4339 ms.
2025-06-15 08:26:51.609 +02:00 [INF] HighlightedItems -> Initialise time: 2.7613 ms.
2025-06-15 08:26:51.609 +02:00 [INF] MinimapIcons -> Initialise time: 16.8682 ms.
2025-06-15 08:26:51.609 +02:00 [INF] PluginUpdater -> Initialise time: 0.17 ms.
2025-06-15 08:26:51.609 +02:00 [INF] Skill_DPS.Core -> Initialise time: 0.0088 ms.
2025-06-15 08:26:51.609 +02:00 [INF] BasicFlaskRoutine -> Initialise time: 18.1916 ms.
2025-06-15 08:26:51.610 +02:00 [INF] Willplug -> Initialise time: 13.4195 ms.
2025-06-15 08:26:51.610 +02:00 [INF] XPBar -> Initialise time: 0.0333 ms.
2025-06-15 08:26:51.610 +02:00 [INF] HUD loaded in 1723.5614 ms.
2025-06-15 08:26:51.610 +02:00 [INF] Resize from: {X=0,Y=0,Width=3840,Height=2160} to {X=0,Y=730,Width=3840,Height=1430}
2025-06-15 08:26:51.825 +02:00 [ERR] Unhandled exception (TaskScheduler.UnobservedTaskException) in program: System.AggregateException: A Task's exception(s) were not observed either by Waiting on the Task or accessing its Exception property. As a result, the unobserved exception was rethrown by the finalizer thread. (The remote server returned an error: (403) Forbidden.)
 ---> System.Net.WebException: The remote server returned an error: (403) Forbidden.
   at System.Net.HttpWebRequest.GetResponse()
   at System.Net.WebClient.GetWebResponse(WebRequest request)
   at System.Net.WebClient.OpenRead(Uri address)
   at AdvancedUberLabLayout.AdvancedUberLabLayoutCore.LoadData(DateTime data) in AdvancedUberLabLayout/AdvancedUberLabLayoutCore.cs:line 192
   at AdvancedUberLabLayout.AdvancedUberLabLayoutCore.LoadImage() in AdvancedUberLabLayout/AdvancedUberLabLayoutCore.cs:line 127
   --- End of inner exception stack trace ---
2025-06-15 08:26:51.828 +02:00 [ERR] Unhandled exception (TaskScheduler.UnobservedTaskException) in program: System.AggregateException: A Task's exception(s) were not observed either by Waiting on the Task or accessing its Exception property. As a result, the unobserved exception was rethrown by the finalizer thread. (The remote server returned an error: (403) Forbidden.)
 ---> System.Net.WebException: The remote server returned an error: (403) Forbidden.
   at System.Net.HttpWebRequest.GetResponse()
   at System.Net.WebClient.GetWebResponse(WebRequest request)
   at System.Net.WebClient.OpenRead(Uri address)
   at AdvancedUberLabLayout.AdvancedUberLabLayoutCore.LoadData(DateTime data) in AdvancedUberLabLayout/AdvancedUberLabLayoutCore.cs:line 192
   at AdvancedUberLabLayout.AdvancedUberLabLayoutCore.LoadImage() in AdvancedUberLabLayout/AdvancedUberLabLayoutCore.cs:line 127
   --- End of inner exception stack trace ---
2025-06-15 08:27:06.513 +02:00 [INF] Area refresh triggered
2025-06-15 08:27:07.014 +02:00 [ERR] 1 ActivateBuffIfNotPresent
2025-06-15 08:27:07.014 +02:00 [ERR] 4 ActivateBuffIfNotPresent
2025-06-15 08:27:07.084 +02:00 [ERR] Buff already active
2025-06-15 08:27:08.337 +02:00 [ERR] Skill on cooldown
2025-06-15 08:27:17.133 +02:00 [ERR] Skill on cooldown
2025-06-15 08:27:41.378 +02:00 [ERR] [Willplug] Willplug: Exception! Printscreen this and post it.
Object reference not set to an instance of an object.
   at Willplug.BotBehavior.CharAbilities.UpdateAbilityState(BuffDebuffAbility ability) in C:\gitrepos\poe_api_tehcheat\poe-plugin-willplug\CharAbilities.cs:line 1113
   at Willplug.BotBehavior.CharAbilities.<>c__DisplayClass156_0.<ActivateBuffIfNotPresent>b__0(Object <p0>) in C:\gitrepos\poe_api_tehcheat\poe-plugin-willplug\CharAbilities.cs:line 1766
   at TreeRoutine.TreeSharp.Decorator.Execute(Object context)+MoveNext() in C:\gitrepos\poe_api_tehcheat\poe-plugin-willplug\TreeRoutine\TreeSharp\Decorator.cs:line 65
   at TreeRoutine.TreeSharp.Composite.Tick(Object context) in C:\gitrepos\poe_api_tehcheat\poe-plugin-willplug\TreeRoutine\TreeSharp\Composite.cs:line 143
   at TreeRoutine.TreeSharp.Inverter.Execute(Object context)+MoveNext() in C:\gitrepos\poe_api_tehcheat\poe-plugin-willplug\TreeRoutine\TreeSharp\Inverter.cs:line 49
   at TreeRoutine.TreeSharp.Composite.Tick(Object context) in C:\gitrepos\poe_api_tehcheat\poe-plugin-willplug\TreeRoutine\TreeSharp\Composite.cs:line 143
   at TreeRoutine.TreeSharp.Sequence.Execute(Object context)+MoveNext() in C:\gitrepos\poe_api_tehcheat\poe-plugin-willplug\TreeRoutine\TreeSharp\Sequence.cs:line 56
   at TreeRoutine.TreeSharp.Composite.Tick(Object context) in C:\gitrepos\poe_api_tehcheat\poe-plugin-willplug\TreeRoutine\TreeSharp\Composite.cs:line 143
   at TreeRoutine.TreeSharp.Decorator.Execute(Object context)+MoveNext() in C:\gitrepos\poe_api_tehcheat\poe-plugin-willplug\TreeRoutine\TreeSharp\Decorator.cs:line 78
   at TreeRoutine.TreeSharp.Composite.Tick(Object context) in C:\gitrepos\poe_api_tehcheat\poe-plugin-willplug\TreeRoutine\TreeSharp\Composite.cs:line 143
   at TreeRoutine.TreeSharp.PrioritySelector.Execute(Object context)+MoveNext() in C:\gitrepos\poe_api_tehcheat\poe-plugin-willplug\TreeRoutine\TreeSharp\PrioritySelector.cs:line 60
   at TreeRoutine.TreeSharp.Composite.Tick(Object context) in C:\gitrepos\poe_api_tehcheat\poe-plugin-willplug\TreeRoutine\TreeSharp\Composite.cs:line 143
   at TreeRoutine.TreeSharp.Decorator.Execute(Object context)+MoveNext() in C:\gitrepos\poe_api_tehcheat\poe-plugin-willplug\TreeRoutine\TreeSharp\Decorator.cs:line 78
   at TreeRoutine.TreeSharp.Composite.Tick(Object context) in C:\gitrepos\poe_api_tehcheat\poe-plugin-willplug\TreeRoutine\TreeSharp\Composite.cs:line 143
   at TreeRoutine.BaseTreeRoutinePlugin`2.TickTree(Composite treeRoot) in C:\gitrepos\poe_api_tehcheat\poe-plugin-willplug\TreeRoutine\BaseTreeRoutinePlugin.cs:line 110
2025-06-15 08:27:41.378 +02:00 [ERR] EntityList -> Address is 0;
2025-06-15 08:27:43.774 +02:00 [INF] =============== Close hud at 6/15/2025 8:27:43 AM ===============
2025-06-15 10:35:50.726 +02:00 [INF] =============== Start hud at 6/15/2025 10:35:50 AM ===============
2025-06-15 10:35:50.866 +02:00 [INF] PerfTimer =-> Create new offsets (86.9276 ms) Thread #[1]
2025-06-15 10:35:51.816 +02:00 [INF] PerfTimer =-> Load manual fonts (0.4608 ms) Thread #[1]
2025-06-15 10:35:51.816 +02:00 [INF] PerfTimer =-> DX11 Load (1.186 ms) Thread #[1]
2025-06-15 10:35:52.303 +02:00 [VRB] FileRoot: 7ff61a04db08
2025-06-15 10:35:52.303 +02:00 [VRB] AreaChangeCount: 7ff6191ebee0
2025-06-15 10:35:52.303 +02:00 [VRB] GameStateOffset: 7ff619ed8c88
2025-06-15 10:35:52.303 +02:00 [VRB] DiagnosticInfoTypeOffset: 7ff616d1ff0f
2025-06-15 10:35:52.364 +02:00 [INF] PerfTimer =-> Load files from memory (37.0367 ms) Thread #[1]
2025-06-15 10:35:52.663 +02:00 [WRN] TreeRoutine.Routine.BuildYourOwnRoutine.BuildYourOwnRoutineSettings:TreeRoutine.Routine.BuildYourOwnRoutine.Flask.FlaskSetting[]:FlaskSettings TreeRoutine.Routine.BuildYourOwnRoutine.Flask.FlaskSetting[] is not a supported settings element. This is probably a bug in the plugin.
2025-06-15 10:35:52.666 +02:00 [WRN] TreeRoutine.Routine.BuildYourOwnRoutine.BuildYourOwnRoutineSettings:System.Numerics.Vector2:LastSettingPos <0, 0> is not a supported settings element. This is probably a bug in the plugin.
2025-06-15 10:35:52.666 +02:00 [WRN] TreeRoutine.Routine.BuildYourOwnRoutine.BuildYourOwnRoutineSettings:System.Numerics.Vector2:LastSettingSize <0, 0> is not a supported settings element. This is probably a bug in the plugin.
2025-06-15 10:35:52.682 +02:00 [WRN] TreeRoutine.Routine.BasicFlaskRoutine.BasicFlaskRoutineSettings:TreeRoutine.Routine.BasicFlaskRoutine.Flask.FlaskSetting[]:FlaskSettings TreeRoutine.Routine.BasicFlaskRoutine.Flask.FlaskSetting[] is not a supported settings element. This is probably a bug in the plugin.
2025-06-15 10:35:53.132 +02:00 [WRN] FullRareSetManager.FullRareSetManagerSettings:System.Int32:SetsAmountStatistics 0 is not a supported settings element. This is probably a bug in the plugin.
2025-06-15 10:35:53.186 +02:00 [INF] PerfTimer =-> Preload stats and mods (821.2988 ms) Thread #[19]
2025-06-15 10:35:53.448 +02:00 [WRN] MinimapIcons.MapIconsSettings:System.Single:SizeDefaultIcon 16 is not a supported settings element. This is probably a bug in the plugin.
2025-06-15 10:35:53.986 +02:00 [WRN] PickIt.PickItSettings:System.String:NormalRuleFile  is not a supported settings element. This is probably a bug in the plugin.
2025-06-15 10:35:53.986 +02:00 [WRN] PickIt.PickItSettings:System.String:MagicRuleFile  is not a supported settings element. This is probably a bug in the plugin.
2025-06-15 10:35:53.986 +02:00 [WRN] PickIt.PickItSettings:System.String:RareRuleFile  is not a supported settings element. This is probably a bug in the plugin.
2025-06-15 10:35:53.986 +02:00 [WRN] PickIt.PickItSettings:System.String:UniqueRuleFile  is not a supported settings element. This is probably a bug in the plugin.
2025-06-15 10:35:53.986 +02:00 [WRN] PickIt.PickItSettings:System.String:WeightRuleFile  is not a supported settings element. This is probably a bug in the plugin.
2025-06-15 10:35:53.986 +02:00 [WRN] PickIt.PickItSettings:System.String:IgnoreRuleFile  is not a supported settings element. This is probably a bug in the plugin.
2025-06-15 10:35:53.986 +02:00 [WRN] PickIt.PickItSettings:System.Numerics.Vector2:InventorySlotsVector2 <0, 0> is not a supported settings element. This is probably a bug in the plugin.
2025-06-15 10:35:53.986 +02:00 [WRN] PickIt.PickItSettings:PickIt.PickItSettings+FRSMOverrides:FullRareSetManagerPickupOverrides PickIt.PickItSettings+FRSMOverrides is not a supported settings element. This is probably a bug in the plugin.
2025-06-15 10:35:54.427 +02:00 [WRN] Stashie.StashieSettings:System.Int32[,]:IgnoredCells System.Int32[,] is not a supported settings element. This is probably a bug in the plugin.
2025-06-15 10:35:54.685 +02:00 [INF] PerfTimer =-> Plugin loader (2302.9663 ms) Thread #[1]
2025-06-15 10:35:54.735 +02:00 [ERR] Unhandled exception (TaskScheduler.UnobservedTaskException) in program: System.AggregateException: A Task's exception(s) were not observed either by Waiting on the Task or accessing its Exception property. As a result, the unobserved exception was rethrown by the finalizer thread. (The remote server returned an error: (403) Forbidden.)
 ---> System.Net.WebException: The remote server returned an error: (403) Forbidden.
   at System.Net.HttpWebRequest.GetResponse()
   at System.Net.WebClient.GetWebResponse(WebRequest request)
   at System.Net.WebClient.OpenRead(Uri address)
   at AdvancedUberLabLayout.AdvancedUberLabLayoutCore.LoadData(DateTime data) in AdvancedUberLabLayout/AdvancedUberLabLayoutCore.cs:line 192
   at AdvancedUberLabLayout.AdvancedUberLabLayoutCore.LoadImage() in AdvancedUberLabLayout/AdvancedUberLabLayoutCore.cs:line 127
   --- End of inner exception stack trace ---
2025-06-15 10:35:54.763 +02:00 [INF] Pattern: BlackBarSize -> : Time: 3.3057 ms. Offset:[4566359] Started searching offset with:0
2025-06-15 10:35:54.763 +02:00 [INF] Pattern: Game State -> : Time: 4.6629 ms. Offset:[853726] Started searching offset with:0
2025-06-15 10:35:54.763 +02:00 [INF] Pattern: Area change -> : Time: 28.0152 ms. Offset:[12637764] Started searching offset with:0
2025-06-15 10:35:54.763 +02:00 [INF] Pattern: DiagnosticInfoType -> : Time: 31.6187 ms. Offset:[0] Started searching offset with:0
2025-06-15 10:35:54.763 +02:00 [INF] Pattern: Terrain Rotation Selector -> : Time: 58.0926 ms. Offset:[28184863] Started searching offset with:0
2025-06-15 10:35:54.763 +02:00 [INF] Pattern: Terrain Rotator Helper -> : Time: 58.7845 ms. Offset:[28184863] Started searching offset with:0
2025-06-15 10:35:54.763 +02:00 [INF] Pattern: File Root -> : Time: 59.0577 ms. Offset:[32293715] Started searching offset with:0
2025-06-15 10:35:54.763 +02:00 [INF] Pattern scan done: 00:00:00.0617929
2025-06-15 10:35:54.763 +02:00 [INF] Area refresh triggered
2025-06-15 10:35:54.763 +02:00 [INF] Plugins from directory AdvancedTooltip loaded in 72 ms.
2025-06-15 10:35:54.763 +02:00 [INF] Plugins from directory AdvancedUberLabLayout loaded in 50 ms.
2025-06-15 10:35:54.763 +02:00 [INF] Plugins from directory AutoOpen loaded in 50 ms.
2025-06-15 10:35:54.763 +02:00 [INF] Plugins from directory AutoQuit loaded in 30 ms.
2025-06-15 10:35:54.764 +02:00 [INF] Plugins from directory BasicFlaskRoutine loaded in 93 ms.
2025-06-15 10:35:54.764 +02:00 [INF] Plugins from directory BuffUtil loaded in 89 ms.
2025-06-15 10:35:54.764 +02:00 [INF] Plugins from directory DevTree loaded in 147 ms.
2025-06-15 10:35:54.764 +02:00 [INF] Plugins from directory DPSMeter loaded in 51 ms.
2025-06-15 10:35:54.764 +02:00 [INF] Plugins from directory EliteBar loaded in 77 ms.
2025-06-15 10:35:54.764 +02:00 [INF] Plugins from directory FullRareSetManager loaded in 84 ms.
2025-06-15 10:35:54.764 +02:00 [INF] Plugins from directory HealthBars loaded in 100 ms.
2025-06-15 10:35:54.764 +02:00 [INF] Plugins from directory HeistIcons loaded in 49 ms.
2025-06-15 10:35:54.764 +02:00 [INF] Plugins from directory HighlightedItems loaded in 62 ms.
2025-06-15 10:35:54.764 +02:00 [INF] Plugins from directory MinimapIcons loaded in 103 ms.
2025-06-15 10:35:54.764 +02:00 [INF] Plugins from directory MiscInformation loaded in 48 ms.
2025-06-15 10:35:54.764 +02:00 [INF] Plugins from directory PassiveSkillTreePlanter loaded in 332 ms.
2025-06-15 10:35:54.764 +02:00 [INF] Plugins from directory PickIt loaded in 156 ms.
2025-06-15 10:35:54.764 +02:00 [INF] Plugins from directory PluginUpdater loaded in 119 ms.
2025-06-15 10:35:54.764 +02:00 [INF] Plugins from directory poe-plugin-willplug loaded in 61 ms.
2025-06-15 10:35:54.764 +02:00 [INF] Plugins from directory PreloadAlert loaded in 135 ms.
2025-06-15 10:35:54.764 +02:00 [INF] Plugins from directory Skill DPS loaded in 38 ms.
2025-06-15 10:35:54.764 +02:00 [INF] Plugins from directory Stashie loaded in 86 ms.
2025-06-15 10:35:54.764 +02:00 [INF] Plugins from directory XPBar loaded in 32 ms.
2025-06-15 10:35:54.764 +02:00 [INF] MiscInformation -> Initialise time: 1.6692 ms.
2025-06-15 10:35:54.764 +02:00 [INF] PreloadAlert -> Initialise time: 0.6255 ms.
2025-06-15 10:35:54.764 +02:00 [INF] [AdvancedUberLabLayout] Loading new lab layout image from site
2025-06-15 10:35:54.764 +02:00 [INF] AdvancedUberLabLayout -> Initialise time: 129.1345 ms.
2025-06-15 10:35:54.764 +02:00 [INF] HealthBars -> Initialise time: 5.8868 ms.
2025-06-15 10:35:54.764 +02:00 [INF] HighlightedItems -> Initialise time: 2.1165 ms.
2025-06-15 10:35:54.764 +02:00 [INF] MinimapIcons -> Initialise time: 24.2223 ms.
2025-06-15 10:35:54.764 +02:00 [INF] PluginUpdater -> Initialise time: 0.1575 ms.
2025-06-15 10:35:54.764 +02:00 [INF] Skill_DPS.Core -> Initialise time: 0.0038 ms.
2025-06-15 10:35:54.764 +02:00 [INF] BasicFlaskRoutine -> Initialise time: 32.5542 ms.
2025-06-15 10:35:54.764 +02:00 [INF] Willplug -> Initialise time: 22.5259 ms.
2025-06-15 10:35:54.764 +02:00 [INF] XPBar -> Initialise time: 0.0356 ms.
2025-06-15 10:35:54.764 +02:00 [INF] HUD loaded in 4186.005 ms.
2025-06-15 10:35:54.764 +02:00 [INF] Resize from: {X=0,Y=0,Width=3840,Height=2160} to {X=0,Y=730,Width=3840,Height=1430}
2025-06-15 10:36:10.486 +02:00 [INF] Area refresh triggered
2025-06-15 10:43:49.632 +02:00 [INF] Area refresh triggered
2025-06-15 10:46:17.076 +02:00 [INF] Area refresh triggered
2025-06-15 12:07:18.985 +02:00 [INF] Area refresh triggered
2025-06-15 12:08:08.767 +02:00 [INF] Area refresh triggered
2025-06-15 12:09:22.866 +02:00 [INF] Area refresh triggered
2025-06-15 12:10:05.911 +02:00 [INF] Area refresh triggered
2025-06-15 12:11:35.251 +02:00 [ERR] XPBar, PerfomanceRender -> System.NullReferenceException: Object reference not set to an instance of an object.
   at XPBar.Core.Render()
   at ExileCore.Shared.PluginWrapper.PerfomanceRender()
2025-06-15 12:11:35.284 +02:00 [INF] Area refresh triggered
2025-06-15 12:11:50.886 +02:00 [INF] Area refresh triggered
2025-06-15 12:40:20.437 +02:00 [ERR] XPBar, PerfomanceRender -> System.NullReferenceException: Object reference not set to an instance of an object.
   at XPBar.Core.Render()
   at ExileCore.Shared.PluginWrapper.PerfomanceRender()
2025-06-15 12:40:20.455 +02:00 [INF] Area refresh triggered
2025-06-15 12:40:37.218 +02:00 [INF] Area refresh triggered
2025-06-15 12:44:37.625 +02:00 [ERR] XPBar, PerfomanceRender -> System.NullReferenceException: Object reference not set to an instance of an object.
   at XPBar.Core.Render()
   at ExileCore.Shared.PluginWrapper.PerfomanceRender()
2025-06-15 12:44:37.642 +02:00 [INF] Area refresh triggered
2025-06-15 12:44:54.566 +02:00 [INF] Area refresh triggered
2025-06-15 14:49:00.746 +02:00 [ERR] Pickit, Close -> System.NullReferenceException: Object reference not set to an instance of an object.
   at PickIt.PickIt.OnPluginDestroyForHotReload()
   at ExileCore.Shared.PluginWrapper.Close()
2025-06-15 14:49:01.059 +02:00 [INF] Game not found
2025-06-15 14:49:02.258 +02:00 [INF] =============== Close hud at 6/15/2025 2:49:02 PM ===============
2025-06-15 18:09:18.168 +02:00 [INF] =============== Start hud at 6/15/2025 6:09:18 PM ===============
2025-06-15 18:09:18.299 +02:00 [INF] PerfTimer =-> Create new offsets (78.3684 ms) Thread #[1]
2025-06-15 18:09:19.224 +02:00 [INF] PerfTimer =-> Load manual fonts (0.4686 ms) Thread #[1]
2025-06-15 18:09:19.224 +02:00 [INF] PerfTimer =-> DX11 Load (1.23 ms) Thread #[1]
2025-06-15 18:09:19.736 +02:00 [VRB] FileRoot: 7ff61a04db08
2025-06-15 18:09:19.736 +02:00 [VRB] AreaChangeCount: 7ff6191ebee0
2025-06-15 18:09:19.736 +02:00 [VRB] GameStateOffset: 7ff619ed8c88
2025-06-15 18:09:19.736 +02:00 [VRB] DiagnosticInfoTypeOffset: 7ff616d1ff0f
2025-06-15 18:09:19.787 +02:00 [INF] PerfTimer =-> Load files from memory (27.0138 ms) Thread #[1]
2025-06-15 18:09:20.022 +02:00 [WRN] TreeRoutine.Routine.BuildYourOwnRoutine.BuildYourOwnRoutineSettings:TreeRoutine.Routine.BuildYourOwnRoutine.Flask.FlaskSetting[]:FlaskSettings TreeRoutine.Routine.BuildYourOwnRoutine.Flask.FlaskSetting[] is not a supported settings element. This is probably a bug in the plugin.
2025-06-15 18:09:20.025 +02:00 [WRN] TreeRoutine.Routine.BuildYourOwnRoutine.BuildYourOwnRoutineSettings:System.Numerics.Vector2:LastSettingPos <0, 0> is not a supported settings element. This is probably a bug in the plugin.
2025-06-15 18:09:20.025 +02:00 [WRN] TreeRoutine.Routine.BuildYourOwnRoutine.BuildYourOwnRoutineSettings:System.Numerics.Vector2:LastSettingSize <0, 0> is not a supported settings element. This is probably a bug in the plugin.
2025-06-15 18:09:20.069 +02:00 [WRN] TreeRoutine.Routine.BasicFlaskRoutine.BasicFlaskRoutineSettings:TreeRoutine.Routine.BasicFlaskRoutine.Flask.FlaskSetting[]:FlaskSettings TreeRoutine.Routine.BasicFlaskRoutine.Flask.FlaskSetting[] is not a supported settings element. This is probably a bug in the plugin.
2025-06-15 18:09:20.491 +02:00 [WRN] FullRareSetManager.FullRareSetManagerSettings:System.Int32:SetsAmountStatistics 0 is not a supported settings element. This is probably a bug in the plugin.
2025-06-15 18:09:20.503 +02:00 [INF] PerfTimer =-> Preload stats and mods (716.149 ms) Thread #[18]
2025-06-15 18:09:20.763 +02:00 [WRN] MinimapIcons.MapIconsSettings:System.Single:SizeDefaultIcon 16 is not a supported settings element. This is probably a bug in the plugin.
2025-06-15 18:09:21.262 +02:00 [WRN] PickIt.PickItSettings:System.String:NormalRuleFile  is not a supported settings element. This is probably a bug in the plugin.
2025-06-15 18:09:21.262 +02:00 [WRN] PickIt.PickItSettings:System.String:MagicRuleFile  is not a supported settings element. This is probably a bug in the plugin.
2025-06-15 18:09:21.262 +02:00 [WRN] PickIt.PickItSettings:System.String:RareRuleFile  is not a supported settings element. This is probably a bug in the plugin.
2025-06-15 18:09:21.262 +02:00 [WRN] PickIt.PickItSettings:System.String:UniqueRuleFile  is not a supported settings element. This is probably a bug in the plugin.
2025-06-15 18:09:21.262 +02:00 [WRN] PickIt.PickItSettings:System.String:WeightRuleFile  is not a supported settings element. This is probably a bug in the plugin.
2025-06-15 18:09:21.262 +02:00 [WRN] PickIt.PickItSettings:System.String:IgnoreRuleFile  is not a supported settings element. This is probably a bug in the plugin.
2025-06-15 18:09:21.262 +02:00 [WRN] PickIt.PickItSettings:System.Numerics.Vector2:InventorySlotsVector2 <0, 0> is not a supported settings element. This is probably a bug in the plugin.
2025-06-15 18:09:21.262 +02:00 [WRN] PickIt.PickItSettings:PickIt.PickItSettings+FRSMOverrides:FullRareSetManagerPickupOverrides PickIt.PickItSettings+FRSMOverrides is not a supported settings element. This is probably a bug in the plugin.
2025-06-15 18:09:21.649 +02:00 [WRN] Stashie.StashieSettings:System.Int32[,]:IgnoredCells System.Int32[,] is not a supported settings element. This is probably a bug in the plugin.
2025-06-15 18:09:21.890 +02:00 [INF] PerfTimer =-> Plugin loader (2087.5843 ms) Thread #[1]
2025-06-15 18:09:21.976 +02:00 [INF] Pattern: Game State -> : Time: 3.3463 ms. Offset:[853726] Started searching offset with:0
2025-06-15 18:09:21.976 +02:00 [INF] Pattern: BlackBarSize -> : Time: 3.1794 ms. Offset:[4566359] Started searching offset with:0
2025-06-15 18:09:21.976 +02:00 [INF] Pattern: DiagnosticInfoType -> : Time: 15.425 ms. Offset:[0] Started searching offset with:0
2025-06-15 18:09:21.976 +02:00 [INF] Pattern: Area change -> : Time: 27.1798 ms. Offset:[12637764] Started searching offset with:0
2025-06-15 18:09:21.976 +02:00 [INF] Pattern: Terrain Rotation Selector -> : Time: 56.9308 ms. Offset:[28184863] Started searching offset with:0
2025-06-15 18:09:21.976 +02:00 [INF] Pattern: Terrain Rotator Helper -> : Time: 57.1867 ms. Offset:[28184863] Started searching offset with:0
2025-06-15 18:09:21.976 +02:00 [INF] Pattern: File Root -> : Time: 60.8726 ms. Offset:[32293715] Started searching offset with:0
2025-06-15 18:09:21.976 +02:00 [INF] Pattern scan done: 00:00:00.0638698
2025-06-15 18:09:21.976 +02:00 [INF] Area refresh triggered
2025-06-15 18:09:21.976 +02:00 [INF] Plugins from directory AdvancedTooltip loaded in 54 ms.
2025-06-15 18:09:21.976 +02:00 [INF] Plugins from directory AdvancedUberLabLayout loaded in 45 ms.
2025-06-15 18:09:21.976 +02:00 [INF] Plugins from directory AutoOpen loaded in 36 ms.
2025-06-15 18:09:21.976 +02:00 [INF] Plugins from directory AutoQuit loaded in 22 ms.
2025-06-15 18:09:21.976 +02:00 [INF] Plugins from directory BasicFlaskRoutine loaded in 104 ms.
2025-06-15 18:09:21.976 +02:00 [INF] Plugins from directory BuffUtil loaded in 84 ms.
2025-06-15 18:09:21.976 +02:00 [INF] Plugins from directory DevTree loaded in 154 ms.
2025-06-15 18:09:21.976 +02:00 [INF] Plugins from directory DPSMeter loaded in 58 ms.
2025-06-15 18:09:21.976 +02:00 [INF] Plugins from directory EliteBar loaded in 45 ms.
2025-06-15 18:09:21.976 +02:00 [INF] Plugins from directory FullRareSetManager loaded in 79 ms.
2025-06-15 18:09:21.976 +02:00 [INF] Plugins from directory HealthBars loaded in 92 ms.
2025-06-15 18:09:21.976 +02:00 [INF] Plugins from directory HeistIcons loaded in 44 ms.
2025-06-15 18:09:21.976 +02:00 [INF] Plugins from directory HighlightedItems loaded in 46 ms.
2025-06-15 18:09:21.976 +02:00 [INF] Plugins from directory MinimapIcons loaded in 88 ms.
2025-06-15 18:09:21.976 +02:00 [INF] Plugins from directory MiscInformation loaded in 38 ms.
2025-06-15 18:09:21.976 +02:00 [INF] Plugins from directory PassiveSkillTreePlanter loaded in 343 ms.
2025-06-15 18:09:21.977 +02:00 [INF] Plugins from directory PickIt loaded in 116 ms.
2025-06-15 18:09:21.977 +02:00 [INF] Plugins from directory PluginUpdater loaded in 106 ms.
2025-06-15 18:09:21.977 +02:00 [INF] Plugins from directory poe-plugin-willplug loaded in 51 ms.
2025-06-15 18:09:21.977 +02:00 [INF] Plugins from directory PreloadAlert loaded in 125 ms.
2025-06-15 18:09:21.977 +02:00 [INF] Plugins from directory Skill DPS loaded in 32 ms.
2025-06-15 18:09:21.977 +02:00 [INF] Plugins from directory Stashie loaded in 70 ms.
2025-06-15 18:09:21.977 +02:00 [INF] Plugins from directory XPBar loaded in 23 ms.
2025-06-15 18:09:21.978 +02:00 [INF] MiscInformation -> Initialise time: 1.9509 ms.
2025-06-15 18:09:21.978 +02:00 [INF] PreloadAlert -> Initialise time: 0.6163 ms.
2025-06-15 18:09:21.978 +02:00 [INF] [AdvancedUberLabLayout] Loading new lab layout image from site
2025-06-15 18:09:21.978 +02:00 [INF] AdvancedUberLabLayout -> Initialise time: 136.9199 ms.
2025-06-15 18:09:21.978 +02:00 [INF] HealthBars -> Initialise time: 6.0151 ms.
2025-06-15 18:09:21.978 +02:00 [INF] HighlightedItems -> Initialise time: 2.6397 ms.
2025-06-15 18:09:21.978 +02:00 [INF] MinimapIcons -> Initialise time: 15.7722 ms.
2025-06-15 18:09:21.978 +02:00 [INF] PluginUpdater -> Initialise time: 0.1474 ms.
2025-06-15 18:09:21.978 +02:00 [INF] Skill_DPS.Core -> Initialise time: 0.0045 ms.
2025-06-15 18:09:21.978 +02:00 [INF] BasicFlaskRoutine -> Initialise time: 27.133 ms.
2025-06-15 18:09:21.978 +02:00 [INF] Willplug -> Initialise time: 20.303 ms.
2025-06-15 18:09:21.978 +02:00 [INF] XPBar -> Initialise time: 0.0308 ms.
2025-06-15 18:09:21.978 +02:00 [INF] HUD loaded in 3945.1437 ms.
2025-06-15 18:09:21.978 +02:00 [INF] Resize from: {X=0,Y=0,Width=3840,Height=2160} to {X=0,Y=730,Width=3840,Height=1430}
2025-06-15 18:09:23.571 +02:00 [ERR] Unhandled exception (TaskScheduler.UnobservedTaskException) in program: System.AggregateException: A Task's exception(s) were not observed either by Waiting on the Task or accessing its Exception property. As a result, the unobserved exception was rethrown by the finalizer thread. (The remote server returned an error: (403) Forbidden.)
 ---> System.Net.WebException: The remote server returned an error: (403) Forbidden.
   at System.Net.HttpWebRequest.GetResponse()
   at System.Net.WebClient.GetWebResponse(WebRequest request)
   at System.Net.WebClient.OpenRead(Uri address)
   at AdvancedUberLabLayout.AdvancedUberLabLayoutCore.LoadData(DateTime data) in AdvancedUberLabLayout/AdvancedUberLabLayoutCore.cs:line 192
   at AdvancedUberLabLayout.AdvancedUberLabLayoutCore.LoadImage() in AdvancedUberLabLayout/AdvancedUberLabLayoutCore.cs:line 127
   --- End of inner exception stack trace ---
2025-06-15 18:09:23.726 +02:00 [INF] =============== Close hud at 6/15/2025 6:09:23 PM ===============
2025-06-15 18:09:45.668 +02:00 [INF] =============== Start hud at 6/15/2025 6:09:45 PM ===============
2025-06-15 18:09:45.693 +02:00 [INF] PerfTimer =-> Create new offsets (0.9841 ms) Thread #[1]
2025-06-15 18:09:45.956 +02:00 [INF] PerfTimer =-> Load manual fonts (0.4502 ms) Thread #[1]
2025-06-15 18:09:45.956 +02:00 [INF] PerfTimer =-> DX11 Load (1.1738 ms) Thread #[1]
2025-06-15 18:09:46.150 +02:00 [VRB] FileRoot: 7ff61a04db08
2025-06-15 18:09:46.150 +02:00 [VRB] AreaChangeCount: 7ff6191ebee0
2025-06-15 18:09:46.150 +02:00 [VRB] GameStateOffset: 7ff619ed8c88
2025-06-15 18:09:46.150 +02:00 [VRB] DiagnosticInfoTypeOffset: 7ff616d1ff0f
2025-06-15 18:09:46.200 +02:00 [INF] PerfTimer =-> Load files from memory (25.7993 ms) Thread #[1]
2025-06-15 18:09:46.245 +02:00 [WRN] TreeRoutine.Routine.BuildYourOwnRoutine.BuildYourOwnRoutineSettings:TreeRoutine.Routine.BuildYourOwnRoutine.Flask.FlaskSetting[]:FlaskSettings TreeRoutine.Routine.BuildYourOwnRoutine.Flask.FlaskSetting[] is not a supported settings element. This is probably a bug in the plugin.
2025-06-15 18:09:46.249 +02:00 [WRN] TreeRoutine.Routine.BuildYourOwnRoutine.BuildYourOwnRoutineSettings:System.Numerics.Vector2:LastSettingPos <0, 0> is not a supported settings element. This is probably a bug in the plugin.
2025-06-15 18:09:46.249 +02:00 [WRN] TreeRoutine.Routine.BuildYourOwnRoutine.BuildYourOwnRoutineSettings:System.Numerics.Vector2:LastSettingSize <0, 0> is not a supported settings element. This is probably a bug in the plugin.
2025-06-15 18:09:46.260 +02:00 [WRN] TreeRoutine.Routine.BasicFlaskRoutine.BasicFlaskRoutineSettings:TreeRoutine.Routine.BasicFlaskRoutine.Flask.FlaskSetting[]:FlaskSettings TreeRoutine.Routine.BasicFlaskRoutine.Flask.FlaskSetting[] is not a supported settings element. This is probably a bug in the plugin.
2025-06-15 18:09:46.297 +02:00 [WRN] FullRareSetManager.FullRareSetManagerSettings:System.Int32:SetsAmountStatistics 0 is not a supported settings element. This is probably a bug in the plugin.
2025-06-15 18:09:46.349 +02:00 [WRN] MinimapIcons.MapIconsSettings:System.Single:SizeDefaultIcon 16 is not a supported settings element. This is probably a bug in the plugin.
2025-06-15 18:09:46.755 +02:00 [WRN] PickIt.PickItSettings:System.String:NormalRuleFile  is not a supported settings element. This is probably a bug in the plugin.
2025-06-15 18:09:46.755 +02:00 [WRN] PickIt.PickItSettings:System.String:MagicRuleFile  is not a supported settings element. This is probably a bug in the plugin.
2025-06-15 18:09:46.755 +02:00 [WRN] PickIt.PickItSettings:System.String:RareRuleFile  is not a supported settings element. This is probably a bug in the plugin.
2025-06-15 18:09:46.755 +02:00 [WRN] PickIt.PickItSettings:System.String:UniqueRuleFile  is not a supported settings element. This is probably a bug in the plugin.
2025-06-15 18:09:46.755 +02:00 [WRN] PickIt.PickItSettings:System.String:WeightRuleFile  is not a supported settings element. This is probably a bug in the plugin.
2025-06-15 18:09:46.755 +02:00 [WRN] PickIt.PickItSettings:System.String:IgnoreRuleFile  is not a supported settings element. This is probably a bug in the plugin.
2025-06-15 18:09:46.755 +02:00 [WRN] PickIt.PickItSettings:System.Numerics.Vector2:InventorySlotsVector2 <0, 0> is not a supported settings element. This is probably a bug in the plugin.
2025-06-15 18:09:46.755 +02:00 [WRN] PickIt.PickItSettings:PickIt.PickItSettings+FRSMOverrides:FullRareSetManagerPickupOverrides PickIt.PickItSettings+FRSMOverrides is not a supported settings element. This is probably a bug in the plugin.
2025-06-15 18:09:46.870 +02:00 [WRN] Stashie.StashieSettings:System.Int32[,]:IgnoredCells System.Int32[,] is not a supported settings element. This is probably a bug in the plugin.
2025-06-15 18:09:46.919 +02:00 [INF] PerfTimer =-> Preload stats and mods (719.602 ms) Thread #[18]
2025-06-15 18:09:47.016 +02:00 [INF] PerfTimer =-> Plugin loader (800.3148 ms) Thread #[1]
2025-06-15 18:09:47.039 +02:00 [INF] Pattern: Game State -> : Time: 3.1382 ms. Offset:[853726] Started searching offset with:0
2025-06-15 18:09:47.039 +02:00 [INF] Pattern: BlackBarSize -> : Time: 3.1926 ms. Offset:[4566359] Started searching offset with:0
2025-06-15 18:09:47.039 +02:00 [INF] Pattern: Area change -> : Time: 18.7485 ms. Offset:[12637764] Started searching offset with:0
2025-06-15 18:09:47.039 +02:00 [INF] Pattern: DiagnosticInfoType -> : Time: 28.9346 ms. Offset:[0] Started searching offset with:0
2025-06-15 18:09:47.039 +02:00 [INF] Pattern: Terrain Rotator Helper -> : Time: 39.0165 ms. Offset:[28184863] Started searching offset with:0
2025-06-15 18:09:47.039 +02:00 [INF] Pattern: File Root -> : Time: 40.6392 ms. Offset:[32293715] Started searching offset with:0
2025-06-15 18:09:47.039 +02:00 [INF] Pattern: Terrain Rotation Selector -> : Time: 43.4553 ms. Offset:[28184863] Started searching offset with:0
2025-06-15 18:09:47.039 +02:00 [INF] Pattern scan done: 00:00:00.0466796
2025-06-15 18:09:47.039 +02:00 [INF] Area refresh triggered
2025-06-15 18:09:47.039 +02:00 [INF] Plugins from directory AdvancedTooltip loaded in 11 ms.
2025-06-15 18:09:47.039 +02:00 [INF] Plugins from directory AdvancedUberLabLayout loaded in 3 ms.
2025-06-15 18:09:47.039 +02:00 [INF] Plugins from directory AutoOpen loaded in 3 ms.
2025-06-15 18:09:47.039 +02:00 [INF] Plugins from directory AutoQuit loaded in 1 ms.
2025-06-15 18:09:47.039 +02:00 [INF] Plugins from directory BasicFlaskRoutine loaded in 21 ms.
2025-06-15 18:09:47.039 +02:00 [INF] Plugins from directory BuffUtil loaded in 9 ms.
2025-06-15 18:09:47.039 +02:00 [INF] Plugins from directory DevTree loaded in 8 ms.
2025-06-15 18:09:47.039 +02:00 [INF] Plugins from directory DPSMeter loaded in 3 ms.
2025-06-15 18:09:47.039 +02:00 [INF] Plugins from directory EliteBar loaded in 9 ms.
2025-06-15 18:09:47.039 +02:00 [INF] Plugins from directory FullRareSetManager loaded in 7 ms.
2025-06-15 18:09:47.039 +02:00 [INF] Plugins from directory HealthBars loaded in 29 ms.
2025-06-15 18:09:47.039 +02:00 [INF] Plugins from directory HeistIcons loaded in 3 ms.
2025-06-15 18:09:47.039 +02:00 [INF] Plugins from directory HighlightedItems loaded in 7 ms.
2025-06-15 18:09:47.039 +02:00 [INF] Plugins from directory MinimapIcons loaded in 10 ms.
2025-06-15 18:09:47.040 +02:00 [INF] Plugins from directory MiscInformation loaded in 7 ms.
2025-06-15 18:09:47.040 +02:00 [INF] Plugins from directory PassiveSkillTreePlanter loaded in 370 ms.
2025-06-15 18:09:47.040 +02:00 [INF] Plugins from directory PickIt loaded in 27 ms.
2025-06-15 18:09:47.040 +02:00 [INF] Plugins from directory PluginUpdater loaded in 3 ms.
2025-06-15 18:09:47.040 +02:00 [INF] Plugins from directory poe-plugin-willplug loaded in 68 ms.
2025-06-15 18:09:47.040 +02:00 [INF] Plugins from directory PreloadAlert loaded in 34 ms.
2025-06-15 18:09:47.040 +02:00 [INF] Plugins from directory Skill DPS loaded in 3 ms.
2025-06-15 18:09:47.040 +02:00 [INF] Plugins from directory Stashie loaded in 5 ms.
2025-06-15 18:09:47.040 +02:00 [INF] Plugins from directory XPBar loaded in 8 ms.
2025-06-15 18:09:47.040 +02:00 [INF] MiscInformation -> Initialise time: 1.7552 ms.
2025-06-15 18:09:47.040 +02:00 [INF] PreloadAlert -> Initialise time: 0.5844 ms.
2025-06-15 18:09:47.040 +02:00 [INF] [AdvancedUberLabLayout] Loading new lab layout image from site
2025-06-15 18:09:47.040 +02:00 [INF] AdvancedUberLabLayout -> Initialise time: 87.3407 ms.
2025-06-15 18:09:47.040 +02:00 [INF] HealthBars -> Initialise time: 5.0063 ms.
2025-06-15 18:09:47.040 +02:00 [INF] HighlightedItems -> Initialise time: 1.6372 ms.
2025-06-15 18:09:47.040 +02:00 [INF] MinimapIcons -> Initialise time: 11.717 ms.
2025-06-15 18:09:47.040 +02:00 [INF] PluginUpdater -> Initialise time: 0.1402 ms.
2025-06-15 18:09:47.040 +02:00 [INF] Skill_DPS.Core -> Initialise time: 0.0035 ms.
2025-06-15 18:09:47.040 +02:00 [INF] BasicFlaskRoutine -> Initialise time: 14.2777 ms.
2025-06-15 18:09:47.040 +02:00 [INF] Willplug -> Initialise time: 10.438 ms.
2025-06-15 18:09:47.040 +02:00 [INF] XPBar -> Initialise time: 0.03 ms.
2025-06-15 18:09:47.040 +02:00 [INF] HUD loaded in 1432.1194 ms.
2025-06-15 18:09:47.040 +02:00 [INF] Resize from: {X=0,Y=0,Width=3840,Height=2160} to {X=0,Y=730,Width=3840,Height=1430}
2025-06-15 18:09:48.257 +02:00 [ERR] Unhandled exception (TaskScheduler.UnobservedTaskException) in program: System.AggregateException: A Task's exception(s) were not observed either by Waiting on the Task or accessing its Exception property. As a result, the unobserved exception was rethrown by the finalizer thread. (The remote server returned an error: (403) Forbidden.)
 ---> System.Net.WebException: The remote server returned an error: (403) Forbidden.
   at System.Net.HttpWebRequest.GetResponse()
   at System.Net.WebClient.GetWebResponse(WebRequest request)
   at System.Net.WebClient.OpenRead(Uri address)
   at AdvancedUberLabLayout.AdvancedUberLabLayoutCore.LoadData(DateTime data) in AdvancedUberLabLayout/AdvancedUberLabLayoutCore.cs:line 192
   at AdvancedUberLabLayout.AdvancedUberLabLayoutCore.LoadImage() in AdvancedUberLabLayout/AdvancedUberLabLayoutCore.cs:line 127
   --- End of inner exception stack trace ---
2025-06-15 18:09:53.831 +02:00 [INF] Area refresh triggered
2025-06-15 18:14:07.002 +02:00 [INF] Area refresh triggered
2025-06-15 18:15:09.633 +02:00 [INF] Area refresh triggered
2025-06-15 18:15:12.511 +02:00 [INF] Area refresh triggered
2025-06-15 18:17:14.329 +02:00 [INF] Area refresh triggered
2025-06-15 20:27:09.303 +02:00 [ERR] XPBar, PerfomanceRender -> System.NullReferenceException: Object reference not set to an instance of an object.
   at XPBar.Core.Render()
   at ExileCore.Shared.PluginWrapper.PerfomanceRender()
2025-06-15 20:27:59.267 +02:00 [ERR] XPBar, PerfomanceRender -> System.NullReferenceException: Object reference not set to an instance of an object.
   at XPBar.Core.Render()
   at ExileCore.Shared.PluginWrapper.PerfomanceRender()
2025-06-15 20:28:19.599 +02:00 [ERR] Object reference not set to an instance of an object.
2025-06-15 20:28:54.010 +02:00 [ERR] XPBar, PerfomanceRender -> System.NullReferenceException: Object reference not set to an instance of an object.
   at XPBar.Core.Render()
   at ExileCore.Shared.PluginWrapper.PerfomanceRender()
2025-06-15 20:29:15.394 +02:00 [ERR] XPBar, PerfomanceRender -> System.NullReferenceException: Object reference not set to an instance of an object.
   at XPBar.Core.Render()
   at ExileCore.Shared.PluginWrapper.PerfomanceRender()
2025-06-15 20:29:38.980 +02:00 [ERR] XPBar, PerfomanceRender -> System.NullReferenceException: Object reference not set to an instance of an object.
   at XPBar.Core.Render()
   at ExileCore.Shared.PluginWrapper.PerfomanceRender()
2025-06-15 20:29:50.622 +02:00 [INF] Area refresh triggered
2025-06-15 20:29:57.518 +02:00 [INF] Area refresh triggered
2025-06-15 20:29:57.564 +02:00 [ERR] Object reference not set to an instance of an object.
2025-06-15 20:39:38.932 +02:00 [INF] Area refresh triggered
2025-06-15 20:39:41.625 +02:00 [ERR] Object reference not set to an instance of an object.
2025-06-15 20:43:33.748 +02:00 [INF] Area refresh triggered
2025-06-15 20:46:52.758 +02:00 [INF] Area refresh triggered
2025-06-15 20:49:22.140 +02:00 [INF] Area refresh triggered
2025-06-15 20:51:10.623 +02:00 [INF] Area refresh triggered
2025-06-15 20:53:37.238 +02:00 [ERR] Object reference not set to an instance of an object.
2025-06-15 20:53:44.523 +02:00 [INF] Area refresh triggered
2025-06-15 20:54:08.841 +02:00 [INF] Area refresh triggered
2025-06-15 20:56:28.184 +02:00 [INF] Area refresh triggered
2025-06-15 20:57:01.556 +02:00 [INF] Area refresh triggered
2025-06-15 21:00:55.283 +02:00 [INF] Area refresh triggered
2025-06-15 21:02:40.016 +02:00 [INF] Area refresh triggered
2025-06-15 21:02:47.412 +02:00 [INF] Area refresh triggered
2025-06-15 21:02:47.457 +02:00 [ERR] Object reference not set to an instance of an object.
2025-06-15 21:04:44.993 +02:00 [INF] Area refresh triggered
2025-06-15 21:05:22.492 +02:00 [ERR] Object reference not set to an instance of an object.
2025-06-15 21:07:22.062 +02:00 [INF] Area refresh triggered
2025-06-15 21:08:16.584 +02:00 [INF] Area refresh triggered
2025-06-15 21:10:15.470 +02:00 [ERR] Something wrong we parse 188 when expect 76
2025-06-15 21:12:36.256 +02:00 [INF] Area refresh triggered
2025-06-15 21:12:50.645 +02:00 [INF] Area refresh triggered
2025-06-15 21:17:43.237 +02:00 [INF] Area refresh triggered
2025-06-15 21:20:12.980 +02:00 [INF] Area refresh triggered
2025-06-15 21:25:30.986 +02:00 [INF] Area refresh triggered
2025-06-15 21:26:16.396 +02:00 [INF] Area refresh triggered
2025-06-15 21:26:44.408 +02:00 [INF] Area refresh triggered
2025-06-15 21:27:54.601 +02:00 [INF] Area refresh triggered
2025-06-15 21:34:56.909 +02:00 [INF] Area refresh triggered
2025-06-15 21:35:34.510 +02:00 [INF] Area refresh triggered
2025-06-15 21:38:57.775 +02:00 [INF] Area refresh triggered
2025-06-15 21:41:37.469 +02:00 [INF] Area refresh triggered
2025-06-15 21:41:46.178 +02:00 [INF] Area refresh triggered
2025-06-15 21:41:46.222 +02:00 [ERR] Object reference not set to an instance of an object.
2025-06-15 21:47:46.665 +02:00 [INF] Area refresh triggered
2025-06-15 21:47:53.199 +02:00 [INF] Area refresh triggered
2025-06-15 21:47:53.226 +02:00 [ERR] Object reference not set to an instance of an object.
2025-06-15 21:50:19.748 +02:00 [INF] =============== Close hud at 6/15/2025 9:50:19 PM ===============
2025-06-15 21:51:29.159 +02:00 [INF] =============== Start hud at 6/15/2025 9:51:29 PM ===============
2025-06-15 21:51:29.184 +02:00 [INF] PerfTimer =-> Create new offsets (1.0246 ms) Thread #[1]
2025-06-15 21:51:29.449 +02:00 [INF] PerfTimer =-> Load manual fonts (0.4931 ms) Thread #[1]
2025-06-15 21:51:29.449 +02:00 [INF] PerfTimer =-> DX11 Load (1.2528 ms) Thread #[1]
2025-06-15 21:51:29.654 +02:00 [VRB] FileRoot: 7ff61a04db08
2025-06-15 21:51:29.654 +02:00 [VRB] AreaChangeCount: 7ff6191ebee0
2025-06-15 21:51:29.654 +02:00 [VRB] GameStateOffset: 7ff619ed8c88
2025-06-15 21:51:29.654 +02:00 [VRB] DiagnosticInfoTypeOffset: 7ff616d1ff0f
2025-06-15 21:51:29.715 +02:00 [INF] PerfTimer =-> Load files from memory (32.6905 ms) Thread #[1]
2025-06-15 21:51:29.764 +02:00 [WRN] TreeRoutine.Routine.BuildYourOwnRoutine.BuildYourOwnRoutineSettings:TreeRoutine.Routine.BuildYourOwnRoutine.Flask.FlaskSetting[]:FlaskSettings TreeRoutine.Routine.BuildYourOwnRoutine.Flask.FlaskSetting[] is not a supported settings element. This is probably a bug in the plugin.
2025-06-15 21:51:29.766 +02:00 [WRN] TreeRoutine.Routine.BuildYourOwnRoutine.BuildYourOwnRoutineSettings:System.Numerics.Vector2:LastSettingPos <0, 0> is not a supported settings element. This is probably a bug in the plugin.
2025-06-15 21:51:29.766 +02:00 [WRN] TreeRoutine.Routine.BuildYourOwnRoutine.BuildYourOwnRoutineSettings:System.Numerics.Vector2:LastSettingSize <0, 0> is not a supported settings element. This is probably a bug in the plugin.
2025-06-15 21:51:29.779 +02:00 [WRN] TreeRoutine.Routine.BasicFlaskRoutine.BasicFlaskRoutineSettings:TreeRoutine.Routine.BasicFlaskRoutine.Flask.FlaskSetting[]:FlaskSettings TreeRoutine.Routine.BasicFlaskRoutine.Flask.FlaskSetting[] is not a supported settings element. This is probably a bug in the plugin.
2025-06-15 21:51:29.822 +02:00 [WRN] FullRareSetManager.FullRareSetManagerSettings:System.Int32:SetsAmountStatistics 0 is not a supported settings element. This is probably a bug in the plugin.
2025-06-15 21:51:29.879 +02:00 [WRN] MinimapIcons.MapIconsSettings:System.Single:SizeDefaultIcon 16 is not a supported settings element. This is probably a bug in the plugin.
2025-06-15 21:51:30.349 +02:00 [WRN] PickIt.PickItSettings:System.String:NormalRuleFile  is not a supported settings element. This is probably a bug in the plugin.
2025-06-15 21:51:30.349 +02:00 [WRN] PickIt.PickItSettings:System.String:MagicRuleFile  is not a supported settings element. This is probably a bug in the plugin.
2025-06-15 21:51:30.349 +02:00 [WRN] PickIt.PickItSettings:System.String:RareRuleFile  is not a supported settings element. This is probably a bug in the plugin.
2025-06-15 21:51:30.349 +02:00 [WRN] PickIt.PickItSettings:System.String:UniqueRuleFile  is not a supported settings element. This is probably a bug in the plugin.
2025-06-15 21:51:30.349 +02:00 [WRN] PickIt.PickItSettings:System.String:WeightRuleFile  is not a supported settings element. This is probably a bug in the plugin.
2025-06-15 21:51:30.349 +02:00 [WRN] PickIt.PickItSettings:System.String:IgnoreRuleFile  is not a supported settings element. This is probably a bug in the plugin.
2025-06-15 21:51:30.349 +02:00 [WRN] PickIt.PickItSettings:System.Numerics.Vector2:InventorySlotsVector2 <0, 0> is not a supported settings element. This is probably a bug in the plugin.
2025-06-15 21:51:30.349 +02:00 [WRN] PickIt.PickItSettings:PickIt.PickItSettings+FRSMOverrides:FullRareSetManagerPickupOverrides PickIt.PickItSettings+FRSMOverrides is not a supported settings element. This is probably a bug in the plugin.
2025-06-15 21:51:30.500 +02:00 [INF] PerfTimer =-> Preload stats and mods (785.1029 ms) Thread #[18]
2025-06-15 21:51:30.506 +02:00 [WRN] Stashie.StashieSettings:System.Int32[,]:IgnoredCells System.Int32[,] is not a supported settings element. This is probably a bug in the plugin.
2025-06-15 21:51:30.659 +02:00 [ERR] Unhandled exception (TaskScheduler.UnobservedTaskException) in program: System.AggregateException: A Task's exception(s) were not observed either by Waiting on the Task or accessing its Exception property. As a result, the unobserved exception was rethrown by the finalizer thread. (The remote server returned an error: (403) Forbidden.)
 ---> System.Net.WebException: The remote server returned an error: (403) Forbidden.
   at System.Net.HttpWebRequest.GetResponse()
   at System.Net.WebClient.GetWebResponse(WebRequest request)
   at System.Net.WebClient.OpenRead(Uri address)
   at AdvancedUberLabLayout.AdvancedUberLabLayoutCore.LoadData(DateTime data) in AdvancedUberLabLayout/AdvancedUberLabLayoutCore.cs:line 192
   at AdvancedUberLabLayout.AdvancedUberLabLayoutCore.LoadImage() in AdvancedUberLabLayout/AdvancedUberLabLayoutCore.cs:line 127
   --- End of inner exception stack trace ---
2025-06-15 21:51:30.715 +02:00 [INF] PerfTimer =-> Plugin loader (984.6654 ms) Thread #[1]
2025-06-15 21:51:30.742 +02:00 [INF] Pattern: BlackBarSize -> : Time: 2.8114 ms. Offset:[4566359] Started searching offset with:0
2025-06-15 21:51:30.742 +02:00 [INF] Pattern: Game State -> : Time: 3.8362 ms. Offset:[853726] Started searching offset with:0
2025-06-15 21:51:30.742 +02:00 [INF] Pattern: Area change -> : Time: 18.3152 ms. Offset:[12637764] Started searching offset with:0
2025-06-15 21:51:30.742 +02:00 [INF] Pattern: DiagnosticInfoType -> : Time: 25.745 ms. Offset:[0] Started searching offset with:0
2025-06-15 21:51:30.742 +02:00 [INF] Pattern: Terrain Rotation Selector -> : Time: 38.5047 ms. Offset:[28184863] Started searching offset with:0
2025-06-15 21:51:30.742 +02:00 [INF] Pattern: Terrain Rotator Helper -> : Time: 40.1943 ms. Offset:[28184863] Started searching offset with:0
2025-06-15 21:51:30.742 +02:00 [INF] Pattern: File Root -> : Time: 40.7032 ms. Offset:[32293715] Started searching offset with:0
2025-06-15 21:51:30.742 +02:00 [INF] Pattern scan done: 00:00:00.0438849
2025-06-15 21:51:30.742 +02:00 [INF] Area refresh triggered
2025-06-15 21:51:30.742 +02:00 [INF] Plugins from directory AdvancedTooltip loaded in 12 ms.
2025-06-15 21:51:30.743 +02:00 [INF] Plugins from directory AdvancedUberLabLayout loaded in 4 ms.
2025-06-15 21:51:30.743 +02:00 [INF] Plugins from directory AutoOpen loaded in 4 ms.
2025-06-15 21:51:30.743 +02:00 [INF] Plugins from directory AutoQuit loaded in 2 ms.
2025-06-15 21:51:30.743 +02:00 [INF] Plugins from directory BasicFlaskRoutine loaded in 22 ms.
2025-06-15 21:51:30.743 +02:00 [INF] Plugins from directory BuffUtil loaded in 10 ms.
2025-06-15 21:51:30.743 +02:00 [INF] Plugins from directory DevTree loaded in 9 ms.
2025-06-15 21:51:30.743 +02:00 [INF] Plugins from directory DPSMeter loaded in 4 ms.
2025-06-15 21:51:30.743 +02:00 [INF] Plugins from directory EliteBar loaded in 11 ms.
2025-06-15 21:51:30.743 +02:00 [INF] Plugins from directory FullRareSetManager loaded in 8 ms.
2025-06-15 21:51:30.743 +02:00 [INF] Plugins from directory HealthBars loaded in 31 ms.
2025-06-15 21:51:30.743 +02:00 [INF] Plugins from directory HeistIcons loaded in 4 ms.
2025-06-15 21:51:30.743 +02:00 [INF] Plugins from directory HighlightedItems loaded in 8 ms.
2025-06-15 21:51:30.743 +02:00 [INF] Plugins from directory MinimapIcons loaded in 11 ms.
2025-06-15 21:51:30.743 +02:00 [INF] Plugins from directory MiscInformation loaded in 34 ms.
2025-06-15 21:51:30.743 +02:00 [INF] Plugins from directory PassiveSkillTreePlanter loaded in 390 ms.
2025-06-15 21:51:30.743 +02:00 [INF] Plugins from directory PickIt loaded in 44 ms.
2025-06-15 21:51:30.743 +02:00 [INF] Plugins from directory PluginUpdater loaded in 3 ms.
2025-06-15 21:51:30.743 +02:00 [INF] Plugins from directory poe-plugin-willplug loaded in 69 ms.
2025-06-15 21:51:30.743 +02:00 [INF] Plugins from directory PreloadAlert loaded in 73 ms.
2025-06-15 21:51:30.743 +02:00 [INF] Plugins from directory Skill DPS loaded in 4 ms.
2025-06-15 21:51:30.743 +02:00 [INF] Plugins from directory Stashie loaded in 6 ms.
2025-06-15 21:51:30.743 +02:00 [INF] Plugins from directory XPBar loaded in 2 ms.
2025-06-15 21:51:30.743 +02:00 [INF] MiscInformation -> Initialise time: 1.9088 ms.
2025-06-15 21:51:30.743 +02:00 [INF] PreloadAlert -> Initialise time: 0.631 ms.
2025-06-15 21:51:30.743 +02:00 [INF] [AdvancedUberLabLayout] Loading new lab layout image from site
2025-06-15 21:51:30.743 +02:00 [INF] AdvancedUberLabLayout -> Initialise time: 122.9144 ms.
2025-06-15 21:51:30.743 +02:00 [INF] HealthBars -> Initialise time: 18.5967 ms.
2025-06-15 21:51:30.743 +02:00 [INF] HighlightedItems -> Initialise time: 2.6111 ms.
2025-06-15 21:51:30.743 +02:00 [INF] MinimapIcons -> Initialise time: 15.4665 ms.
2025-06-15 21:51:30.743 +02:00 [INF] PluginUpdater -> Initialise time: 0.1763 ms.
2025-06-15 21:51:30.743 +02:00 [INF] Skill_DPS.Core -> Initialise time: 0.0044 ms.
2025-06-15 21:51:30.743 +02:00 [INF] BasicFlaskRoutine -> Initialise time: 25.7173 ms.
2025-06-15 21:51:30.743 +02:00 [INF] Willplug -> Initialise time: 13.6276 ms.
2025-06-15 21:51:30.743 +02:00 [INF] XPBar -> Initialise time: 0.0369 ms.
2025-06-15 21:51:30.743 +02:00 [INF] HUD loaded in 1641.0609 ms.
2025-06-15 21:51:30.857 +02:00 [INF] Resize from: {X=0,Y=0,Width=3840,Height=2160} to {X=0,Y=730,Width=3840,Height=1430}
2025-06-15 21:51:30.857 +02:00 [ERR] 1 ActivateBuffIfNotPresent
2025-06-15 21:54:25.392 +02:00 [INF] Area refresh triggered
2025-06-15 21:56:14.316 +02:00 [INF] Area refresh triggered
2025-06-15 21:56:15.004 +02:00 [ERR] 1 ActivateBuffIfNotPresent
2025-06-15 21:57:20.399 +02:00 [ERR] 4 ActivateBuffIfNotPresent
2025-06-15 22:05:36.747 +02:00 [INF] Area refresh triggered
2025-06-15 22:10:50.555 +02:00 [ERR] Object reference not set to an instance of an object.
2025-06-15 22:10:50.555 +02:00 [ERR] XPBar, PerfomanceRender -> System.NullReferenceException: Object reference not set to an instance of an object.
   at XPBar.Core.Render()
   at ExileCore.Shared.PluginWrapper.PerfomanceRender()
2025-06-15 22:10:50.590 +02:00 [INF] Area refresh triggered
2025-06-15 22:11:17.044 +02:00 [INF] Area refresh triggered
2025-06-15 22:11:38.184 +02:00 [INF] Area refresh triggered
2025-06-15 22:12:50.722 +02:00 [INF] Area refresh triggered
2025-06-15 22:12:57.382 +02:00 [INF] Area refresh triggered
2025-06-15 22:12:57.444 +02:00 [ERR] Object reference not set to an instance of an object.
2025-06-15 22:14:25.883 +02:00 [INF] Area refresh triggered
2025-06-15 22:14:27.419 +02:00 [ERR] 1 ActivateBuffIfNotPresent
2025-06-15 22:14:28.849 +02:00 [INF] Area refresh triggered
2025-06-15 22:14:28.911 +02:00 [ERR] Object reference not set to an instance of an object.
2025-06-15 22:14:42.838 +02:00 [INF] Area refresh triggered
2025-06-15 22:14:45.646 +02:00 [ERR] 1 ActivateBuffIfNotPresent
2025-06-15 22:17:19.822 +02:00 [ERR] 1 ActivateBuffIfNotPresent
2025-06-15 22:18:42.202 +02:00 [INF] Area refresh triggered
2025-06-15 22:20:49.112 +02:00 [INF] Area refresh triggered
2025-06-15 22:20:50.048 +02:00 [ERR] 1 ActivateBuffIfNotPresent
2025-06-15 22:22:44.545 +02:00 [ERR] Object reference not set to an instance of an object.
2025-06-15 22:23:58.711 +02:00 [INF] Area refresh triggered
2025-06-15 22:25:45.241 +02:00 [INF] Area refresh triggered
2025-06-15 22:25:45.853 +02:00 [ERR] 1 ActivateBuffIfNotPresent
2025-06-15 22:26:18.167 +02:00 [ERR] Object reference not set to an instance of an object.
2025-06-15 22:29:34.945 +02:00 [ERR] 4 ActivateBuffIfNotPresent
2025-06-15 22:30:02.484 +02:00 [INF] Area refresh triggered
2025-06-15 22:31:17.927 +02:00 [INF] Area refresh triggered
2025-06-15 22:31:18.740 +02:00 [ERR] 1 ActivateBuffIfNotPresent
2025-06-15 22:31:36.373 +02:00 [ERR] Something wrong we parse 2629 when expect 433
2025-06-15 22:37:13.988 +02:00 [INF] Area refresh triggered
2025-06-15 22:38:14.416 +02:00 [INF] Area refresh triggered
2025-06-15 22:38:20.906 +02:00 [INF] Area refresh triggered
2025-06-15 22:38:20.967 +02:00 [ERR] Object reference not set to an instance of an object.
2025-06-15 22:49:46.945 +02:00 [INF] Area refresh triggered
2025-06-15 22:50:03.501 +02:00 [INF] Area refresh triggered
2025-06-15 22:50:03.565 +02:00 [ERR] Object reference not set to an instance of an object.
2025-06-15 22:53:09.648 +02:00 [INF] Area refresh triggered
2025-06-15 22:53:10.662 +02:00 [ERR] 1 ActivateBuffIfNotPresent
2025-06-15 22:53:12.109 +02:00 [INF] Area refresh triggered
2025-06-15 22:53:12.155 +02:00 [ERR] Object reference not set to an instance of an object.
2025-06-15 22:58:37.078 +02:00 [INF] Area refresh triggered
2025-06-15 22:58:38.307 +02:00 [ERR] 1 ActivateBuffIfNotPresent
2025-06-15 23:02:16.659 +02:00 [ERR] Object reference not set to an instance of an object.
2025-06-15 23:04:57.763 +02:00 [INF] Area refresh triggered
2025-06-15 23:10:01.775 +02:00 [ERR] Object reference not set to an instance of an object.
2025-06-15 23:10:01.793 +02:00 [INF] Area refresh triggered
2025-06-15 23:10:12.322 +02:00 [INF] Area refresh triggered
2025-06-15 23:10:12.323 +02:00 [INF] [AdvancedUberLabLayout] Loading new lab layout image from site
2025-06-15 23:10:12.783 +02:00 [ERR] Unhandled exception (TaskScheduler.UnobservedTaskException) in program: System.AggregateException: A Task's exception(s) were not observed either by Waiting on the Task or accessing its Exception property. As a result, the unobserved exception was rethrown by the finalizer thread. (The remote server returned an error: (403) Forbidden.)
 ---> System.Net.WebException: The remote server returned an error: (403) Forbidden.
   at System.Net.HttpWebRequest.GetResponse()
   at System.Net.WebClient.GetWebResponse(WebRequest request)
   at System.Net.WebClient.OpenRead(Uri address)
   at AdvancedUberLabLayout.AdvancedUberLabLayoutCore.LoadData(DateTime data) in AdvancedUberLabLayout/AdvancedUberLabLayoutCore.cs:line 192
   at AdvancedUberLabLayout.AdvancedUberLabLayoutCore.LoadImage() in AdvancedUberLabLayout/AdvancedUberLabLayoutCore.cs:line 127
   --- End of inner exception stack trace ---
2025-06-15 23:10:15.625 +02:00 [ERR] 1 ActivateBuffIfNotPresent
2025-06-15 23:10:31.967 +02:00 [INF] Area refresh triggered
2025-06-15 23:10:31.967 +02:00 [INF] [AdvancedUberLabLayout] Loading new lab layout image from site
2025-06-15 23:10:32.002 +02:00 [ERR] Unhandled exception (TaskScheduler.UnobservedTaskException) in program: System.AggregateException: A Task's exception(s) were not observed either by Waiting on the Task or accessing its Exception property. As a result, the unobserved exception was rethrown by the finalizer thread. (The remote server returned an error: (403) Forbidden.)
 ---> System.Net.WebException: The remote server returned an error: (403) Forbidden.
   at System.Net.HttpWebRequest.GetResponse()
   at System.Net.WebClient.GetWebResponse(WebRequest request)
   at System.Net.WebClient.OpenRead(Uri address)
   at AdvancedUberLabLayout.AdvancedUberLabLayoutCore.LoadData(DateTime data) in AdvancedUberLabLayout/AdvancedUberLabLayoutCore.cs:line 192
   at AdvancedUberLabLayout.AdvancedUberLabLayoutCore.LoadImage() in AdvancedUberLabLayout/AdvancedUberLabLayoutCore.cs:line 127
   --- End of inner exception stack trace ---
2025-06-15 23:10:57.072 +02:00 [INF] Area refresh triggered
2025-06-15 23:11:42.920 +02:00 [INF] Area refresh triggered
2025-06-15 23:12:47.403 +02:00 [INF] Area refresh triggered
2025-06-15 23:13:05.468 +02:00 [INF] Area refresh triggered
2025-06-15 23:13:41.165 +02:00 [INF] Area refresh triggered
2025-06-15 23:14:59.347 +02:00 [INF] Area refresh triggered
2025-06-15 23:16:08.455 +02:00 [INF] Area refresh triggered
2025-06-15 23:17:07.564 +02:00 [INF] Area refresh triggered
2025-06-15 23:17:45.742 +02:00 [ERR] 4 ActivateBuffIfNotPresent
2025-06-15 23:17:45.812 +02:00 [ERR] Skill on cooldown
2025-06-15 23:18:00.266 +02:00 [INF] Area refresh triggered
2025-06-15 23:18:43.889 +02:00 [INF] Area refresh triggered
2025-06-15 23:19:33.950 +02:00 [INF] Area refresh triggered
2025-06-15 23:21:21.531 +02:00 [ERR] [Willplug] Willplug: Exception! Printscreen this and post it.
Object reference not set to an instance of an object.
   at Willplug.BotBehavior.CharAbilities.<>c__DisplayClass153_0.<CreateUseGuardSkillComposite>b__0(Object <p0>) in C:\gitrepos\poe_api_tehcheat\poe-plugin-willplug\CharAbilities.cs:line 1684
   at TreeRoutine.TreeSharp.Decorator.Execute(Object context)+MoveNext() in C:\gitrepos\poe_api_tehcheat\poe-plugin-willplug\TreeRoutine\TreeSharp\Decorator.cs:line 65
   at TreeRoutine.TreeSharp.Composite.Tick(Object context) in C:\gitrepos\poe_api_tehcheat\poe-plugin-willplug\TreeRoutine\TreeSharp\Composite.cs:line 143
   at TreeRoutine.TreeSharp.PrioritySelector.Execute(Object context)+MoveNext() in C:\gitrepos\poe_api_tehcheat\poe-plugin-willplug\TreeRoutine\TreeSharp\PrioritySelector.cs:line 60
   at TreeRoutine.TreeSharp.Composite.Tick(Object context) in C:\gitrepos\poe_api_tehcheat\poe-plugin-willplug\TreeRoutine\TreeSharp\Composite.cs:line 143
   at TreeRoutine.TreeSharp.Decorator.Execute(Object context)+MoveNext() in C:\gitrepos\poe_api_tehcheat\poe-plugin-willplug\TreeRoutine\TreeSharp\Decorator.cs:line 78
   at TreeRoutine.TreeSharp.Composite.Tick(Object context) in C:\gitrepos\poe_api_tehcheat\poe-plugin-willplug\TreeRoutine\TreeSharp\Composite.cs:line 143
   at TreeRoutine.BaseTreeRoutinePlugin`2.TickTree(Composite treeRoot) in C:\gitrepos\poe_api_tehcheat\poe-plugin-willplug\TreeRoutine\BaseTreeRoutinePlugin.cs:line 110
2025-06-15 23:22:22.730 +02:00 [INF] Area refresh triggered
2025-06-15 23:22:25.797 +02:00 [INF] Area refresh triggered
2025-06-15 23:28:10.330 +02:00 [INF] Area refresh triggered
2025-06-15 23:28:18.160 +02:00 [ERR] 1 ActivateBuffIfNotPresent
2025-06-15 23:31:06.432 +02:00 [ERR] 4 ActivateBuffIfNotPresent
2025-06-15 23:31:06.483 +02:00 [ERR] Skill on cooldown
2025-06-15 23:32:12.627 +02:00 [ERR] 4 ActivateBuffIfNotPresent
2025-06-15 23:34:05.225 +02:00 [INF] Area refresh triggered
2025-06-15 23:39:31.389 +02:00 [INF] Area refresh triggered
2025-06-15 23:39:41.351 +02:00 [INF] Area refresh triggered
2025-06-15 23:39:41.397 +02:00 [ERR] Object reference not set to an instance of an object.
2025-06-15 23:41:39.793 +02:00 [INF] Area refresh triggered
2025-06-15 23:42:06.413 +02:00 [INF] Area refresh triggered
2025-06-15 23:42:39.018 +02:00 [INF] Area refresh triggered
2025-06-15 23:44:31.826 +02:00 [INF] Area refresh triggered
2025-06-15 23:44:31.826 +02:00 [INF] [AdvancedUberLabLayout] Loading new lab layout image from site
2025-06-15 23:44:31.887 +02:00 [ERR] Unhandled exception (TaskScheduler.UnobservedTaskException) in program: System.AggregateException: A Task's exception(s) were not observed either by Waiting on the Task or accessing its Exception property. As a result, the unobserved exception was rethrown by the finalizer thread. (The remote server returned an error: (403) Forbidden.)
 ---> System.Net.WebException: The remote server returned an error: (403) Forbidden.
   at System.Net.HttpWebRequest.GetResponse()
   at System.Net.WebClient.GetWebResponse(WebRequest request)
   at System.Net.WebClient.OpenRead(Uri address)
   at AdvancedUberLabLayout.AdvancedUberLabLayoutCore.LoadData(DateTime data) in AdvancedUberLabLayout/AdvancedUberLabLayoutCore.cs:line 192
   at AdvancedUberLabLayout.AdvancedUberLabLayoutCore.LoadImage() in AdvancedUberLabLayout/AdvancedUberLabLayoutCore.cs:line 127
   --- End of inner exception stack trace ---
2025-06-15 23:44:34.010 +02:00 [ERR] 1 ActivateBuffIfNotPresent
2025-06-15 23:48:57.369 +02:00 [INF] Area refresh triggered
