2025-06-14 11:53:27.281 +02:00 [WRN] TreeRoutine.Routine.BuildYourOwnRoutine.BuildYourOwnRoutineSettings:TreeRoutine.Routine.BuildYourOwnRoutine.Flask.FlaskSetting[]:FlaskSettings TreeRoutine.Routine.BuildYourOwnRoutine.Flask.FlaskSetting[] is not a supported settings element. This is probably a bug in the plugin.
2025-06-14 11:53:27.284 +02:00 [WRN] TreeRoutine.Routine.BuildYourOwnRoutine.BuildYourOwnRoutineSettings:System.Numerics.Vector2:LastSettingPos <0, 0> is not a supported settings element. This is probably a bug in the plugin.
2025-06-14 11:53:27.284 +02:00 [WRN] TreeRoutine.Routine.BuildYourOwnRoutine.BuildYourOwnRoutineSettings:System.Numerics.Vector2:LastSettingSize <0, 0> is not a supported settings element. This is probably a bug in the plugin.
2025-06-14 11:53:27.287 +02:00 [WRN] TreeRoutine.Routine.BasicFlaskRoutine.BasicFlaskRoutineSettings:TreeRoutine.Routine.BasicFlaskRoutine.Flask.FlaskSetting[]:FlaskSettings TreeRoutine.Routine.BasicFlaskRoutine.Flask.FlaskSetting[] is not a supported settings element. This is probably a bug in the plugin.
2025-06-14 11:53:27.696 +02:00 [WRN] FullRareSetManager.FullRareSetManagerSettings:System.Int32:SetsAmountStatistics 0 is not a supported settings element. This is probably a bug in the plugin.
2025-06-14 11:53:27.944 +02:00 [WRN] MinimapIcons.MapIconsSettings:System.Single:SizeDefaultIcon 16 is not a supported settings element. This is probably a bug in the plugin.
2025-06-14 11:53:28.449 +02:00 [WRN] PickIt.PickItSettings:System.String:NormalRuleFile  is not a supported settings element. This is probably a bug in the plugin.
2025-06-14 11:53:28.449 +02:00 [WRN] PickIt.PickItSettings:System.String:MagicRuleFile  is not a supported settings element. This is probably a bug in the plugin.
2025-06-14 11:53:28.449 +02:00 [WRN] PickIt.PickItSettings:System.String:RareRuleFile  is not a supported settings element. This is probably a bug in the plugin.
2025-06-14 11:53:28.449 +02:00 [WRN] PickIt.PickItSettings:System.String:UniqueRuleFile  is not a supported settings element. This is probably a bug in the plugin.
2025-06-14 11:53:28.449 +02:00 [WRN] PickIt.PickItSettings:System.String:WeightRuleFile  is not a supported settings element. This is probably a bug in the plugin.
2025-06-14 11:53:28.449 +02:00 [WRN] PickIt.PickItSettings:System.String:IgnoreRuleFile  is not a supported settings element. This is probably a bug in the plugin.
2025-06-14 11:53:28.449 +02:00 [WRN] PickIt.PickItSettings:System.Numerics.Vector2:InventorySlotsVector2 <0, 0> is not a supported settings element. This is probably a bug in the plugin.
2025-06-14 11:53:28.449 +02:00 [WRN] PickIt.PickItSettings:PickIt.PickItSettings+FRSMOverrides:FullRareSetManagerPickupOverrides PickIt.PickItSettings+FRSMOverrides is not a supported settings element. This is probably a bug in the plugin.
2025-06-14 11:53:28.786 +02:00 [WRN] Stashie.StashieSettings:System.Int32[,]:IgnoredCells System.Int32[,] is not a supported settings element. This is probably a bug in the plugin.
2025-06-14 11:54:32.856 +02:00 [WRN] TreeRoutine.Routine.BuildYourOwnRoutine.BuildYourOwnRoutineSettings:TreeRoutine.Routine.BuildYourOwnRoutine.Flask.FlaskSetting[]:FlaskSettings TreeRoutine.Routine.BuildYourOwnRoutine.Flask.FlaskSetting[] is not a supported settings element. This is probably a bug in the plugin.
2025-06-14 11:54:32.859 +02:00 [WRN] TreeRoutine.Routine.BuildYourOwnRoutine.BuildYourOwnRoutineSettings:System.Numerics.Vector2:LastSettingPos <0, 0> is not a supported settings element. This is probably a bug in the plugin.
2025-06-14 11:54:32.860 +02:00 [WRN] TreeRoutine.Routine.BuildYourOwnRoutine.BuildYourOwnRoutineSettings:System.Numerics.Vector2:LastSettingSize <0, 0> is not a supported settings element. This is probably a bug in the plugin.
2025-06-14 11:54:32.872 +02:00 [WRN] TreeRoutine.Routine.BasicFlaskRoutine.BasicFlaskRoutineSettings:TreeRoutine.Routine.BasicFlaskRoutine.Flask.FlaskSetting[]:FlaskSettings TreeRoutine.Routine.BasicFlaskRoutine.Flask.FlaskSetting[] is not a supported settings element. This is probably a bug in the plugin.
2025-06-14 11:54:32.914 +02:00 [WRN] FullRareSetManager.FullRareSetManagerSettings:System.Int32:SetsAmountStatistics 0 is not a supported settings element. This is probably a bug in the plugin.
2025-06-14 11:54:32.977 +02:00 [WRN] MinimapIcons.MapIconsSettings:System.Single:SizeDefaultIcon 16 is not a supported settings element. This is probably a bug in the plugin.
2025-06-14 11:54:33.469 +02:00 [WRN] PickIt.PickItSettings:System.String:NormalRuleFile  is not a supported settings element. This is probably a bug in the plugin.
2025-06-14 11:54:33.469 +02:00 [WRN] PickIt.PickItSettings:System.String:MagicRuleFile  is not a supported settings element. This is probably a bug in the plugin.
2025-06-14 11:54:33.469 +02:00 [WRN] PickIt.PickItSettings:System.String:RareRuleFile  is not a supported settings element. This is probably a bug in the plugin.
2025-06-14 11:54:33.469 +02:00 [WRN] PickIt.PickItSettings:System.String:UniqueRuleFile  is not a supported settings element. This is probably a bug in the plugin.
2025-06-14 11:54:33.469 +02:00 [WRN] PickIt.PickItSettings:System.String:WeightRuleFile  is not a supported settings element. This is probably a bug in the plugin.
2025-06-14 11:54:33.469 +02:00 [WRN] PickIt.PickItSettings:System.String:IgnoreRuleFile  is not a supported settings element. This is probably a bug in the plugin.
2025-06-14 11:54:33.469 +02:00 [WRN] PickIt.PickItSettings:System.Numerics.Vector2:InventorySlotsVector2 <0, 0> is not a supported settings element. This is probably a bug in the plugin.
2025-06-14 11:54:33.469 +02:00 [WRN] PickIt.PickItSettings:PickIt.PickItSettings+FRSMOverrides:FullRareSetManagerPickupOverrides PickIt.PickItSettings+FRSMOverrides is not a supported settings element. This is probably a bug in the plugin.
2025-06-14 11:54:33.553 +02:00 [WRN] Stashie.StashieSettings:System.Int32[,]:IgnoredCells System.Int32[,] is not a supported settings element. This is probably a bug in the plugin.
2025-06-14 11:56:28.655 +02:00 [WRN] TreeRoutine.Routine.BuildYourOwnRoutine.BuildYourOwnRoutineSettings:TreeRoutine.Routine.BuildYourOwnRoutine.Flask.FlaskSetting[]:FlaskSettings TreeRoutine.Routine.BuildYourOwnRoutine.Flask.FlaskSetting[] is not a supported settings element. This is probably a bug in the plugin.
2025-06-14 11:56:28.658 +02:00 [WRN] TreeRoutine.Routine.BuildYourOwnRoutine.BuildYourOwnRoutineSettings:System.Numerics.Vector2:LastSettingPos <0, 0> is not a supported settings element. This is probably a bug in the plugin.
2025-06-14 11:56:28.658 +02:00 [WRN] TreeRoutine.Routine.BuildYourOwnRoutine.BuildYourOwnRoutineSettings:System.Numerics.Vector2:LastSettingSize <0, 0> is not a supported settings element. This is probably a bug in the plugin.
2025-06-14 11:56:28.669 +02:00 [WRN] TreeRoutine.Routine.BasicFlaskRoutine.BasicFlaskRoutineSettings:TreeRoutine.Routine.BasicFlaskRoutine.Flask.FlaskSetting[]:FlaskSettings TreeRoutine.Routine.BasicFlaskRoutine.Flask.FlaskSetting[] is not a supported settings element. This is probably a bug in the plugin.
2025-06-14 11:56:28.707 +02:00 [WRN] FullRareSetManager.FullRareSetManagerSettings:System.Int32:SetsAmountStatistics 0 is not a supported settings element. This is probably a bug in the plugin.
2025-06-14 11:56:28.756 +02:00 [WRN] MinimapIcons.MapIconsSettings:System.Single:SizeDefaultIcon 16 is not a supported settings element. This is probably a bug in the plugin.
2025-06-14 11:56:29.147 +02:00 [WRN] PickIt.PickItSettings:System.String:NormalRuleFile  is not a supported settings element. This is probably a bug in the plugin.
2025-06-14 11:56:29.147 +02:00 [WRN] PickIt.PickItSettings:System.String:MagicRuleFile  is not a supported settings element. This is probably a bug in the plugin.
2025-06-14 11:56:29.147 +02:00 [WRN] PickIt.PickItSettings:System.String:RareRuleFile  is not a supported settings element. This is probably a bug in the plugin.
2025-06-14 11:56:29.147 +02:00 [WRN] PickIt.PickItSettings:System.String:UniqueRuleFile  is not a supported settings element. This is probably a bug in the plugin.
2025-06-14 11:56:29.147 +02:00 [WRN] PickIt.PickItSettings:System.String:WeightRuleFile  is not a supported settings element. This is probably a bug in the plugin.
2025-06-14 11:56:29.147 +02:00 [WRN] PickIt.PickItSettings:System.String:IgnoreRuleFile  is not a supported settings element. This is probably a bug in the plugin.
2025-06-14 11:56:29.147 +02:00 [WRN] PickIt.PickItSettings:System.Numerics.Vector2:InventorySlotsVector2 <0, 0> is not a supported settings element. This is probably a bug in the plugin.
2025-06-14 11:56:29.148 +02:00 [WRN] PickIt.PickItSettings:PickIt.PickItSettings+FRSMOverrides:FullRareSetManagerPickupOverrides PickIt.PickItSettings+FRSMOverrides is not a supported settings element. This is probably a bug in the plugin.
2025-06-14 11:56:29.218 +02:00 [WRN] Stashie.StashieSettings:System.Int32[,]:IgnoredCells System.Int32[,] is not a supported settings element. This is probably a bug in the plugin.
2025-06-14 12:20:14.735 +02:00 [WRN] TreeRoutine.Routine.BuildYourOwnRoutine.BuildYourOwnRoutineSettings:TreeRoutine.Routine.BuildYourOwnRoutine.Flask.FlaskSetting[]:FlaskSettings TreeRoutine.Routine.BuildYourOwnRoutine.Flask.FlaskSetting[] is not a supported settings element. This is probably a bug in the plugin.
2025-06-14 12:20:14.738 +02:00 [WRN] TreeRoutine.Routine.BuildYourOwnRoutine.BuildYourOwnRoutineSettings:System.Numerics.Vector2:LastSettingPos <0, 0> is not a supported settings element. This is probably a bug in the plugin.
2025-06-14 12:20:14.738 +02:00 [WRN] TreeRoutine.Routine.BuildYourOwnRoutine.BuildYourOwnRoutineSettings:System.Numerics.Vector2:LastSettingSize <0, 0> is not a supported settings element. This is probably a bug in the plugin.
2025-06-14 12:20:14.749 +02:00 [WRN] TreeRoutine.Routine.BasicFlaskRoutine.BasicFlaskRoutineSettings:TreeRoutine.Routine.BasicFlaskRoutine.Flask.FlaskSetting[]:FlaskSettings TreeRoutine.Routine.BasicFlaskRoutine.Flask.FlaskSetting[] is not a supported settings element. This is probably a bug in the plugin.
2025-06-14 12:20:14.795 +02:00 [WRN] FullRareSetManager.FullRareSetManagerSettings:System.Int32:SetsAmountStatistics 0 is not a supported settings element. This is probably a bug in the plugin.
2025-06-14 12:20:14.850 +02:00 [WRN] MinimapIcons.MapIconsSettings:System.Single:SizeDefaultIcon 16 is not a supported settings element. This is probably a bug in the plugin.
2025-06-14 12:20:15.272 +02:00 [WRN] PickIt.PickItSettings:System.String:NormalRuleFile  is not a supported settings element. This is probably a bug in the plugin.
2025-06-14 12:20:15.272 +02:00 [WRN] PickIt.PickItSettings:System.String:MagicRuleFile  is not a supported settings element. This is probably a bug in the plugin.
2025-06-14 12:20:15.272 +02:00 [WRN] PickIt.PickItSettings:System.String:RareRuleFile  is not a supported settings element. This is probably a bug in the plugin.
2025-06-14 12:20:15.272 +02:00 [WRN] PickIt.PickItSettings:System.String:UniqueRuleFile  is not a supported settings element. This is probably a bug in the plugin.
2025-06-14 12:20:15.272 +02:00 [WRN] PickIt.PickItSettings:System.String:WeightRuleFile  is not a supported settings element. This is probably a bug in the plugin.
2025-06-14 12:20:15.272 +02:00 [WRN] PickIt.PickItSettings:System.String:IgnoreRuleFile  is not a supported settings element. This is probably a bug in the plugin.
2025-06-14 12:20:15.273 +02:00 [WRN] PickIt.PickItSettings:System.Numerics.Vector2:InventorySlotsVector2 <0, 0> is not a supported settings element. This is probably a bug in the plugin.
2025-06-14 12:20:15.273 +02:00 [WRN] PickIt.PickItSettings:PickIt.PickItSettings+FRSMOverrides:FullRareSetManagerPickupOverrides PickIt.PickItSettings+FRSMOverrides is not a supported settings element. This is probably a bug in the plugin.
2025-06-14 12:20:15.352 +02:00 [WRN] Stashie.StashieSettings:System.Int32[,]:IgnoredCells System.Int32[,] is not a supported settings element. This is probably a bug in the plugin.
2025-06-14 15:27:48.130 +02:00 [WRN] TreeRoutine.Routine.BuildYourOwnRoutine.BuildYourOwnRoutineSettings:TreeRoutine.Routine.BuildYourOwnRoutine.Flask.FlaskSetting[]:FlaskSettings TreeRoutine.Routine.BuildYourOwnRoutine.Flask.FlaskSetting[] is not a supported settings element. This is probably a bug in the plugin.
2025-06-14 15:27:48.134 +02:00 [WRN] TreeRoutine.Routine.BuildYourOwnRoutine.BuildYourOwnRoutineSettings:System.Numerics.Vector2:LastSettingPos <0, 0> is not a supported settings element. This is probably a bug in the plugin.
2025-06-14 15:27:48.134 +02:00 [WRN] TreeRoutine.Routine.BuildYourOwnRoutine.BuildYourOwnRoutineSettings:System.Numerics.Vector2:LastSettingSize <0, 0> is not a supported settings element. This is probably a bug in the plugin.
2025-06-14 15:27:48.147 +02:00 [WRN] TreeRoutine.Routine.BasicFlaskRoutine.BasicFlaskRoutineSettings:TreeRoutine.Routine.BasicFlaskRoutine.Flask.FlaskSetting[]:FlaskSettings TreeRoutine.Routine.BasicFlaskRoutine.Flask.FlaskSetting[] is not a supported settings element. This is probably a bug in the plugin.
2025-06-14 15:27:48.207 +02:00 [WRN] FullRareSetManager.FullRareSetManagerSettings:System.Int32:SetsAmountStatistics 0 is not a supported settings element. This is probably a bug in the plugin.
2025-06-14 15:27:48.298 +02:00 [WRN] MinimapIcons.MapIconsSettings:System.Single:SizeDefaultIcon 16 is not a supported settings element. This is probably a bug in the plugin.
2025-06-14 15:27:48.954 +02:00 [WRN] PickIt.PickItSettings:System.String:NormalRuleFile  is not a supported settings element. This is probably a bug in the plugin.
2025-06-14 15:27:48.954 +02:00 [WRN] PickIt.PickItSettings:System.String:MagicRuleFile  is not a supported settings element. This is probably a bug in the plugin.
2025-06-14 15:27:48.954 +02:00 [WRN] PickIt.PickItSettings:System.String:RareRuleFile  is not a supported settings element. This is probably a bug in the plugin.
2025-06-14 15:27:48.954 +02:00 [WRN] PickIt.PickItSettings:System.String:UniqueRuleFile  is not a supported settings element. This is probably a bug in the plugin.
2025-06-14 15:27:48.954 +02:00 [WRN] PickIt.PickItSettings:System.String:WeightRuleFile  is not a supported settings element. This is probably a bug in the plugin.
2025-06-14 15:27:48.954 +02:00 [WRN] PickIt.PickItSettings:System.String:IgnoreRuleFile  is not a supported settings element. This is probably a bug in the plugin.
2025-06-14 15:27:48.955 +02:00 [WRN] PickIt.PickItSettings:System.Numerics.Vector2:InventorySlotsVector2 <0, 0> is not a supported settings element. This is probably a bug in the plugin.
2025-06-14 15:27:48.955 +02:00 [WRN] PickIt.PickItSettings:PickIt.PickItSettings+FRSMOverrides:FullRareSetManagerPickupOverrides PickIt.PickItSettings+FRSMOverrides is not a supported settings element. This is probably a bug in the plugin.
2025-06-14 15:27:49.055 +02:00 [WRN] Stashie.StashieSettings:System.Int32[,]:IgnoredCells System.Int32[,] is not a supported settings element. This is probably a bug in the plugin.
2025-06-14 16:30:39.949 +02:00 [WRN] TreeRoutine.Routine.BuildYourOwnRoutine.BuildYourOwnRoutineSettings:TreeRoutine.Routine.BuildYourOwnRoutine.Flask.FlaskSetting[]:FlaskSettings TreeRoutine.Routine.BuildYourOwnRoutine.Flask.FlaskSetting[] is not a supported settings element. This is probably a bug in the plugin.
2025-06-14 16:30:39.952 +02:00 [WRN] TreeRoutine.Routine.BuildYourOwnRoutine.BuildYourOwnRoutineSettings:System.Numerics.Vector2:LastSettingPos <0, 0> is not a supported settings element. This is probably a bug in the plugin.
2025-06-14 16:30:39.952 +02:00 [WRN] TreeRoutine.Routine.BuildYourOwnRoutine.BuildYourOwnRoutineSettings:System.Numerics.Vector2:LastSettingSize <0, 0> is not a supported settings element. This is probably a bug in the plugin.
2025-06-14 16:30:39.963 +02:00 [WRN] TreeRoutine.Routine.BasicFlaskRoutine.BasicFlaskRoutineSettings:TreeRoutine.Routine.BasicFlaskRoutine.Flask.FlaskSetting[]:FlaskSettings TreeRoutine.Routine.BasicFlaskRoutine.Flask.FlaskSetting[] is not a supported settings element. This is probably a bug in the plugin.
2025-06-14 16:30:40.004 +02:00 [WRN] FullRareSetManager.FullRareSetManagerSettings:System.Int32:SetsAmountStatistics 0 is not a supported settings element. This is probably a bug in the plugin.
2025-06-14 16:30:40.054 +02:00 [WRN] MinimapIcons.MapIconsSettings:System.Single:SizeDefaultIcon 16 is not a supported settings element. This is probably a bug in the plugin.
2025-06-14 16:30:40.489 +02:00 [WRN] PickIt.PickItSettings:System.String:NormalRuleFile  is not a supported settings element. This is probably a bug in the plugin.
2025-06-14 16:30:40.489 +02:00 [WRN] PickIt.PickItSettings:System.String:MagicRuleFile  is not a supported settings element. This is probably a bug in the plugin.
2025-06-14 16:30:40.490 +02:00 [WRN] PickIt.PickItSettings:System.String:RareRuleFile  is not a supported settings element. This is probably a bug in the plugin.
2025-06-14 16:30:40.490 +02:00 [WRN] PickIt.PickItSettings:System.String:UniqueRuleFile  is not a supported settings element. This is probably a bug in the plugin.
2025-06-14 16:30:40.490 +02:00 [WRN] PickIt.PickItSettings:System.String:WeightRuleFile  is not a supported settings element. This is probably a bug in the plugin.
2025-06-14 16:30:40.490 +02:00 [WRN] PickIt.PickItSettings:System.String:IgnoreRuleFile  is not a supported settings element. This is probably a bug in the plugin.
2025-06-14 16:30:40.490 +02:00 [WRN] PickIt.PickItSettings:System.Numerics.Vector2:InventorySlotsVector2 <0, 0> is not a supported settings element. This is probably a bug in the plugin.
2025-06-14 16:30:40.490 +02:00 [WRN] PickIt.PickItSettings:PickIt.PickItSettings+FRSMOverrides:FullRareSetManagerPickupOverrides PickIt.PickItSettings+FRSMOverrides is not a supported settings element. This is probably a bug in the plugin.
2025-06-14 16:30:40.569 +02:00 [WRN] Stashie.StashieSettings:System.Int32[,]:IgnoredCells System.Int32[,] is not a supported settings element. This is probably a bug in the plugin.
2025-06-14 19:22:47.607 +02:00 [WRN] TreeRoutine.Routine.BuildYourOwnRoutine.BuildYourOwnRoutineSettings:TreeRoutine.Routine.BuildYourOwnRoutine.Flask.FlaskSetting[]:FlaskSettings TreeRoutine.Routine.BuildYourOwnRoutine.Flask.FlaskSetting[] is not a supported settings element. This is probably a bug in the plugin.
2025-06-14 19:22:47.610 +02:00 [WRN] TreeRoutine.Routine.BuildYourOwnRoutine.BuildYourOwnRoutineSettings:System.Numerics.Vector2:LastSettingPos <0, 0> is not a supported settings element. This is probably a bug in the plugin.
2025-06-14 19:22:47.610 +02:00 [WRN] TreeRoutine.Routine.BuildYourOwnRoutine.BuildYourOwnRoutineSettings:System.Numerics.Vector2:LastSettingSize <0, 0> is not a supported settings element. This is probably a bug in the plugin.
2025-06-14 19:22:47.626 +02:00 [WRN] TreeRoutine.Routine.BasicFlaskRoutine.BasicFlaskRoutineSettings:TreeRoutine.Routine.BasicFlaskRoutine.Flask.FlaskSetting[]:FlaskSettings TreeRoutine.Routine.BasicFlaskRoutine.Flask.FlaskSetting[] is not a supported settings element. This is probably a bug in the plugin.
2025-06-14 19:22:48.062 +02:00 [WRN] FullRareSetManager.FullRareSetManagerSettings:System.Int32:SetsAmountStatistics 0 is not a supported settings element. This is probably a bug in the plugin.
2025-06-14 19:22:48.397 +02:00 [WRN] MinimapIcons.MapIconsSettings:System.Single:SizeDefaultIcon 16 is not a supported settings element. This is probably a bug in the plugin.
2025-06-14 19:22:48.908 +02:00 [WRN] PickIt.PickItSettings:System.String:NormalRuleFile  is not a supported settings element. This is probably a bug in the plugin.
2025-06-14 19:22:48.908 +02:00 [WRN] PickIt.PickItSettings:System.String:MagicRuleFile  is not a supported settings element. This is probably a bug in the plugin.
2025-06-14 19:22:48.908 +02:00 [WRN] PickIt.PickItSettings:System.String:RareRuleFile  is not a supported settings element. This is probably a bug in the plugin.
2025-06-14 19:22:48.909 +02:00 [WRN] PickIt.PickItSettings:System.String:UniqueRuleFile  is not a supported settings element. This is probably a bug in the plugin.
2025-06-14 19:22:48.909 +02:00 [WRN] PickIt.PickItSettings:System.String:WeightRuleFile  is not a supported settings element. This is probably a bug in the plugin.
2025-06-14 19:22:48.909 +02:00 [WRN] PickIt.PickItSettings:System.String:IgnoreRuleFile  is not a supported settings element. This is probably a bug in the plugin.
2025-06-14 19:22:48.909 +02:00 [WRN] PickIt.PickItSettings:System.Numerics.Vector2:InventorySlotsVector2 <0, 0> is not a supported settings element. This is probably a bug in the plugin.
2025-06-14 19:22:48.909 +02:00 [WRN] PickIt.PickItSettings:PickIt.PickItSettings+FRSMOverrides:FullRareSetManagerPickupOverrides PickIt.PickItSettings+FRSMOverrides is not a supported settings element. This is probably a bug in the plugin.
2025-06-14 19:22:49.334 +02:00 [WRN] Stashie.StashieSettings:System.Int32[,]:IgnoredCells System.Int32[,] is not a supported settings element. This is probably a bug in the plugin.
2025-06-14 21:47:44.242 +02:00 [WRN] TreeRoutine.Routine.BuildYourOwnRoutine.BuildYourOwnRoutineSettings:TreeRoutine.Routine.BuildYourOwnRoutine.Flask.FlaskSetting[]:FlaskSettings TreeRoutine.Routine.BuildYourOwnRoutine.Flask.FlaskSetting[] is not a supported settings element. This is probably a bug in the plugin.
2025-06-14 21:47:44.245 +02:00 [WRN] TreeRoutine.Routine.BuildYourOwnRoutine.BuildYourOwnRoutineSettings:System.Numerics.Vector2:LastSettingPos <0, 0> is not a supported settings element. This is probably a bug in the plugin.
2025-06-14 21:47:44.245 +02:00 [WRN] TreeRoutine.Routine.BuildYourOwnRoutine.BuildYourOwnRoutineSettings:System.Numerics.Vector2:LastSettingSize <0, 0> is not a supported settings element. This is probably a bug in the plugin.
2025-06-14 21:47:44.255 +02:00 [WRN] TreeRoutine.Routine.BasicFlaskRoutine.BasicFlaskRoutineSettings:TreeRoutine.Routine.BasicFlaskRoutine.Flask.FlaskSetting[]:FlaskSettings TreeRoutine.Routine.BasicFlaskRoutine.Flask.FlaskSetting[] is not a supported settings element. This is probably a bug in the plugin.
2025-06-14 21:47:44.292 +02:00 [WRN] FullRareSetManager.FullRareSetManagerSettings:System.Int32:SetsAmountStatistics 0 is not a supported settings element. This is probably a bug in the plugin.
2025-06-14 21:47:44.342 +02:00 [WRN] MinimapIcons.MapIconsSettings:System.Single:SizeDefaultIcon 16 is not a supported settings element. This is probably a bug in the plugin.
2025-06-14 21:47:44.762 +02:00 [WRN] PickIt.PickItSettings:System.String:NormalRuleFile  is not a supported settings element. This is probably a bug in the plugin.
2025-06-14 21:47:44.762 +02:00 [WRN] PickIt.PickItSettings:System.String:MagicRuleFile  is not a supported settings element. This is probably a bug in the plugin.
2025-06-14 21:47:44.762 +02:00 [WRN] PickIt.PickItSettings:System.String:RareRuleFile  is not a supported settings element. This is probably a bug in the plugin.
2025-06-14 21:47:44.762 +02:00 [WRN] PickIt.PickItSettings:System.String:UniqueRuleFile  is not a supported settings element. This is probably a bug in the plugin.
2025-06-14 21:47:44.762 +02:00 [WRN] PickIt.PickItSettings:System.String:WeightRuleFile  is not a supported settings element. This is probably a bug in the plugin.
2025-06-14 21:47:44.763 +02:00 [WRN] PickIt.PickItSettings:System.String:IgnoreRuleFile  is not a supported settings element. This is probably a bug in the plugin.
2025-06-14 21:47:44.763 +02:00 [WRN] PickIt.PickItSettings:System.Numerics.Vector2:InventorySlotsVector2 <0, 0> is not a supported settings element. This is probably a bug in the plugin.
2025-06-14 21:47:44.763 +02:00 [WRN] PickIt.PickItSettings:PickIt.PickItSettings+FRSMOverrides:FullRareSetManagerPickupOverrides PickIt.PickItSettings+FRSMOverrides is not a supported settings element. This is probably a bug in the plugin.
2025-06-14 21:47:44.878 +02:00 [WRN] Stashie.StashieSettings:System.Int32[,]:IgnoredCells System.Int32[,] is not a supported settings element. This is probably a bug in the plugin.
2025-06-14 22:58:06.397 +02:00 [WRN] TreeRoutine.Routine.BuildYourOwnRoutine.BuildYourOwnRoutineSettings:TreeRoutine.Routine.BuildYourOwnRoutine.Flask.FlaskSetting[]:FlaskSettings TreeRoutine.Routine.BuildYourOwnRoutine.Flask.FlaskSetting[] is not a supported settings element. This is probably a bug in the plugin.
2025-06-14 22:58:06.400 +02:00 [WRN] TreeRoutine.Routine.BuildYourOwnRoutine.BuildYourOwnRoutineSettings:System.Numerics.Vector2:LastSettingPos <0, 0> is not a supported settings element. This is probably a bug in the plugin.
2025-06-14 22:58:06.400 +02:00 [WRN] TreeRoutine.Routine.BuildYourOwnRoutine.BuildYourOwnRoutineSettings:System.Numerics.Vector2:LastSettingSize <0, 0> is not a supported settings element. This is probably a bug in the plugin.
2025-06-14 22:58:06.434 +02:00 [WRN] TreeRoutine.Routine.BasicFlaskRoutine.BasicFlaskRoutineSettings:TreeRoutine.Routine.BasicFlaskRoutine.Flask.FlaskSetting[]:FlaskSettings TreeRoutine.Routine.BasicFlaskRoutine.Flask.FlaskSetting[] is not a supported settings element. This is probably a bug in the plugin.
2025-06-14 22:58:06.849 +02:00 [WRN] FullRareSetManager.FullRareSetManagerSettings:System.Int32:SetsAmountStatistics 0 is not a supported settings element. This is probably a bug in the plugin.
2025-06-14 22:58:07.163 +02:00 [WRN] MinimapIcons.MapIconsSettings:System.Single:SizeDefaultIcon 16 is not a supported settings element. This is probably a bug in the plugin.
2025-06-14 22:58:07.644 +02:00 [WRN] PickIt.PickItSettings:System.String:NormalRuleFile  is not a supported settings element. This is probably a bug in the plugin.
2025-06-14 22:58:07.644 +02:00 [WRN] PickIt.PickItSettings:System.String:MagicRuleFile  is not a supported settings element. This is probably a bug in the plugin.
2025-06-14 22:58:07.644 +02:00 [WRN] PickIt.PickItSettings:System.String:RareRuleFile  is not a supported settings element. This is probably a bug in the plugin.
2025-06-14 22:58:07.644 +02:00 [WRN] PickIt.PickItSettings:System.String:UniqueRuleFile  is not a supported settings element. This is probably a bug in the plugin.
2025-06-14 22:58:07.644 +02:00 [WRN] PickIt.PickItSettings:System.String:WeightRuleFile  is not a supported settings element. This is probably a bug in the plugin.
2025-06-14 22:58:07.644 +02:00 [WRN] PickIt.PickItSettings:System.String:IgnoreRuleFile  is not a supported settings element. This is probably a bug in the plugin.
2025-06-14 22:58:07.644 +02:00 [WRN] PickIt.PickItSettings:System.Numerics.Vector2:InventorySlotsVector2 <0, 0> is not a supported settings element. This is probably a bug in the plugin.
2025-06-14 22:58:07.645 +02:00 [WRN] PickIt.PickItSettings:PickIt.PickItSettings+FRSMOverrides:FullRareSetManagerPickupOverrides PickIt.PickItSettings+FRSMOverrides is not a supported settings element. This is probably a bug in the plugin.
2025-06-14 22:58:08.053 +02:00 [WRN] Stashie.StashieSettings:System.Int32[,]:IgnoredCells System.Int32[,] is not a supported settings element. This is probably a bug in the plugin.
