2025-06-15 01:23:12.221 +02:00 [WRN] TreeRoutine.Routine.BuildYourOwnRoutine.BuildYourOwnRoutineSettings:TreeRoutine.Routine.BuildYourOwnRoutine.Flask.FlaskSetting[]:FlaskSettings TreeRoutine.Routine.BuildYourOwnRoutine.Flask.FlaskSetting[] is not a supported settings element. This is probably a bug in the plugin.
2025-06-15 01:23:12.224 +02:00 [WRN] TreeRoutine.Routine.BuildYourOwnRoutine.BuildYourOwnRoutineSettings:System.Numerics.Vector2:LastSettingPos <0, 0> is not a supported settings element. This is probably a bug in the plugin.
2025-06-15 01:23:12.224 +02:00 [WRN] TreeRoutine.Routine.BuildYourOwnRoutine.BuildYourOwnRoutineSettings:System.Numerics.Vector2:LastSettingSize <0, 0> is not a supported settings element. This is probably a bug in the plugin.
2025-06-15 01:23:12.244 +02:00 [WRN] TreeRoutine.Routine.BasicFlaskRoutine.BasicFlaskRoutineSettings:TreeRoutine.Routine.BasicFlaskRoutine.Flask.FlaskSetting[]:FlaskSettings TreeRoutine.Routine.BasicFlaskRoutine.Flask.FlaskSetting[] is not a supported settings element. This is probably a bug in the plugin.
2025-06-15 01:23:12.284 +02:00 [WRN] FullRareSetManager.FullRareSetManagerSettings:System.Int32:SetsAmountStatistics 0 is not a supported settings element. This is probably a bug in the plugin.
2025-06-15 01:23:12.336 +02:00 [WRN] MinimapIcons.MapIconsSettings:System.Single:SizeDefaultIcon 16 is not a supported settings element. This is probably a bug in the plugin.
2025-06-15 01:23:12.739 +02:00 [WRN] PickIt.PickItSettings:System.String:NormalRuleFile  is not a supported settings element. This is probably a bug in the plugin.
2025-06-15 01:23:12.739 +02:00 [WRN] PickIt.PickItSettings:System.String:MagicRuleFile  is not a supported settings element. This is probably a bug in the plugin.
2025-06-15 01:23:12.739 +02:00 [WRN] PickIt.PickItSettings:System.String:RareRuleFile  is not a supported settings element. This is probably a bug in the plugin.
2025-06-15 01:23:12.739 +02:00 [WRN] PickIt.PickItSettings:System.String:UniqueRuleFile  is not a supported settings element. This is probably a bug in the plugin.
2025-06-15 01:23:12.739 +02:00 [WRN] PickIt.PickItSettings:System.String:WeightRuleFile  is not a supported settings element. This is probably a bug in the plugin.
2025-06-15 01:23:12.739 +02:00 [WRN] PickIt.PickItSettings:System.String:IgnoreRuleFile  is not a supported settings element. This is probably a bug in the plugin.
2025-06-15 01:23:12.739 +02:00 [WRN] PickIt.PickItSettings:System.Numerics.Vector2:InventorySlotsVector2 <0, 0> is not a supported settings element. This is probably a bug in the plugin.
2025-06-15 01:23:12.740 +02:00 [WRN] PickIt.PickItSettings:PickIt.PickItSettings+FRSMOverrides:FullRareSetManagerPickupOverrides PickIt.PickItSettings+FRSMOverrides is not a supported settings element. This is probably a bug in the plugin.
2025-06-15 01:23:12.813 +02:00 [WRN] Stashie.StashieSettings:System.Int32[,]:IgnoredCells System.Int32[,] is not a supported settings element. This is probably a bug in the plugin.
2025-06-15 08:26:50.661 +02:00 [WRN] TreeRoutine.Routine.BuildYourOwnRoutine.BuildYourOwnRoutineSettings:TreeRoutine.Routine.BuildYourOwnRoutine.Flask.FlaskSetting[]:FlaskSettings TreeRoutine.Routine.BuildYourOwnRoutine.Flask.FlaskSetting[] is not a supported settings element. This is probably a bug in the plugin.
2025-06-15 08:26:50.665 +02:00 [WRN] TreeRoutine.Routine.BuildYourOwnRoutine.BuildYourOwnRoutineSettings:System.Numerics.Vector2:LastSettingPos <0, 0> is not a supported settings element. This is probably a bug in the plugin.
2025-06-15 08:26:50.665 +02:00 [WRN] TreeRoutine.Routine.BuildYourOwnRoutine.BuildYourOwnRoutineSettings:System.Numerics.Vector2:LastSettingSize <0, 0> is not a supported settings element. This is probably a bug in the plugin.
2025-06-15 08:26:50.676 +02:00 [WRN] TreeRoutine.Routine.BasicFlaskRoutine.BasicFlaskRoutineSettings:TreeRoutine.Routine.BasicFlaskRoutine.Flask.FlaskSetting[]:FlaskSettings TreeRoutine.Routine.BasicFlaskRoutine.Flask.FlaskSetting[] is not a supported settings element. This is probably a bug in the plugin.
2025-06-15 08:26:50.722 +02:00 [WRN] FullRareSetManager.FullRareSetManagerSettings:System.Int32:SetsAmountStatistics 0 is not a supported settings element. This is probably a bug in the plugin.
2025-06-15 08:26:50.805 +02:00 [WRN] MinimapIcons.MapIconsSettings:System.Single:SizeDefaultIcon 16 is not a supported settings element. This is probably a bug in the plugin.
2025-06-15 08:26:51.261 +02:00 [WRN] PickIt.PickItSettings:System.String:NormalRuleFile  is not a supported settings element. This is probably a bug in the plugin.
2025-06-15 08:26:51.261 +02:00 [WRN] PickIt.PickItSettings:System.String:MagicRuleFile  is not a supported settings element. This is probably a bug in the plugin.
2025-06-15 08:26:51.261 +02:00 [WRN] PickIt.PickItSettings:System.String:RareRuleFile  is not a supported settings element. This is probably a bug in the plugin.
2025-06-15 08:26:51.261 +02:00 [WRN] PickIt.PickItSettings:System.String:UniqueRuleFile  is not a supported settings element. This is probably a bug in the plugin.
2025-06-15 08:26:51.261 +02:00 [WRN] PickIt.PickItSettings:System.String:WeightRuleFile  is not a supported settings element. This is probably a bug in the plugin.
2025-06-15 08:26:51.261 +02:00 [WRN] PickIt.PickItSettings:System.String:IgnoreRuleFile  is not a supported settings element. This is probably a bug in the plugin.
2025-06-15 08:26:51.261 +02:00 [WRN] PickIt.PickItSettings:System.Numerics.Vector2:InventorySlotsVector2 <0, 0> is not a supported settings element. This is probably a bug in the plugin.
2025-06-15 08:26:51.261 +02:00 [WRN] PickIt.PickItSettings:PickIt.PickItSettings+FRSMOverrides:FullRareSetManagerPickupOverrides PickIt.PickItSettings+FRSMOverrides is not a supported settings element. This is probably a bug in the plugin.
2025-06-15 08:26:51.323 +02:00 [WRN] Stashie.StashieSettings:System.Int32[,]:IgnoredCells System.Int32[,] is not a supported settings element. This is probably a bug in the plugin.
2025-06-15 10:35:52.663 +02:00 [WRN] TreeRoutine.Routine.BuildYourOwnRoutine.BuildYourOwnRoutineSettings:TreeRoutine.Routine.BuildYourOwnRoutine.Flask.FlaskSetting[]:FlaskSettings TreeRoutine.Routine.BuildYourOwnRoutine.Flask.FlaskSetting[] is not a supported settings element. This is probably a bug in the plugin.
2025-06-15 10:35:52.666 +02:00 [WRN] TreeRoutine.Routine.BuildYourOwnRoutine.BuildYourOwnRoutineSettings:System.Numerics.Vector2:LastSettingPos <0, 0> is not a supported settings element. This is probably a bug in the plugin.
2025-06-15 10:35:52.666 +02:00 [WRN] TreeRoutine.Routine.BuildYourOwnRoutine.BuildYourOwnRoutineSettings:System.Numerics.Vector2:LastSettingSize <0, 0> is not a supported settings element. This is probably a bug in the plugin.
2025-06-15 10:35:52.682 +02:00 [WRN] TreeRoutine.Routine.BasicFlaskRoutine.BasicFlaskRoutineSettings:TreeRoutine.Routine.BasicFlaskRoutine.Flask.FlaskSetting[]:FlaskSettings TreeRoutine.Routine.BasicFlaskRoutine.Flask.FlaskSetting[] is not a supported settings element. This is probably a bug in the plugin.
2025-06-15 10:35:53.132 +02:00 [WRN] FullRareSetManager.FullRareSetManagerSettings:System.Int32:SetsAmountStatistics 0 is not a supported settings element. This is probably a bug in the plugin.
2025-06-15 10:35:53.448 +02:00 [WRN] MinimapIcons.MapIconsSettings:System.Single:SizeDefaultIcon 16 is not a supported settings element. This is probably a bug in the plugin.
2025-06-15 10:35:53.986 +02:00 [WRN] PickIt.PickItSettings:System.String:NormalRuleFile  is not a supported settings element. This is probably a bug in the plugin.
2025-06-15 10:35:53.986 +02:00 [WRN] PickIt.PickItSettings:System.String:MagicRuleFile  is not a supported settings element. This is probably a bug in the plugin.
2025-06-15 10:35:53.986 +02:00 [WRN] PickIt.PickItSettings:System.String:RareRuleFile  is not a supported settings element. This is probably a bug in the plugin.
2025-06-15 10:35:53.986 +02:00 [WRN] PickIt.PickItSettings:System.String:UniqueRuleFile  is not a supported settings element. This is probably a bug in the plugin.
2025-06-15 10:35:53.986 +02:00 [WRN] PickIt.PickItSettings:System.String:WeightRuleFile  is not a supported settings element. This is probably a bug in the plugin.
2025-06-15 10:35:53.986 +02:00 [WRN] PickIt.PickItSettings:System.String:IgnoreRuleFile  is not a supported settings element. This is probably a bug in the plugin.
2025-06-15 10:35:53.986 +02:00 [WRN] PickIt.PickItSettings:System.Numerics.Vector2:InventorySlotsVector2 <0, 0> is not a supported settings element. This is probably a bug in the plugin.
2025-06-15 10:35:53.986 +02:00 [WRN] PickIt.PickItSettings:PickIt.PickItSettings+FRSMOverrides:FullRareSetManagerPickupOverrides PickIt.PickItSettings+FRSMOverrides is not a supported settings element. This is probably a bug in the plugin.
2025-06-15 10:35:54.427 +02:00 [WRN] Stashie.StashieSettings:System.Int32[,]:IgnoredCells System.Int32[,] is not a supported settings element. This is probably a bug in the plugin.
2025-06-15 18:09:20.022 +02:00 [WRN] TreeRoutine.Routine.BuildYourOwnRoutine.BuildYourOwnRoutineSettings:TreeRoutine.Routine.BuildYourOwnRoutine.Flask.FlaskSetting[]:FlaskSettings TreeRoutine.Routine.BuildYourOwnRoutine.Flask.FlaskSetting[] is not a supported settings element. This is probably a bug in the plugin.
2025-06-15 18:09:20.025 +02:00 [WRN] TreeRoutine.Routine.BuildYourOwnRoutine.BuildYourOwnRoutineSettings:System.Numerics.Vector2:LastSettingPos <0, 0> is not a supported settings element. This is probably a bug in the plugin.
2025-06-15 18:09:20.025 +02:00 [WRN] TreeRoutine.Routine.BuildYourOwnRoutine.BuildYourOwnRoutineSettings:System.Numerics.Vector2:LastSettingSize <0, 0> is not a supported settings element. This is probably a bug in the plugin.
2025-06-15 18:09:20.069 +02:00 [WRN] TreeRoutine.Routine.BasicFlaskRoutine.BasicFlaskRoutineSettings:TreeRoutine.Routine.BasicFlaskRoutine.Flask.FlaskSetting[]:FlaskSettings TreeRoutine.Routine.BasicFlaskRoutine.Flask.FlaskSetting[] is not a supported settings element. This is probably a bug in the plugin.
2025-06-15 18:09:20.491 +02:00 [WRN] FullRareSetManager.FullRareSetManagerSettings:System.Int32:SetsAmountStatistics 0 is not a supported settings element. This is probably a bug in the plugin.
2025-06-15 18:09:20.763 +02:00 [WRN] MinimapIcons.MapIconsSettings:System.Single:SizeDefaultIcon 16 is not a supported settings element. This is probably a bug in the plugin.
2025-06-15 18:09:21.262 +02:00 [WRN] PickIt.PickItSettings:System.String:NormalRuleFile  is not a supported settings element. This is probably a bug in the plugin.
2025-06-15 18:09:21.262 +02:00 [WRN] PickIt.PickItSettings:System.String:MagicRuleFile  is not a supported settings element. This is probably a bug in the plugin.
2025-06-15 18:09:21.262 +02:00 [WRN] PickIt.PickItSettings:System.String:RareRuleFile  is not a supported settings element. This is probably a bug in the plugin.
2025-06-15 18:09:21.262 +02:00 [WRN] PickIt.PickItSettings:System.String:UniqueRuleFile  is not a supported settings element. This is probably a bug in the plugin.
2025-06-15 18:09:21.262 +02:00 [WRN] PickIt.PickItSettings:System.String:WeightRuleFile  is not a supported settings element. This is probably a bug in the plugin.
2025-06-15 18:09:21.262 +02:00 [WRN] PickIt.PickItSettings:System.String:IgnoreRuleFile  is not a supported settings element. This is probably a bug in the plugin.
2025-06-15 18:09:21.262 +02:00 [WRN] PickIt.PickItSettings:System.Numerics.Vector2:InventorySlotsVector2 <0, 0> is not a supported settings element. This is probably a bug in the plugin.
2025-06-15 18:09:21.262 +02:00 [WRN] PickIt.PickItSettings:PickIt.PickItSettings+FRSMOverrides:FullRareSetManagerPickupOverrides PickIt.PickItSettings+FRSMOverrides is not a supported settings element. This is probably a bug in the plugin.
2025-06-15 18:09:21.649 +02:00 [WRN] Stashie.StashieSettings:System.Int32[,]:IgnoredCells System.Int32[,] is not a supported settings element. This is probably a bug in the plugin.
2025-06-15 18:09:46.245 +02:00 [WRN] TreeRoutine.Routine.BuildYourOwnRoutine.BuildYourOwnRoutineSettings:TreeRoutine.Routine.BuildYourOwnRoutine.Flask.FlaskSetting[]:FlaskSettings TreeRoutine.Routine.BuildYourOwnRoutine.Flask.FlaskSetting[] is not a supported settings element. This is probably a bug in the plugin.
2025-06-15 18:09:46.249 +02:00 [WRN] TreeRoutine.Routine.BuildYourOwnRoutine.BuildYourOwnRoutineSettings:System.Numerics.Vector2:LastSettingPos <0, 0> is not a supported settings element. This is probably a bug in the plugin.
2025-06-15 18:09:46.249 +02:00 [WRN] TreeRoutine.Routine.BuildYourOwnRoutine.BuildYourOwnRoutineSettings:System.Numerics.Vector2:LastSettingSize <0, 0> is not a supported settings element. This is probably a bug in the plugin.
2025-06-15 18:09:46.260 +02:00 [WRN] TreeRoutine.Routine.BasicFlaskRoutine.BasicFlaskRoutineSettings:TreeRoutine.Routine.BasicFlaskRoutine.Flask.FlaskSetting[]:FlaskSettings TreeRoutine.Routine.BasicFlaskRoutine.Flask.FlaskSetting[] is not a supported settings element. This is probably a bug in the plugin.
2025-06-15 18:09:46.297 +02:00 [WRN] FullRareSetManager.FullRareSetManagerSettings:System.Int32:SetsAmountStatistics 0 is not a supported settings element. This is probably a bug in the plugin.
2025-06-15 18:09:46.349 +02:00 [WRN] MinimapIcons.MapIconsSettings:System.Single:SizeDefaultIcon 16 is not a supported settings element. This is probably a bug in the plugin.
2025-06-15 18:09:46.755 +02:00 [WRN] PickIt.PickItSettings:System.String:NormalRuleFile  is not a supported settings element. This is probably a bug in the plugin.
2025-06-15 18:09:46.755 +02:00 [WRN] PickIt.PickItSettings:System.String:MagicRuleFile  is not a supported settings element. This is probably a bug in the plugin.
2025-06-15 18:09:46.755 +02:00 [WRN] PickIt.PickItSettings:System.String:RareRuleFile  is not a supported settings element. This is probably a bug in the plugin.
2025-06-15 18:09:46.755 +02:00 [WRN] PickIt.PickItSettings:System.String:UniqueRuleFile  is not a supported settings element. This is probably a bug in the plugin.
2025-06-15 18:09:46.755 +02:00 [WRN] PickIt.PickItSettings:System.String:WeightRuleFile  is not a supported settings element. This is probably a bug in the plugin.
2025-06-15 18:09:46.755 +02:00 [WRN] PickIt.PickItSettings:System.String:IgnoreRuleFile  is not a supported settings element. This is probably a bug in the plugin.
2025-06-15 18:09:46.755 +02:00 [WRN] PickIt.PickItSettings:System.Numerics.Vector2:InventorySlotsVector2 <0, 0> is not a supported settings element. This is probably a bug in the plugin.
2025-06-15 18:09:46.755 +02:00 [WRN] PickIt.PickItSettings:PickIt.PickItSettings+FRSMOverrides:FullRareSetManagerPickupOverrides PickIt.PickItSettings+FRSMOverrides is not a supported settings element. This is probably a bug in the plugin.
2025-06-15 18:09:46.870 +02:00 [WRN] Stashie.StashieSettings:System.Int32[,]:IgnoredCells System.Int32[,] is not a supported settings element. This is probably a bug in the plugin.
2025-06-15 21:51:29.764 +02:00 [WRN] TreeRoutine.Routine.BuildYourOwnRoutine.BuildYourOwnRoutineSettings:TreeRoutine.Routine.BuildYourOwnRoutine.Flask.FlaskSetting[]:FlaskSettings TreeRoutine.Routine.BuildYourOwnRoutine.Flask.FlaskSetting[] is not a supported settings element. This is probably a bug in the plugin.
2025-06-15 21:51:29.766 +02:00 [WRN] TreeRoutine.Routine.BuildYourOwnRoutine.BuildYourOwnRoutineSettings:System.Numerics.Vector2:LastSettingPos <0, 0> is not a supported settings element. This is probably a bug in the plugin.
2025-06-15 21:51:29.766 +02:00 [WRN] TreeRoutine.Routine.BuildYourOwnRoutine.BuildYourOwnRoutineSettings:System.Numerics.Vector2:LastSettingSize <0, 0> is not a supported settings element. This is probably a bug in the plugin.
2025-06-15 21:51:29.779 +02:00 [WRN] TreeRoutine.Routine.BasicFlaskRoutine.BasicFlaskRoutineSettings:TreeRoutine.Routine.BasicFlaskRoutine.Flask.FlaskSetting[]:FlaskSettings TreeRoutine.Routine.BasicFlaskRoutine.Flask.FlaskSetting[] is not a supported settings element. This is probably a bug in the plugin.
2025-06-15 21:51:29.822 +02:00 [WRN] FullRareSetManager.FullRareSetManagerSettings:System.Int32:SetsAmountStatistics 0 is not a supported settings element. This is probably a bug in the plugin.
2025-06-15 21:51:29.879 +02:00 [WRN] MinimapIcons.MapIconsSettings:System.Single:SizeDefaultIcon 16 is not a supported settings element. This is probably a bug in the plugin.
2025-06-15 21:51:30.349 +02:00 [WRN] PickIt.PickItSettings:System.String:NormalRuleFile  is not a supported settings element. This is probably a bug in the plugin.
2025-06-15 21:51:30.349 +02:00 [WRN] PickIt.PickItSettings:System.String:MagicRuleFile  is not a supported settings element. This is probably a bug in the plugin.
2025-06-15 21:51:30.349 +02:00 [WRN] PickIt.PickItSettings:System.String:RareRuleFile  is not a supported settings element. This is probably a bug in the plugin.
2025-06-15 21:51:30.349 +02:00 [WRN] PickIt.PickItSettings:System.String:UniqueRuleFile  is not a supported settings element. This is probably a bug in the plugin.
2025-06-15 21:51:30.349 +02:00 [WRN] PickIt.PickItSettings:System.String:WeightRuleFile  is not a supported settings element. This is probably a bug in the plugin.
2025-06-15 21:51:30.349 +02:00 [WRN] PickIt.PickItSettings:System.String:IgnoreRuleFile  is not a supported settings element. This is probably a bug in the plugin.
2025-06-15 21:51:30.349 +02:00 [WRN] PickIt.PickItSettings:System.Numerics.Vector2:InventorySlotsVector2 <0, 0> is not a supported settings element. This is probably a bug in the plugin.
2025-06-15 21:51:30.349 +02:00 [WRN] PickIt.PickItSettings:PickIt.PickItSettings+FRSMOverrides:FullRareSetManagerPickupOverrides PickIt.PickItSettings+FRSMOverrides is not a supported settings element. This is probably a bug in the plugin.
2025-06-15 21:51:30.506 +02:00 [WRN] Stashie.StashieSettings:System.Int32[,]:IgnoredCells System.Int32[,] is not a supported settings element. This is probably a bug in the plugin.
