2025-06-16 07:56:33.072 +02:00 [WRN] TreeRoutine.Routine.BuildYourOwnRoutine.BuildYourOwnRoutineSettings:TreeRoutine.Routine.BuildYourOwnRoutine.Flask.FlaskSetting[]:FlaskSettings TreeRoutine.Routine.BuildYourOwnRoutine.Flask.FlaskSetting[] is not a supported settings element. This is probably a bug in the plugin.
2025-06-16 07:56:33.076 +02:00 [WRN] TreeRoutine.Routine.BuildYourOwnRoutine.BuildYourOwnRoutineSettings:System.Numerics.Vector2:LastSettingPos <0, 0> is not a supported settings element. This is probably a bug in the plugin.
2025-06-16 07:56:33.076 +02:00 [WRN] TreeRoutine.Routine.BuildYourOwnRoutine.BuildYourOwnRoutineSettings:System.Numerics.Vector2:LastSettingSize <0, 0> is not a supported settings element. This is probably a bug in the plugin.
2025-06-16 07:56:33.113 +02:00 [WRN] TreeRoutine.Routine.BasicFlaskRoutine.BasicFlaskRoutineSettings:TreeRoutine.Routine.BasicFlaskRoutine.Flask.FlaskSetting[]:FlaskSettings TreeRoutine.Routine.BasicFlaskRoutine.Flask.FlaskSetting[] is not a supported settings element. This is probably a bug in the plugin.
2025-06-16 07:56:33.547 +02:00 [WRN] FullRareSetManager.FullRareSetManagerSettings:System.Int32:SetsAmountStatistics 0 is not a supported settings element. This is probably a bug in the plugin.
2025-06-16 07:56:33.850 +02:00 [WRN] MinimapIcons.MapIconsSettings:System.Single:SizeDefaultIcon 16 is not a supported settings element. This is probably a bug in the plugin.
2025-06-16 07:56:34.466 +02:00 [WRN] PickIt.PickItSettings:System.String:NormalRuleFile  is not a supported settings element. This is probably a bug in the plugin.
2025-06-16 07:56:34.467 +02:00 [WRN] PickIt.PickItSettings:System.String:MagicRuleFile  is not a supported settings element. This is probably a bug in the plugin.
2025-06-16 07:56:34.467 +02:00 [WRN] PickIt.PickItSettings:System.String:RareRuleFile  is not a supported settings element. This is probably a bug in the plugin.
2025-06-16 07:56:34.467 +02:00 [WRN] PickIt.PickItSettings:System.String:UniqueRuleFile  is not a supported settings element. This is probably a bug in the plugin.
2025-06-16 07:56:34.467 +02:00 [WRN] PickIt.PickItSettings:System.String:WeightRuleFile  is not a supported settings element. This is probably a bug in the plugin.
2025-06-16 07:56:34.467 +02:00 [WRN] PickIt.PickItSettings:System.String:IgnoreRuleFile  is not a supported settings element. This is probably a bug in the plugin.
2025-06-16 07:56:34.467 +02:00 [WRN] PickIt.PickItSettings:System.Numerics.Vector2:InventorySlotsVector2 <0, 0> is not a supported settings element. This is probably a bug in the plugin.
2025-06-16 07:56:34.468 +02:00 [WRN] PickIt.PickItSettings:PickIt.PickItSettings+FRSMOverrides:FullRareSetManagerPickupOverrides PickIt.PickItSettings+FRSMOverrides is not a supported settings element. This is probably a bug in the plugin.
2025-06-16 07:56:35.882 +02:00 [WRN] Stashie.StashieSettings:System.Int32[,]:IgnoredCells System.Int32[,] is not a supported settings element. This is probably a bug in the plugin.
2025-06-16 09:56:29.860 +02:00 [WRN] TreeRoutine.Routine.BuildYourOwnRoutine.BuildYourOwnRoutineSettings:TreeRoutine.Routine.BuildYourOwnRoutine.Flask.FlaskSetting[]:FlaskSettings TreeRoutine.Routine.BuildYourOwnRoutine.Flask.FlaskSetting[] is not a supported settings element. This is probably a bug in the plugin.
2025-06-16 09:56:29.864 +02:00 [WRN] TreeRoutine.Routine.BuildYourOwnRoutine.BuildYourOwnRoutineSettings:System.Numerics.Vector2:LastSettingPos <0, 0> is not a supported settings element. This is probably a bug in the plugin.
2025-06-16 09:56:29.864 +02:00 [WRN] TreeRoutine.Routine.BuildYourOwnRoutine.BuildYourOwnRoutineSettings:System.Numerics.Vector2:LastSettingSize <0, 0> is not a supported settings element. This is probably a bug in the plugin.
2025-06-16 09:56:29.875 +02:00 [WRN] TreeRoutine.Routine.BasicFlaskRoutine.BasicFlaskRoutineSettings:TreeRoutine.Routine.BasicFlaskRoutine.Flask.FlaskSetting[]:FlaskSettings TreeRoutine.Routine.BasicFlaskRoutine.Flask.FlaskSetting[] is not a supported settings element. This is probably a bug in the plugin.
2025-06-16 09:56:29.923 +02:00 [WRN] FullRareSetManager.FullRareSetManagerSettings:System.Int32:SetsAmountStatistics 0 is not a supported settings element. This is probably a bug in the plugin.
2025-06-16 09:56:29.982 +02:00 [WRN] MinimapIcons.MapIconsSettings:System.Single:SizeDefaultIcon 16 is not a supported settings element. This is probably a bug in the plugin.
2025-06-16 09:56:30.503 +02:00 [WRN] PickIt.PickItSettings:System.String:NormalRuleFile  is not a supported settings element. This is probably a bug in the plugin.
2025-06-16 09:56:30.504 +02:00 [WRN] PickIt.PickItSettings:System.String:MagicRuleFile  is not a supported settings element. This is probably a bug in the plugin.
2025-06-16 09:56:30.504 +02:00 [WRN] PickIt.PickItSettings:System.String:RareRuleFile  is not a supported settings element. This is probably a bug in the plugin.
2025-06-16 09:56:30.504 +02:00 [WRN] PickIt.PickItSettings:System.String:UniqueRuleFile  is not a supported settings element. This is probably a bug in the plugin.
2025-06-16 09:56:30.504 +02:00 [WRN] PickIt.PickItSettings:System.String:WeightRuleFile  is not a supported settings element. This is probably a bug in the plugin.
2025-06-16 09:56:30.504 +02:00 [WRN] PickIt.PickItSettings:System.String:IgnoreRuleFile  is not a supported settings element. This is probably a bug in the plugin.
2025-06-16 09:56:30.504 +02:00 [WRN] PickIt.PickItSettings:System.Numerics.Vector2:InventorySlotsVector2 <0, 0> is not a supported settings element. This is probably a bug in the plugin.
2025-06-16 09:56:30.504 +02:00 [WRN] PickIt.PickItSettings:PickIt.PickItSettings+FRSMOverrides:FullRareSetManagerPickupOverrides PickIt.PickItSettings+FRSMOverrides is not a supported settings element. This is probably a bug in the plugin.
2025-06-16 09:56:30.596 +02:00 [WRN] Stashie.StashieSettings:System.Int32[,]:IgnoredCells System.Int32[,] is not a supported settings element. This is probably a bug in the plugin.
2025-06-16 10:15:21.671 +02:00 [WRN] TreeRoutine.Routine.BuildYourOwnRoutine.BuildYourOwnRoutineSettings:TreeRoutine.Routine.BuildYourOwnRoutine.Flask.FlaskSetting[]:FlaskSettings TreeRoutine.Routine.BuildYourOwnRoutine.Flask.FlaskSetting[] is not a supported settings element. This is probably a bug in the plugin.
2025-06-16 10:15:21.674 +02:00 [WRN] TreeRoutine.Routine.BuildYourOwnRoutine.BuildYourOwnRoutineSettings:System.Numerics.Vector2:LastSettingPos <0, 0> is not a supported settings element. This is probably a bug in the plugin.
2025-06-16 10:15:21.675 +02:00 [WRN] TreeRoutine.Routine.BuildYourOwnRoutine.BuildYourOwnRoutineSettings:System.Numerics.Vector2:LastSettingSize <0, 0> is not a supported settings element. This is probably a bug in the plugin.
2025-06-16 10:15:21.687 +02:00 [WRN] TreeRoutine.Routine.BasicFlaskRoutine.BasicFlaskRoutineSettings:TreeRoutine.Routine.BasicFlaskRoutine.Flask.FlaskSetting[]:FlaskSettings TreeRoutine.Routine.BasicFlaskRoutine.Flask.FlaskSetting[] is not a supported settings element. This is probably a bug in the plugin.
2025-06-16 10:15:21.736 +02:00 [WRN] FullRareSetManager.FullRareSetManagerSettings:System.Int32:SetsAmountStatistics 0 is not a supported settings element. This is probably a bug in the plugin.
2025-06-16 10:15:21.827 +02:00 [WRN] MinimapIcons.MapIconsSettings:System.Single:SizeDefaultIcon 16 is not a supported settings element. This is probably a bug in the plugin.
2025-06-16 10:15:22.317 +02:00 [WRN] PickIt.PickItSettings:System.String:NormalRuleFile  is not a supported settings element. This is probably a bug in the plugin.
2025-06-16 10:15:22.317 +02:00 [WRN] PickIt.PickItSettings:System.String:MagicRuleFile  is not a supported settings element. This is probably a bug in the plugin.
2025-06-16 10:15:22.317 +02:00 [WRN] PickIt.PickItSettings:System.String:RareRuleFile  is not a supported settings element. This is probably a bug in the plugin.
2025-06-16 10:15:22.317 +02:00 [WRN] PickIt.PickItSettings:System.String:UniqueRuleFile  is not a supported settings element. This is probably a bug in the plugin.
2025-06-16 10:15:22.317 +02:00 [WRN] PickIt.PickItSettings:System.String:WeightRuleFile  is not a supported settings element. This is probably a bug in the plugin.
2025-06-16 10:15:22.317 +02:00 [WRN] PickIt.PickItSettings:System.String:IgnoreRuleFile  is not a supported settings element. This is probably a bug in the plugin.
2025-06-16 10:15:22.317 +02:00 [WRN] PickIt.PickItSettings:System.Numerics.Vector2:InventorySlotsVector2 <0, 0> is not a supported settings element. This is probably a bug in the plugin.
2025-06-16 10:15:22.317 +02:00 [WRN] PickIt.PickItSettings:PickIt.PickItSettings+FRSMOverrides:FullRareSetManagerPickupOverrides PickIt.PickItSettings+FRSMOverrides is not a supported settings element. This is probably a bug in the plugin.
2025-06-16 10:15:22.381 +02:00 [WRN] Stashie.StashieSettings:System.Int32[,]:IgnoredCells System.Int32[,] is not a supported settings element. This is probably a bug in the plugin.
2025-06-16 13:13:36.842 +02:00 [WRN] TreeRoutine.Routine.BuildYourOwnRoutine.BuildYourOwnRoutineSettings:TreeRoutine.Routine.BuildYourOwnRoutine.Flask.FlaskSetting[]:FlaskSettings TreeRoutine.Routine.BuildYourOwnRoutine.Flask.FlaskSetting[] is not a supported settings element. This is probably a bug in the plugin.
2025-06-16 13:13:36.845 +02:00 [WRN] TreeRoutine.Routine.BuildYourOwnRoutine.BuildYourOwnRoutineSettings:System.Numerics.Vector2:LastSettingPos <0, 0> is not a supported settings element. This is probably a bug in the plugin.
2025-06-16 13:13:36.845 +02:00 [WRN] TreeRoutine.Routine.BuildYourOwnRoutine.BuildYourOwnRoutineSettings:System.Numerics.Vector2:LastSettingSize <0, 0> is not a supported settings element. This is probably a bug in the plugin.
2025-06-16 13:13:36.911 +02:00 [WRN] TreeRoutine.Routine.BasicFlaskRoutine.BasicFlaskRoutineSettings:TreeRoutine.Routine.BasicFlaskRoutine.Flask.FlaskSetting[]:FlaskSettings TreeRoutine.Routine.BasicFlaskRoutine.Flask.FlaskSetting[] is not a supported settings element. This is probably a bug in the plugin.
2025-06-16 13:13:37.425 +02:00 [WRN] FullRareSetManager.FullRareSetManagerSettings:System.Int32:SetsAmountStatistics 0 is not a supported settings element. This is probably a bug in the plugin.
2025-06-16 13:13:37.743 +02:00 [WRN] MinimapIcons.MapIconsSettings:System.Single:SizeDefaultIcon 16 is not a supported settings element. This is probably a bug in the plugin.
2025-06-16 13:13:38.243 +02:00 [WRN] PickIt.PickItSettings:System.String:NormalRuleFile  is not a supported settings element. This is probably a bug in the plugin.
2025-06-16 13:13:38.243 +02:00 [WRN] PickIt.PickItSettings:System.String:MagicRuleFile  is not a supported settings element. This is probably a bug in the plugin.
2025-06-16 13:13:38.244 +02:00 [WRN] PickIt.PickItSettings:System.String:RareRuleFile  is not a supported settings element. This is probably a bug in the plugin.
2025-06-16 13:13:38.244 +02:00 [WRN] PickIt.PickItSettings:System.String:UniqueRuleFile  is not a supported settings element. This is probably a bug in the plugin.
2025-06-16 13:13:38.244 +02:00 [WRN] PickIt.PickItSettings:System.String:WeightRuleFile  is not a supported settings element. This is probably a bug in the plugin.
2025-06-16 13:13:38.244 +02:00 [WRN] PickIt.PickItSettings:System.String:IgnoreRuleFile  is not a supported settings element. This is probably a bug in the plugin.
2025-06-16 13:13:38.244 +02:00 [WRN] PickIt.PickItSettings:System.Numerics.Vector2:InventorySlotsVector2 <0, 0> is not a supported settings element. This is probably a bug in the plugin.
2025-06-16 13:13:38.244 +02:00 [WRN] PickIt.PickItSettings:PickIt.PickItSettings+FRSMOverrides:FullRareSetManagerPickupOverrides PickIt.PickItSettings+FRSMOverrides is not a supported settings element. This is probably a bug in the plugin.
2025-06-16 13:13:38.693 +02:00 [WRN] Stashie.StashieSettings:System.Int32[,]:IgnoredCells System.Int32[,] is not a supported settings element. This is probably a bug in the plugin.
2025-06-16 23:08:52.724 +02:00 [WRN] TreeRoutine.Routine.BuildYourOwnRoutine.BuildYourOwnRoutineSettings:TreeRoutine.Routine.BuildYourOwnRoutine.Flask.FlaskSetting[]:FlaskSettings TreeRoutine.Routine.BuildYourOwnRoutine.Flask.FlaskSetting[] is not a supported settings element. This is probably a bug in the plugin.
2025-06-16 23:08:52.727 +02:00 [WRN] TreeRoutine.Routine.BuildYourOwnRoutine.BuildYourOwnRoutineSettings:System.Numerics.Vector2:LastSettingPos <0, 0> is not a supported settings element. This is probably a bug in the plugin.
2025-06-16 23:08:52.727 +02:00 [WRN] TreeRoutine.Routine.BuildYourOwnRoutine.BuildYourOwnRoutineSettings:System.Numerics.Vector2:LastSettingSize <0, 0> is not a supported settings element. This is probably a bug in the plugin.
2025-06-16 23:08:52.769 +02:00 [WRN] TreeRoutine.Routine.BasicFlaskRoutine.BasicFlaskRoutineSettings:TreeRoutine.Routine.BasicFlaskRoutine.Flask.FlaskSetting[]:FlaskSettings TreeRoutine.Routine.BasicFlaskRoutine.Flask.FlaskSetting[] is not a supported settings element. This is probably a bug in the plugin.
2025-06-16 23:08:53.249 +02:00 [WRN] FullRareSetManager.FullRareSetManagerSettings:System.Int32:SetsAmountStatistics 0 is not a supported settings element. This is probably a bug in the plugin.
2025-06-16 23:08:53.549 +02:00 [WRN] MinimapIcons.MapIconsSettings:System.Single:SizeDefaultIcon 16 is not a supported settings element. This is probably a bug in the plugin.
2025-06-16 23:08:54.089 +02:00 [WRN] PickIt.PickItSettings:System.String:NormalRuleFile  is not a supported settings element. This is probably a bug in the plugin.
2025-06-16 23:08:54.089 +02:00 [WRN] PickIt.PickItSettings:System.String:MagicRuleFile  is not a supported settings element. This is probably a bug in the plugin.
2025-06-16 23:08:54.089 +02:00 [WRN] PickIt.PickItSettings:System.String:RareRuleFile  is not a supported settings element. This is probably a bug in the plugin.
2025-06-16 23:08:54.090 +02:00 [WRN] PickIt.PickItSettings:System.String:UniqueRuleFile  is not a supported settings element. This is probably a bug in the plugin.
2025-06-16 23:08:54.090 +02:00 [WRN] PickIt.PickItSettings:System.String:WeightRuleFile  is not a supported settings element. This is probably a bug in the plugin.
2025-06-16 23:08:54.090 +02:00 [WRN] PickIt.PickItSettings:System.String:IgnoreRuleFile  is not a supported settings element. This is probably a bug in the plugin.
2025-06-16 23:08:54.090 +02:00 [WRN] PickIt.PickItSettings:System.Numerics.Vector2:InventorySlotsVector2 <0, 0> is not a supported settings element. This is probably a bug in the plugin.
2025-06-16 23:08:54.090 +02:00 [WRN] PickIt.PickItSettings:PickIt.PickItSettings+FRSMOverrides:FullRareSetManagerPickupOverrides PickIt.PickItSettings+FRSMOverrides is not a supported settings element. This is probably a bug in the plugin.
2025-06-16 23:08:54.527 +02:00 [WRN] Stashie.StashieSettings:System.Int32[,]:IgnoredCells System.Int32[,] is not a supported settings element. This is probably a bug in the plugin.
2025-06-16 23:09:55.927 +02:00 [WRN] TreeRoutine.Routine.BuildYourOwnRoutine.BuildYourOwnRoutineSettings:TreeRoutine.Routine.BuildYourOwnRoutine.Flask.FlaskSetting[]:FlaskSettings TreeRoutine.Routine.BuildYourOwnRoutine.Flask.FlaskSetting[] is not a supported settings element. This is probably a bug in the plugin.
2025-06-16 23:09:55.930 +02:00 [WRN] TreeRoutine.Routine.BuildYourOwnRoutine.BuildYourOwnRoutineSettings:System.Numerics.Vector2:LastSettingPos <0, 0> is not a supported settings element. This is probably a bug in the plugin.
2025-06-16 23:09:55.930 +02:00 [WRN] TreeRoutine.Routine.BuildYourOwnRoutine.BuildYourOwnRoutineSettings:System.Numerics.Vector2:LastSettingSize <0, 0> is not a supported settings element. This is probably a bug in the plugin.
2025-06-16 23:09:55.942 +02:00 [WRN] TreeRoutine.Routine.BasicFlaskRoutine.BasicFlaskRoutineSettings:TreeRoutine.Routine.BasicFlaskRoutine.Flask.FlaskSetting[]:FlaskSettings TreeRoutine.Routine.BasicFlaskRoutine.Flask.FlaskSetting[] is not a supported settings element. This is probably a bug in the plugin.
2025-06-16 23:09:55.981 +02:00 [WRN] FullRareSetManager.FullRareSetManagerSettings:System.Int32:SetsAmountStatistics 0 is not a supported settings element. This is probably a bug in the plugin.
2025-06-16 23:09:56.033 +02:00 [WRN] MinimapIcons.MapIconsSettings:System.Single:SizeDefaultIcon 16 is not a supported settings element. This is probably a bug in the plugin.
2025-06-16 23:09:56.506 +02:00 [WRN] PickIt.PickItSettings:System.String:NormalRuleFile  is not a supported settings element. This is probably a bug in the plugin.
2025-06-16 23:09:56.506 +02:00 [WRN] PickIt.PickItSettings:System.String:MagicRuleFile  is not a supported settings element. This is probably a bug in the plugin.
2025-06-16 23:09:56.506 +02:00 [WRN] PickIt.PickItSettings:System.String:RareRuleFile  is not a supported settings element. This is probably a bug in the plugin.
2025-06-16 23:09:56.506 +02:00 [WRN] PickIt.PickItSettings:System.String:UniqueRuleFile  is not a supported settings element. This is probably a bug in the plugin.
2025-06-16 23:09:56.506 +02:00 [WRN] PickIt.PickItSettings:System.String:WeightRuleFile  is not a supported settings element. This is probably a bug in the plugin.
2025-06-16 23:09:56.506 +02:00 [WRN] PickIt.PickItSettings:System.String:IgnoreRuleFile  is not a supported settings element. This is probably a bug in the plugin.
2025-06-16 23:09:56.506 +02:00 [WRN] PickIt.PickItSettings:System.Numerics.Vector2:InventorySlotsVector2 <0, 0> is not a supported settings element. This is probably a bug in the plugin.
2025-06-16 23:09:56.507 +02:00 [WRN] PickIt.PickItSettings:PickIt.PickItSettings+FRSMOverrides:FullRareSetManagerPickupOverrides PickIt.PickItSettings+FRSMOverrides is not a supported settings element. This is probably a bug in the plugin.
2025-06-16 23:09:56.636 +02:00 [WRN] Stashie.StashieSettings:System.Int32[,]:IgnoredCells System.Int32[,] is not a supported settings element. This is probably a bug in the plugin.
